Archive member included to satisfy reference by file (symbol)

../lib-c/lib_gd32/libc.a(time.o)
                              build_gd32/firmware/main.o (time)
../lib-c/lib_gd32/libc.a(assert.o)
                              ../lib-c/lib_gd32/libc.a(time.o) (__assert_func)
../lib-c/lib_gd32/libc.a(printf.o)
                              ../lib-c/lib_gd32/libc.a(assert.o) (printf)
/Users/arjanvanvught/Library/xPacks/@xpack-dev-tools/arm-none-eabi-gcc/11.3.1-1.1.2/.content/bin/../lib/gcc/arm-none-eabi/11.3.1/thumb/v7-m/nofp/libgcc.a(_arm_mulsf3.o)
                              ../lib-c/lib_gd32/libc.a(printf.o) (__aeabi_fmul)
/Users/arjanvanvught/Library/xPacks/@xpack-dev-tools/arm-none-eabi-gcc/11.3.1-1.1.2/.content/bin/../lib/gcc/arm-none-eabi/11.3.1/thumb/v7-m/nofp/libgcc.a(_arm_truncdfsf2.o)
                              ../lib-c/lib_gd32/libc.a(printf.o) (__aeabi_d2f)
/Users/arjanvanvught/Library/xPacks/@xpack-dev-tools/arm-none-eabi-gcc/11.3.1-1.1.2/.content/bin/../lib/gcc/arm-none-eabi/11.3.1/thumb/v7-m/nofp/libgcc.a(_arm_addsubsf3.o)
                              ../lib-c/lib_gd32/libc.a(printf.o) (__aeabi_fsub)
/Users/arjanvanvught/Library/xPacks/@xpack-dev-tools/arm-none-eabi-gcc/11.3.1-1.1.2/.content/bin/../lib/gcc/arm-none-eabi/11.3.1/thumb/v7-m/nofp/libgcc.a(_arm_cmpsf2.o)
                              ../lib-c/lib_gd32/libc.a(printf.o) (__aeabi_fcmplt)
/Users/arjanvanvught/Library/xPacks/@xpack-dev-tools/arm-none-eabi-gcc/11.3.1-1.1.2/.content/bin/../lib/gcc/arm-none-eabi/11.3.1/thumb/v7-m/nofp/libgcc.a(_arm_fixsfsi.o)
                              ../lib-c/lib_gd32/libc.a(printf.o) (__aeabi_f2iz)
/Users/arjanvanvught/Library/xPacks/@xpack-dev-tools/arm-none-eabi-gcc/11.3.1-1.1.2/.content/bin/../lib/gcc/arm-none-eabi/11.3.1/thumb/v7-m/nofp/libgcc.a(_aeabi_uldivmod.o)
                              ../lib-c/lib_gd32/libc.a(time.o) (__aeabi_uldivmod)
/Users/arjanvanvught/Library/xPacks/@xpack-dev-tools/arm-none-eabi-gcc/11.3.1-1.1.2/.content/bin/../lib/gcc/arm-none-eabi/11.3.1/thumb/v7-m/nofp/libgcc.a(_udivmoddi4.o)
                              /Users/arjanvanvught/Library/xPacks/@xpack-dev-tools/arm-none-eabi-gcc/11.3.1-1.1.2/.content/bin/../lib/gcc/arm-none-eabi/11.3.1/thumb/v7-m/nofp/libgcc.a(_aeabi_uldivmod.o) (__udivmoddi4)
/Users/arjanvanvught/Library/xPacks/@xpack-dev-tools/arm-none-eabi-gcc/11.3.1-1.1.2/.content/bin/../lib/gcc/arm-none-eabi/11.3.1/thumb/v7-m/nofp/libgcc.a(_dvmd_tls.o)
                              /Users/arjanvanvught/Library/xPacks/@xpack-dev-tools/arm-none-eabi-gcc/11.3.1-1.1.2/.content/bin/../lib/gcc/arm-none-eabi/11.3.1/thumb/v7-m/nofp/libgcc.a(_aeabi_uldivmod.o) (__aeabi_ldiv0)
../lib-display/lib_gd32/libdisplay.a(display.o)
                              build_gd32/firmware/main.o (Display::Display())
../lib-display/lib_gd32/libdisplay.a(ssd1306.o)
                              ../lib-display/lib_gd32/libdisplay.a(display.o) (Ssd1306::Ssd1306(TOledPanel))
../lib-display/lib_gd32/libdisplay.a(display_timeout.o)
                              ../lib-display/lib_gd32/libdisplay.a(display.o) (display::timeout::gpio_init())
../lib-hal/lib_gd32/libhal.a(console_uart0.o)
                              ../lib-c/lib_gd32/libc.a(printf.o) (console_putc)
../lib-hal/lib_gd32/libhal.a(hardware.o)
                              build_gd32/firmware/main.o (Hardware::Hardware())
../lib-hal/lib_gd32/libhal.a(i2cdetect.o)
                              ../lib-hal/lib_gd32/libhal.a(hardware.o) (I2cDetect::I2cDetect())
../lib-hal/lib_gd32/libhal.a(ledblink.o)
                              ../lib-hal/lib_gd32/libhal.a(hardware.o) (LedBlink::s_pThis)
../lib-c++/lib_gd32/libc++.a(delete.o)
                              ../lib-display/lib_gd32/libdisplay.a(ssd1306.o) (operator delete(void*))
../lib-c++/lib_gd32/libc++.a(new.o)
                              ../lib-display/lib_gd32/libdisplay.a(display.o) (operator new(unsigned int))
../lib-c/lib_gd32/libc.a(malloc.o)
                              ../lib-c++/lib_gd32/libc++.a(new.o) (malloc)
../lib-c/lib_gd32/libc.a(puts.o)
                              ../lib-display/lib_gd32/libdisplay.a(display.o) (puts)
../lib-c/lib_gd32/libc.a(time.o)
                              ../lib-hal/lib_gd32/libhal.a(hardware.o) (localtime)
../lib-gd32/lib_gd32/libgd32.a(gd32_uart0.o)
                              ../lib-hal/lib_gd32/libhal.a(console_uart0.o) (uart0_init)
../lib-gd32/lib_gd32/libgd32.a(systick.o)
                              ../lib-hal/lib_gd32/libhal.a(hardware.o) (systick_config)
../lib-gd32/lib_gd32/libgd32.a(system_gd32f10x.o)
                              build_gd32/startup_gd32f10x_cl.o (SystemInit)
../lib-gd32/lib_gd32/libgd32.a(gd32f10x_bkp.o)
                              ../lib-hal/lib_gd32/libhal.a(hardware.o) (bkp_data_write)
../lib-gd32/lib_gd32/libgd32.a(gd32f10x_fwdgt.o)
                              ../lib-hal/lib_gd32/libhal.a(hardware.o) (fwdgt_enable)
../lib-gd32/lib_gd32/libgd32.a(gd32f10x_gpio.o)
[...]
Memory Configuration

Name             Origin             Length             Attributes
FLASH            0x0000000008007000 0x0000000000012800 xr
RAM              0x0000000020000000 0x0000000000018000 xrw
*default*        0x0000000000000000 0xffffffffffffffff

Linker script and memory map

LOAD build_gd32/startup_gd32f10x_cl.o
LOAD build_gd32/firmware/main.o
                0x0000000000000800                __heap_size = DEFINED (__heap_size)?__heap_size:0x800
                0x0000000000002000                __stack_size = DEFINED (__stack_size)?__stack_size:0x2000

.vectors        0x0000000008007000      0x150
                0x0000000008007000                . = ALIGN (0x4)
 *(.vectors)
 .vectors       0x0000000008007000      0x150 build_gd32/startup_gd32f10x_cl.o
                0x0000000008007000                __gVectors
                0x0000000008007150                . = ALIGN (0x4)
                0x0000000008007150                __Vectors_End = .
                0x0000000008007150                __Vectors_Size = (__Vectors_End - __gVectors)

.text           0x0000000008007150     0x2b00
                0x0000000008007150                . = ALIGN (0x4)
 *(.text.unlikely*)
 .text.unlikely.console_init
                0x0000000008007150       0x20 ../lib-hal/lib_gd32/libhal.a(console_uart0.o)
                0x0000000008007150                console_init
 *(.text.hot*)
 *(.text)
 .text          0x0000000008007170      0x168 /Users/arjanvanvught/Library/xPacks/@xpack-dev-tools/arm-none-eabi-gcc/11.3.1-1.1.2/.content/bin/../lib/gcc/arm-none-eabi/11.3.1/thumb/v7-m/nofp/libgcc.a(_arm_mulsf3.o)
                0x0000000008007170                __mulsf3
                0x0000000008007170                __aeabi_fmul
 .text          0x00000000080072d8       0xa0 /Users/arjanvanvught/Library/xPacks/@xpack-dev-tools/arm-none-eabi-gcc/11.3.1-1.1.2/.content/bin/../lib/gcc/arm-none-eabi/11.3.1/thumb/v7-m/nofp/libgcc.a(_arm_truncdfsf2.o)
                0x00000000080072d8                __aeabi_d2f
                0x00000000080072d8                __truncdfsf2
 .text          0x0000000008007378      0x21c /Users/arjanvanvught/Library/xPacks/@xpack-dev-tools/arm-none-eabi-gcc/11.3.1-1.1.2/.content/bin/../lib/gcc/arm-none-eabi/11.3.1/thumb/v7-m/nofp/libgcc.a(_arm_addsubsf3.o)
                0x0000000008007378                __aeabi_frsub
                0x0000000008007380                __aeabi_fsub
                0x0000000008007380                __subsf3
                0x0000000008007384                __aeabi_fadd
                0x0000000008007384                __addsf3
                0x00000000080074e4                __aeabi_ui2f
                0x00000000080074e4                __floatunsisf
                0x00000000080074ec                __floatsisf
                0x00000000080074ec                __aeabi_i2f
                0x0000000008007508                __aeabi_ul2f
                0x0000000008007508                __floatundisf
                0x0000000008007518                __aeabi_l2f
                0x0000000008007518                __floatdisf
 .text          0x0000000008007594       0xec /Users/arjanvanvught/Library/xPacks/@xpack-dev-tools/arm-none-eabi-gcc/11.3.1-1.1.2/.content/bin/../lib/gcc/arm-none-eabi/11.3.1/thumb/v7-m/nofp/libgcc.a(_arm_cmpsf2.o)
                0x0000000008007594                __gesf2
                0x0000000008007594                __gtsf2
                0x000000000800759c                __ltsf2
                0x000000000800759c                __lesf2
                0x00000000080075a4                __nesf2
                0x00000000080075a4                __eqsf2
                0x00000000080075a4                __cmpsf2
                0x0000000008007604                __aeabi_cfrcmple
                0x000000000800760c                __aeabi_cfcmpeq
                0x000000000800760c                __aeabi_cfcmple
                0x000000000800761c                __aeabi_fcmpeq
                0x0000000008007630                __aeabi_fcmplt
                0x0000000008007644                __aeabi_fcmple
                0x0000000008007658                __aeabi_fcmpge
                0x000000000800766c                __aeabi_fcmpgt
 .text          0x0000000008007680       0x4c /Users/arjanvanvught/Library/xPacks/@xpack-dev-tools/arm-none-eabi-gcc/11.3.1-1.1.2/.content/bin/../lib/gcc/arm-none-eabi/11.3.1/thumb/v7-m/nofp/libgcc.a(_arm_fixsfsi.o)
                0x0000000008007680                __fixsfsi
                0x0000000008007680                __aeabi_f2iz
 .text          0x00000000080076cc       0x30 /Users/arjanvanvught/Library/xPacks/@xpack-dev-tools/arm-none-eabi-gcc/11.3.1-1.1.2/.content/bin/../lib/gcc/arm-none-eabi/11.3.1/thumb/v7-m/nofp/libgcc.a(_aeabi_uldivmod.o)
                0x00000000080076cc                __aeabi_uldivmod
 .text          0x00000000080076fc        0x4 /Users/arjanvanvught/Library/xPacks/@xpack-dev-tools/arm-none-eabi-gcc/11.3.1-1.1.2/.content/bin/../lib/gcc/arm-none-eabi/11.3.1/thumb/v7-m/nofp/libgcc.a(_dvmd_tls.o)
                0x00000000080076fc                __aeabi_ldiv0
                0x00000000080076fc                __aeabi_idiv0
 *(.text*)
 .text.Reset_Handler
                0x0000000008007700       0x4c build_gd32/startup_gd32f10x_cl.o
                0x0000000008007700                Reset_Handler
 .text.Default_Handler
                0x000000000800774c        0x2 build_gd32/startup_gd32f10x_cl.o
                0x000000000800774c                ENET_IRQHandler
                0x000000000800774c                EXTI2_IRQHandler
                0x000000000800774c                TIMER2_IRQHandler
                0x000000000800774c                TIMER5_IRQHandler
                0x000000000800774c                DebugMon_Handler
                0x000000000800774c                LVD_IRQHandler
                0x000000000800774c                CAN1_EWMC_IRQHandler
                0x000000000800774c                TIMER0_BRK_IRQHandler
                0x000000000800774c                HardFault_Handler
                0x000000000800774c                ADC0_1_IRQHandler
                0x000000000800774c                TIMER0_UP_IRQHandler
                0x000000000800774c                PendSV_Handler
                0x000000000800774c                NMI_Handler
                0x000000000800774c                EXTI3_IRQHandler
                0x000000000800774c                USBFS_WKUP_IRQHandler
                0x000000000800774c                USBFS_IRQHandler
                0x000000000800774c                TIMER3_IRQHandler
                0x000000000800774c                DMA0_Channel6_IRQHandler
                0x000000000800774c                I2C0_EV_IRQHandler
                0x000000000800774c                EXTI0_IRQHandler
                0x000000000800774c                CAN1_RX0_IRQHandler
                0x000000000800774c                UsageFault_Handler
                0x000000000800774c                TIMER4_IRQHandler
                0x000000000800774c                SPI1_IRQHandler
                0x000000000800774c                DMA0_Channel0_IRQHandler
                0x000000000800774c                TAMPER_IRQHandler
                0x000000000800774c                DMA1_Channel0_IRQHandler
                0x000000000800774c                TIMER6_IRQHandler
                0x000000000800774c                DMA1_Channel4_IRQHandler
                0x000000000800774c                DMA0_Channel3_IRQHandler
                0x000000000800774c                I2C0_ER_IRQHandler
                0x000000000800774c                RTC_IRQHandler
                0x000000000800774c                TIMER7_UP_IRQHandler
                0x000000000800774c                CAN1_RX1_IRQHandler
                0x000000000800774c                DMA0_Channel2_IRQHandler
                0x000000000800774c                USART0_IRQHandler
                0x000000000800774c                TIMER1_IRQHandler
                0x000000000800774c                TIMER7_TRG_CMT_IRQHandler
                0x000000000800774c                TIMER0_TRG_CMT_IRQHandler
                0x000000000800774c                I2C1_EV_IRQHandler
                0x000000000800774c                UART4_IRQHandler
                0x000000000800774c                EXTI10_15_IRQHandler
                0x000000000800774c                DMA1_Channel1_IRQHandler
                0x000000000800774c                Default_Handler
                0x000000000800774c                CAN0_TX_IRQHandler
                0x000000000800774c                WWDGT_IRQHandler
                0x000000000800774c                EXMC_IRQHandler
                0x000000000800774c                SPI2_IRQHandler
                0x000000000800774c                MemManage_Handler
                0x000000000800774c                CAN1_TX_IRQHandler
                0x000000000800774c                SVC_Handler
                0x000000000800774c                TIMER7_BRK_IRQHandler
                0x000000000800774c                EXTI4_IRQHandler
                0x000000000800774c                CAN0_RX1_IRQHandler
                0x000000000800774c                DMA0_Channel5_IRQHandler
                0x000000000800774c                DMA1_Channel3_IRQHandler
                0x000000000800774c                EXTI5_9_IRQHandler
                0x000000000800774c                RCU_IRQHandler
                0x000000000800774c                DMA0_Channel1_IRQHandler
                0x000000000800774c                TIMER0_Channel_IRQHandler
                0x000000000800774c                EXTI1_IRQHandler
                0x000000000800774c                ENET_WKUP_IRQHandler
                0x000000000800774c                SPI0_IRQHandler
                0x000000000800774c                USART2_IRQHandler
                0x000000000800774c                CAN0_EWMC_IRQHandler
                0x000000000800774c                CAN0_RX0_IRQHandler
                0x000000000800774c                DMA1_Channel2_IRQHandler
                0x000000000800774c                BusFault_Handler
                0x000000000800774c                USART1_IRQHandler
                0x000000000800774c                UART3_IRQHandler
                0x000000000800774c                I2C1_ER_IRQHandler
                0x000000000800774c                FMC_IRQHandler
                0x000000000800774c                DMA0_Channel4_IRQHandler
                0x000000000800774c                RTC_Alarm_IRQHandler
 *fill*         0x000000000800774e        0x2 
 .text.startup.main
                0x0000000008007750      0x178 build_gd32/firmware/main.o
                0x0000000008007750                main
 .text.gettimeofday
                0x00000000080078c8       0x70 ../lib-c/lib_gd32/libc.a(time.o)
                0x00000000080078c8                gettimeofday
 .text.settimeofday
                0x0000000008007938       0x4c ../lib-c/lib_gd32/libc.a(time.o)
                0x0000000008007938                settimeofday
 .text.time     0x0000000008007984       0x16 ../lib-c/lib_gd32/libc.a(time.o)
                0x0000000008007984                time
 *fill*         0x000000000800799a        0x2 
 .text.__assert_func
                0x000000000800799c       0x2c ../lib-c/lib_gd32/libc.a(assert.o)
                0x000000000800799c                __assert_func
 .text._itostr  0x00000000080079c8       0x74 ../lib-c/lib_gd32/libc.a(printf.o)
 .text._xputch  0x0000000008007a3c       0x2c ../lib-c/lib_gd32/libc.a(printf.o)
 .text._format_int
                0x0000000008007a68       0xd4 ../lib-c/lib_gd32/libc.a(printf.o)
 .text._format_hex
                0x0000000008007b3c       0xba ../lib-c/lib_gd32/libc.a(printf.o)
 *fill*         0x0000000008007bf6        0x2 
 .text._vprintf
                0x0000000008007bf8      0x3c8 ../lib-c/lib_gd32/libc.a(printf.o)
 .text.printf   0x0000000008007fc0       0x1e ../lib-c/lib_gd32/libc.a(printf.o)
                0x0000000008007fc0                printf
 *fill*         0x0000000008007fde        0x2 
 .text.__udivmoddi4
                0x0000000008007fe0      0x2cc /Users/arjanvanvught/Library/xPacks/@xpack-dev-tools/arm-none-eabi-gcc/11.3.1-1.1.2/.content/bin/../lib/gcc/arm-none-eabi/11.3.1/thumb/v7-m/nofp/libgcc.a(_udivmoddi4.o)
                0x0000000008007fe0                __udivmoddi4
 .text._ZN7Display9PrintInfoEv.isra.0
                0x00000000080082ac       0x14 ../lib-display/lib_gd32/libdisplay.a(display.o)
 .text._ZN7HAL_I2C13WriteRegisterEht
                0x00000000080082c0       0x2a ../lib-display/lib_gd32/libdisplay.a(display.o)
                0x00000000080082c0                HAL_I2C::WriteRegister(unsigned char, unsigned short)
 .text._ZN7HAL_I2C12IsConnected_Ehj
                0x00000000080082ea       0x3c ../lib-display/lib_gd32/libdisplay.a(display.o)
                0x00000000080082ea                HAL_I2C::IsConnected_(unsigned char, unsigned int)
 .text._ZN7Display14Detect7SegmentEv
                0x0000000008008326       0x30 ../lib-display/lib_gd32/libdisplay.a(display.o)
                0x0000000008008326                Display::Detect7Segment()
 .text._ZN7Display6DetectEN7display4TypeE
                0x0000000008008356       0x56 ../lib-display/lib_gd32/libdisplay.a(display.o)
                0x0000000008008356                Display::Detect(display::Type)
 .text._ZN7DisplayC2Ev
                0x00000000080083ac       0x54 ../lib-display/lib_gd32/libdisplay.a(display.o)
                0x00000000080083ac                Display::Display()
                0x00000000080083ac                Display::Display()
 .text._ZN7Ssd1306D2Ev
                0x0000000008008400        0x2 ../lib-display/lib_gd32/libdisplay.a(ssd1306.o)
                0x0000000008008400                Ssd1306::~Ssd1306()
                0x0000000008008400                Ssd1306::~Ssd1306()
 .text._ZN7Ssd13069SetCursorEj
                0x0000000008008402        0x2 ../lib-display/lib_gd32/libdisplay.a(ssd1306.o)
                0x0000000008008402                Ssd1306::SetCursor(unsigned int)
 .text._ZN7Ssd13069PrintInfoEv
                0x0000000008008404       0x28 ../lib-display/lib_gd32/libdisplay.a(ssd1306.o)
                0x0000000008008404                Ssd1306::PrintInfo()
 .text._ZN7Ssd1306D0Ev
                0x000000000800842c        0xc ../lib-display/lib_gd32/libdisplay.a(ssd1306.o)
                0x000000000800842c                Ssd1306::~Ssd1306()
 .text._ZN7HAL_I2C5SetupEv
                0x0000000008008438       0x14 ../lib-display/lib_gd32/libdisplay.a(ssd1306.o)
                0x0000000008008438                HAL_I2C::Setup()
 .text._ZN7Ssd13067PutCharEi
                0x000000000800844c       0x28 ../lib-display/lib_gd32/libdisplay.a(ssd1306.o)
                0x000000000800844c                Ssd1306::PutChar(int)
 .text._ZN7Ssd13069PutStringEPKc
                0x0000000008008474       0x16 ../lib-display/lib_gd32/libdisplay.a(ssd1306.o)
                0x0000000008008474                Ssd1306::PutString(char const*)
 .text._ZN7Ssd13064TextEPKcj
                0x000000000800848a       0x22 ../lib-display/lib_gd32/libdisplay.a(ssd1306.o)
                0x000000000800848a                Ssd1306::Text(char const*, unsigned int)
 .text._ZN7Ssd130611InitMembersEv
                0x00000000080084ac       0x22 ../lib-display/lib_gd32/libdisplay.a(ssd1306.o)
                0x00000000080084ac                Ssd1306::InitMembers()
 *fill*         0x00000000080084ce        0x2 
 .text._ZN7Ssd1306C2E10TOledPanel
                0x00000000080084d0       0x30 ../lib-display/lib_gd32/libdisplay.a(ssd1306.o)
                0x00000000080084d0                Ssd1306::Ssd1306(TOledPanel)
                0x00000000080084d0                Ssd1306::Ssd1306(TOledPanel)
 .text._ZN7Ssd130611SendCommandEh
                0x0000000008008500       0x20 ../lib-display/lib_gd32/libdisplay.a(ssd1306.o)
                0x0000000008008500                Ssd1306::SendCommand(unsigned char)
 .text._ZN7Ssd130612SetCursorPosEhh
                0x0000000008008520       0x46 ../lib-display/lib_gd32/libdisplay.a(ssd1306.o)
                0x0000000008008520                Ssd1306::SetCursorPos(unsigned char, unsigned char)
 .text._ZN7Ssd13068TextLineEhPKcj
                0x0000000008008566       0x28 ../lib-display/lib_gd32/libdisplay.a(ssd1306.o)
                0x0000000008008566                Ssd1306::TextLine(unsigned char, char const*, unsigned int)
 *fill*         0x000000000800858e        0x2 
 .text._ZN7Ssd13069ClearLineEh
                0x0000000008008590       0x3c ../lib-display/lib_gd32/libdisplay.a(ssd1306.o)
                0x0000000008008590                Ssd1306::ClearLine(unsigned char)
 .text._ZN7Ssd13068SetSleepEb
                0x00000000080085cc        0xc ../lib-display/lib_gd32/libdisplay.a(ssd1306.o)
                0x00000000080085cc                Ssd1306::SetSleep(bool)
 .text._ZN7Ssd130611SetContrastEh
                0x00000000080085d8       0x1a ../lib-display/lib_gd32/libdisplay.a(ssd1306.o)
                0x00000000080085d8                Ssd1306::SetContrast(unsigned char)
 .text._ZN7Ssd130617SetFlipVerticallyEb
                0x00000000080085f2       0x24 ../lib-display/lib_gd32/libdisplay.a(ssd1306.o)
                0x00000000080085f2                Ssd1306::SetFlipVertically(bool)
 *fill*         0x0000000008008616        0x2 
 .text._ZN7Ssd130611CheckSH1106Ev
                0x0000000008008618       0xac ../lib-display/lib_gd32/libdisplay.a(ssd1306.o)
                0x0000000008008618                Ssd1306::CheckSH1106()
 .text._ZN7Ssd13063ClsEv
                0x00000000080086c4       0x78 ../lib-display/lib_gd32/libdisplay.a(ssd1306.o)
                0x00000000080086c4                Ssd1306::Cls()
 .text._ZN7Ssd13065StartEv
                0x000000000800873c       0xb4 ../lib-display/lib_gd32/libdisplay.a(ssd1306.o)
                0x000000000800873c                Ssd1306::Start()
 .text._ZN7display7timeout9gpio_initEv
                0x00000000080087f0        0x2 ../lib-display/lib_gd32/libdisplay.a(display_timeout.o)
                0x00000000080087f0                display::timeout::gpio_init()
 .text.console_putc
                0x00000000080087f2        0x4 ../lib-hal/lib_gd32/libhal.a(console_uart0.o)
                0x00000000080087f2                console_putc
 .text.console_puts
                0x00000000080087f6        0x4 ../lib-hal/lib_gd32/libhal.a(console_uart0.o)
                0x00000000080087f6                console_puts
 *fill*         0x00000000080087fa        0x2 
 .text._ZN8HardwareC2Ev
                0x00000000080087fc      0x144 ../lib-hal/lib_gd32/libhal.a(hardware.o)
                0x00000000080087fc                Hardware::Hardware()
                0x00000000080087fc                Hardware::Hardware()
 .text._ZN9I2cDetectC2Ev
                0x0000000008008940       0xb8 ../lib-hal/lib_gd32/libhal.a(i2cdetect.o)
                0x0000000008008940                I2cDetect::I2cDetect()
                0x0000000008008940                I2cDetect::I2cDetect()
 .text._ZdlPv   0x00000000080089f8        0x4 ../lib-c++/lib_gd32/libc++.a(delete.o)
                0x00000000080089f8                operator delete(void*)
 .text._Znwj    0x00000000080089fc        0x4 ../lib-c++/lib_gd32/libc++.a(new.o)
                0x00000000080089fc                operator new(unsigned int)
 .text.malloc   0x0000000008008a00       0xc0 ../lib-c/lib_gd32/libc.a(malloc.o)
                0x0000000008008a00                malloc
 .text.free     0x0000000008008ac0       0x54 ../lib-c/lib_gd32/libc.a(malloc.o)
                0x0000000008008ac0                free
 .text.puts     0x0000000008008b14       0x10 ../lib-c/lib_gd32/libc.a(puts.o)
                0x0000000008008b14                puts
 .text.isleapyear
                0x0000000008008b24       0x2c ../lib-c/lib_gd32/libc.a(time.o)
 .text.getdaysofmonth
                0x0000000008008b50       0x20 ../lib-c/lib_gd32/libc.a(time.o)
 .text.mktime   0x0000000008008b70       0x98 ../lib-c/lib_gd32/libc.a(time.o)
                0x0000000008008b70                mktime
 .text.uart0_init
                0x0000000008008c08       0x20 ../lib-gd32/lib_gd32/libgd32.a(gd32_uart0.o)
                0x0000000008008c08                uart0_init
 .text.uart0_putc
                0x0000000008008c28       0x40 ../lib-gd32/lib_gd32/libgd32.a(gd32_uart0.o)
                0x0000000008008c28                uart0_putc
 .text.uart0_puts
                0x0000000008008c68       0x1e ../lib-gd32/lib_gd32/libgd32.a(gd32_uart0.o)
                0x0000000008008c68                uart0_puts
 *fill*         0x0000000008008c86        0x2 
 .text.systick_config
                0x0000000008008c88       0x3c ../lib-gd32/lib_gd32/libgd32.a(systick.o)
                0x0000000008008c88                systick_config
 .text.SysTick_Handler
                0x0000000008008cc4       0x10 ../lib-gd32/lib_gd32/libgd32.a(systick.o)
                0x0000000008008cc4                SysTick_Handler
 .text.SystemInit
                0x0000000008008cd4       0xf0 ../lib-gd32/lib_gd32/libgd32.a(system_gd32f10x.o)
                0x0000000008008cd4                SystemInit
 .text.bkp_data_write
                0x0000000008008dc4       0x2c ../lib-gd32/lib_gd32/libgd32.a(gd32f10x_bkp.o)
                0x0000000008008dc4                bkp_data_write
 .text.gpio_init
                0x0000000008008df0       0xa8 ../lib-gd32/lib_gd32/libgd32.a(gd32f10x_gpio.o)
                0x0000000008008df0                gpio_init
 .text.gpio_pin_remap_config
                0x0000000008008e98       0x60 ../lib-gd32/lib_gd32/libgd32.a(gd32f10x_gpio.o)
                0x0000000008008e98                gpio_pin_remap_config
 .text.pmu_backup_write_enable
                0x0000000008008ef8       0x10 ../lib-gd32/lib_gd32/libgd32.a(gd32f10x_pmu.o)
                0x0000000008008ef8                pmu_backup_write_enable
 .text.rcu_periph_clock_enable
                0x0000000008008f08       0x1a ../lib-gd32/lib_gd32/libgd32.a(gd32f10x_rcu.o)
                0x0000000008008f08                rcu_periph_clock_enable
 .text.rcu_periph_clock_disable
                0x0000000008008f22       0x1c ../lib-gd32/lib_gd32/libgd32.a(gd32f10x_rcu.o)
                0x0000000008008f22                rcu_periph_clock_disable
 .text.rcu_periph_reset_enable
                0x0000000008008f3e        0x4 ../lib-gd32/lib_gd32/libgd32.a(gd32f10x_rcu.o)
                0x0000000008008f3e                rcu_periph_reset_enable
 .text.rcu_periph_reset_disable
                0x0000000008008f42        0x4 ../lib-gd32/lib_gd32/libgd32.a(gd32f10x_rcu.o)
                0x0000000008008f42                rcu_periph_reset_disable
 *fill*         0x0000000008008f46        0x2 
 .text.rcu_adc_clock_config
                0x0000000008008f48       0x3c ../lib-gd32/lib_gd32/libgd32.a(gd32f10x_rcu.o)
                0x0000000008008f48                rcu_adc_clock_config
 .text.rcu_clock_freq_get
                0x0000000008008f84      0x110 ../lib-gd32/lib_gd32/libgd32.a(gd32f10x_rcu.o)
                0x0000000008008f84                rcu_clock_freq_get
 .text.timer_deinit
                0x0000000008009094       0xc4 ../lib-gd32/lib_gd32/libgd32.a(gd32f10x_timer.o)
                0x0000000008009094                timer_deinit
 .text.timer_init
                0x0000000008009158       0xb0 ../lib-gd32/lib_gd32/libgd32.a(gd32f10x_timer.o)
                0x0000000008009158                timer_init
 .text.timer_enable
                0x0000000008009208        0xa ../lib-gd32/lib_gd32/libgd32.a(gd32f10x_timer.o)
                0x0000000008009208                timer_enable
 *fill*         0x0000000008009212        0x2 
 .text.usart_deinit
                0x0000000008009214       0x80 ../lib-gd32/lib_gd32/libgd32.a(gd32f10x_usart.o)
                0x0000000008009214                usart_deinit
 .text.usart_baudrate_set
                0x0000000008009294       0x50 ../lib-gd32/lib_gd32/libgd32.a(gd32f10x_usart.o)
                0x0000000008009294                usart_baudrate_set
 .text.usart_parity_config
                0x00000000080092e4       0x10 ../lib-gd32/lib_gd32/libgd32.a(gd32f10x_usart.o)
                0x00000000080092e4                usart_parity_config
 .text.usart_word_length_set
                0x00000000080092f4       0x10 ../lib-gd32/lib_gd32/libgd32.a(gd32f10x_usart.o)
                0x00000000080092f4                usart_word_length_set
 .text.usart_stop_bit_set
                0x0000000008009304       0x10 ../lib-gd32/lib_gd32/libgd32.a(gd32f10x_usart.o)
                0x0000000008009304                usart_stop_bit_set
 .text.usart_transmit_config
                0x0000000008009314        0xc ../lib-gd32/lib_gd32/libgd32.a(gd32f10x_usart.o)
                0x0000000008009314                usart_transmit_config
 .text.usart_receive_config
                0x0000000008009320        0xc ../lib-gd32/lib_gd32/libgd32.a(gd32f10x_usart.o)
                0x0000000008009320                usart_receive_config
 .text.usart_hardware_flow_rts_config
                0x000000000800932c        0xc ../lib-gd32/lib_gd32/libgd32.a(gd32f10x_usart.o)
                0x000000000800932c                usart_hardware_flow_rts_config
 .text.usart_hardware_flow_cts_config
                0x0000000008009338        0xc ../lib-gd32/lib_gd32/libgd32.a(gd32f10x_usart.o)
                0x0000000008009338                usart_hardware_flow_cts_config
 .text.usart_flag_get
                0x0000000008009344       0x16 ../lib-gd32/lib_gd32/libgd32.a(gd32f10x_usart.o)
                0x0000000008009344                usart_flag_get
 *fill*         0x000000000800935a        0x2 
 .text._Z13gd32_adc_initv
                0x000000000800935c       0x90 ../lib-gd32/lib_gd32/libgd32.a(gd32_adc.o)
                0x000000000800935c                gd32_adc_init()
 .text._ZL5_stopv.isra.0
                0x00000000080093ec       0x24 ../lib-gd32/lib_gd32/libgd32.a(gd32_i2c.o)
 .text.gd32_i2c_begin
                0x0000000008009410       0x68 ../lib-gd32/lib_gd32/libgd32.a(gd32_i2c.o)
                0x0000000008009410                gd32_i2c_begin
 .text.gd32_i2c_set_baudrate
                0x0000000008009478       0x10 ../lib-gd32/lib_gd32/libgd32.a(gd32_i2c.o)
                0x0000000008009478                gd32_i2c_set_baudrate
 .text.gd32_i2c_set_address
                0x0000000008009488        0xc ../lib-gd32/lib_gd32/libgd32.a(gd32_i2c.o)
                0x0000000008009488                gd32_i2c_set_address
 .text.gd32_i2c_write
                0x0000000008009494       0xcc ../lib-gd32/lib_gd32/libgd32.a(gd32_i2c.o)
                0x0000000008009494                gd32_i2c_write
 .text.gd32_i2c_read
                0x0000000008009560      0x148 ../lib-gd32/lib_gd32/libgd32.a(gd32_i2c.o)
                0x0000000008009560                gd32_i2c_read
 .text.gd32_uart_begin
                0x00000000080096a8      0x1f4 ../lib-gd32/lib_gd32/libgd32.a(gd32_uart.o)
                0x00000000080096a8                gd32_uart_begin
 .text._Z11micros_initv
                0x000000000800989c        0x2 ../lib-gd32/lib_gd32/libgd32.a(micros.o)
                0x000000000800989c                micros_init()
 *fill*         0x000000000800989e        0x2 
 .text._Z11udelay_initv
                0x00000000080098a0       0x54 ../lib-gd32/lib_gd32/libgd32.a(udelay.o)
                0x00000000080098a0                udelay_init()
 .text._Z6udelayjj
                0x00000000080098f4       0x30 ../lib-gd32/lib_gd32/libgd32.a(udelay.o)
                0x00000000080098f4                udelay(unsigned int, unsigned int)
 .text.adc_mode_config
                0x0000000008009924       0x20 ../lib-gd32/lib_gd32/libgd32.a(gd32f10x_adc.o)
                0x0000000008009924                adc_mode_config
 .text.adc_special_function_config
                0x0000000008009944       0x50 ../lib-gd32/lib_gd32/libgd32.a(gd32f10x_adc.o)
                0x0000000008009944                adc_special_function_config
 .text.adc_data_alignment_config
                0x0000000008009994       0x12 ../lib-gd32/lib_gd32/libgd32.a(gd32f10x_adc.o)
                0x0000000008009994                adc_data_alignment_config
 .text.adc_enable
                0x00000000080099a6       0x10 ../lib-gd32/lib_gd32/libgd32.a(gd32f10x_adc.o)
                0x00000000080099a6                adc_enable
 .text.adc_calibration_enable
                0x00000000080099b6       0x22 ../lib-gd32/lib_gd32/libgd32.a(gd32f10x_adc.o)
                0x00000000080099b6                adc_calibration_enable
 .text.adc_tempsensor_vrefint_enable
                0x00000000080099d8       0x14 ../lib-gd32/lib_gd32/libgd32.a(gd32f10x_adc.o)
                0x00000000080099d8                adc_tempsensor_vrefint_enable
 .text.adc_channel_length_config
                0x00000000080099ec       0x3a ../lib-gd32/lib_gd32/libgd32.a(gd32f10x_adc.o)
                0x00000000080099ec                adc_channel_length_config
 .text.adc_inserted_channel_config
                0x0000000008009a26       0x5c ../lib-gd32/lib_gd32/libgd32.a(gd32f10x_adc.o)
                0x0000000008009a26                adc_inserted_channel_config
 .text.adc_external_trigger_source_config
                0x0000000008009a82       0x22 ../lib-gd32/lib_gd32/libgd32.a(gd32f10x_adc.o)
                0x0000000008009a82                adc_external_trigger_source_config
 .text.adc_external_trigger_config
                0x0000000008009aa4       0x36 ../lib-gd32/lib_gd32/libgd32.a(gd32f10x_adc.o)
                0x0000000008009aa4                adc_external_trigger_config
 .text.adc_software_trigger_enable
                0x0000000008009ada       0x1a ../lib-gd32/lib_gd32/libgd32.a(gd32f10x_adc.o)
                0x0000000008009ada                adc_software_trigger_enable
 .text.i2c_clock_config
                0x0000000008009af4       0xc4 ../lib-gd32/lib_gd32/libgd32.a(gd32f10x_i2c.o)
                0x0000000008009af4                i2c_clock_config
 .text.i2c_ack_config
                0x0000000008009bb8       0x12 ../lib-gd32/lib_gd32/libgd32.a(gd32f10x_i2c.o)
                0x0000000008009bb8                i2c_ack_config
 .text.i2c_ackpos_config
                0x0000000008009bca       0x12 ../lib-gd32/lib_gd32/libgd32.a(gd32f10x_i2c.o)
                0x0000000008009bca                i2c_ackpos_config
 .text.i2c_master_addressing
                0x0000000008009bdc       0x10 ../lib-gd32/lib_gd32/libgd32.a(gd32f10x_i2c.o)
                0x0000000008009bdc                i2c_master_addressing
 .text.i2c_enable
                0x0000000008009bec        0xa ../lib-gd32/lib_gd32/libgd32.a(gd32f10x_i2c.o)
                0x0000000008009bec                i2c_enable
 .text.i2c_start_on_bus
                0x0000000008009bf6        0xa ../lib-gd32/lib_gd32/libgd32.a(gd32f10x_i2c.o)
                0x0000000008009bf6                i2c_start_on_bus
 .text.i2c_stop_on_bus
                0x0000000008009c00        0xa ../lib-gd32/lib_gd32/libgd32.a(gd32f10x_i2c.o)
                0x0000000008009c00                i2c_stop_on_bus
 .text.i2c_data_transmit
                0x0000000008009c0a        0x4 ../lib-gd32/lib_gd32/libgd32.a(gd32f10x_i2c.o)
                0x0000000008009c0a                i2c_data_transmit
 .text.i2c_data_receive
                0x0000000008009c0e        0x6 ../lib-gd32/lib_gd32/libgd32.a(gd32f10x_i2c.o)
                0x0000000008009c0e                i2c_data_receive
 .text.i2c_flag_get
                0x0000000008009c14       0x16 ../lib-gd32/lib_gd32/libgd32.a(gd32f10x_i2c.o)
                0x0000000008009c14                i2c_flag_get
 .text.i2c_flag_clear
                0x0000000008009c2a       0x24 ../lib-gd32/lib_gd32/libgd32.a(gd32f10x_i2c.o)
                0x0000000008009c2a                i2c_flag_clear
 *(.glue_7)
 .glue_7        0x0000000008009c4e        0x0 linker stubs
 *(.glue_7t)
 .glue_7t       0x0000000008009c4e        0x0 linker stubs
 *(.eh_frame)
 *(.init)
 *(.fini)
                0x0000000008009c50                . = ALIGN (0x4)
 *fill*         0x0000000008009c4e        0x2 
                0x0000000008009c50                _etext = .

.vfp11_veneer   0x0000000008009c50        0x0
 .vfp11_veneer  0x0000000008009c50        0x0 linker stubs

.v4_bx          0x0000000008009c50        0x0
 .v4_bx         0x0000000008009c50        0x0 linker stubs

.iplt           0x0000000008009c50        0x0
 .iplt          0x0000000008009c50        0x0 build_gd32/startup_gd32f10x_cl.o

.rodata         0x0000000008009c50      0x6cc
                0x0000000008009c50                . = ALIGN (0x4)
 *(.rodata)
 .rodata        0x0000000008009c50       0x18 ../lib-gd32/lib_gd32/libgd32.a(gd32f10x_rcu.o)
 *(.rodata*)
 .rodata.main.str1.1
                0x0000000008009c68       0x92 build_gd32/firmware/main.o
 .rodata.gettimeofday.str1.1
                0x0000000008009cfa       0x18 ../lib-c/lib_gd32/libc.a(time.o)
 .rodata.__func__.0
                0x0000000008009d12        0xd ../lib-c/lib_gd32/libc.a(time.o)
 .rodata.__func__.1
                0x0000000008009d1f        0xd ../lib-c/lib_gd32/libc.a(time.o)
 .rodata.__assert_func.str1.1
                0x0000000008009d2c       0x3c ../lib-c/lib_gd32/libc.a(assert.o)
                                         0x3d (size before relaxing)
 .rodata._ZN7Display9PrintInfoEv.isra.0.str1.1
                0x0000000008009d68       0x11 ../lib-display/lib_gd32/libdisplay.a(display.o)
 .rodata._ZN7Ssd13069PrintInfoEv.str1.1
                0x0000000008009d79       0x1b ../lib-display/lib_gd32/libdisplay.a(ssd1306.o)
 .rodata._ZN7Ssd130611CheckSH1106Ev.str1.1
                0x0000000008009d94        0x6 ../lib-display/lib_gd32/libdisplay.a(ssd1306.o)
 *fill*         0x0000000008009d9a        0x2 
 .rodata._ZL12_OledFont8x6
                0x0000000008009d9c      0x2a0 ../lib-display/lib_gd32/libdisplay.a(ssd1306.o)
 .rodata._ZL16oled_128x32_init
                0x000000000800a03c       0x18 ../lib-display/lib_gd32/libdisplay.a(ssd1306.o)
 .rodata._ZL16oled_128x64_init
                0x000000000800a054       0x18 ../lib-display/lib_gd32/libdisplay.a(ssd1306.o)
 .rodata._ZTV7Ssd1306
                0x000000000800a06c       0x40 ../lib-display/lib_gd32/libdisplay.a(ssd1306.o)
                0x000000000800a06c                vtable for Ssd1306
 .rodata.console_init.str1.1
                0x000000000800a0ac        0xc ../lib-hal/lib_gd32/libhal.a(console_uart0.o)
 .rodata._ZN8HardwareC2Ev.str1.1
                0x000000000800a0b8       0xa6 ../lib-hal/lib_gd32/libhal.a(hardware.o)
 .rodata._ZN9I2cDetectC2Ev.str1.1
                0x000000000800a15e       0x4a ../lib-hal/lib_gd32/libhal.a(i2cdetect.o)
                                         0x4b (size before relaxing)
 .rodata.get_allocated.str1.1
                0x000000000800a1a8       0x30 ../lib-c/lib_gd32/libc.a(malloc.o)
 .rodata.malloc.str1.1
                0x000000000800a1d8       0x93 ../lib-c/lib_gd32/libc.a(malloc.o)
 .rodata.__func__.2
                0x000000000800a26b        0x5 ../lib-c/lib_gd32/libc.a(malloc.o)
 .rodata.__func__.3
                0x000000000800a270        0x7 ../lib-c/lib_gd32/libc.a(malloc.o)
 *fill*         0x000000000800a277        0x1 
 .rodata.days_of_month
                0x000000000800a278       0x30 ../lib-c/lib_gd32/libc.a(time.o)
 .rodata.gd32_uart_begin.str1.1
                0x000000000800a2a8       0x36 ../lib-gd32/lib_gd32/libgd32.a(gd32_uart.o)
                                         0x38 (size before relaxing)
 .rodata._Z11udelay_initv.str1.1
                0x000000000800a2de       0x3d ../lib-gd32/lib_gd32/libgd32.a(udelay.o)
                0x000000000800a31c                . = ALIGN (0x4)
 *fill*         0x000000000800a31b        0x1 

.ARM.extab
 *(.ARM.extab* .gnu.linkonce.armextab.*)

.ARM            0x000000000800a31c        0x8
                0x000000000800a31c                __exidx_start = .
 *(.ARM.exidx*)
 .ARM.exidx.text.__udivmoddi4
                0x000000000800a31c        0x8 /Users/arjanvanvught/Library/xPacks/@xpack-dev-tools/arm-none-eabi-gcc/11.3.1-1.1.2/.content/bin/../lib/gcc/arm-none-eabi/11.3.1/thumb/v7-m/nofp/libgcc.a(_udivmoddi4.o)
                0x000000000800a324                __exidx_end = .

.rel.dyn        0x000000000800a324        0x0
 .rel.iplt      0x000000000800a324        0x0 build_gd32/startup_gd32f10x_cl.o

.ARM.attributes
                0x000000000800a324       0x2f
 *(.ARM.attributes)
 .ARM.attributes
                0x000000000800a324       0x21 build_gd32/startup_gd32f10x_cl.o
 .ARM.attributes
                0x000000000800a345       0x2d build_gd32/firmware/main.o
 .ARM.attributes
                0x000000000800a372       0x2d ../lib-c/lib_gd32/libc.a(time.o)
 .ARM.attributes
                0x000000000800a39f       0x2d ../lib-c/lib_gd32/libc.a(assert.o)
 .ARM.attributes
                0x000000000800a3cc       0x2d ../lib-c/lib_gd32/libc.a(printf.o)
 .ARM.attributes
                0x000000000800a3f9       0x1d /Users/arjanvanvught/Library/xPacks/@xpack-dev-tools/arm-none-eabi-gcc/11.3.1-1.1.2/.content/bin/../lib/gcc/arm-none-eabi/11.3.1/thumb/v7-m/nofp/libgcc.a(_arm_mulsf3.o)
 .ARM.attributes
                0x000000000800a416       0x1d /Users/arjanvanvught/Library/xPacks/@xpack-dev-tools/arm-none-eabi-gcc/11.3.1-1.1.2/.content/bin/../lib/gcc/arm-none-eabi/11.3.1/thumb/v7-m/nofp/libgcc.a(_arm_truncdfsf2.o)
 .ARM.attributes
                0x000000000800a433       0x1d /Users/arjanvanvught/Library/xPacks/@xpack-dev-tools/arm-none-eabi-gcc/11.3.1-1.1.2/.content/bin/../lib/gcc/arm-none-eabi/11.3.1/thumb/v7-m/nofp/libgcc.a(_arm_addsubsf3.o)
 .ARM.attributes
                0x000000000800a450       0x1d /Users/arjanvanvught/Library/xPacks/@xpack-dev-tools/arm-none-eabi-gcc/11.3.1-1.1.2/.content/bin/../lib/gcc/arm-none-eabi/11.3.1/thumb/v7-m/nofp/libgcc.a(_arm_cmpsf2.o)
 .ARM.attributes
                0x000000000800a46d       0x1d /Users/arjanvanvught/Library/xPacks/@xpack-dev-tools/arm-none-eabi-gcc/11.3.1-1.1.2/.content/bin/../lib/gcc/arm-none-eabi/11.3.1/thumb/v7-m/nofp/libgcc.a(_arm_fixsfsi.o)
 .ARM.attributes
                0x000000000800a48a       0x1d /Users/arjanvanvught/Library/xPacks/@xpack-dev-tools/arm-none-eabi-gcc/11.3.1-1.1.2/.content/bin/../lib/gcc/arm-none-eabi/11.3.1/thumb/v7-m/nofp/libgcc.a(_aeabi_uldivmod.o)
 .ARM.attributes
                0x000000000800a4a7       0x2d /Users/arjanvanvught/Library/xPacks/@xpack-dev-tools/arm-none-eabi-gcc/11.3.1-1.1.2/.content/bin/../lib/gcc/arm-none-eabi/11.3.1/thumb/v7-m/nofp/libgcc.a(_udivmoddi4.o)
 .ARM.attributes
                0x000000000800a4d4       0x1d /Users/arjanvanvught/Library/xPacks/@xpack-dev-tools/arm-none-eabi-gcc/11.3.1-1.1.2/.content/bin/../lib/gcc/arm-none-eabi/11.3.1/thumb/v7-m/nofp/libgcc.a(_dvmd_tls.o)
 .ARM.attributes
                0x000000000800a4f1       0x2d ../lib-display/lib_gd32/libdisplay.a(display.o)
 .ARM.attributes
                0x000000000800a51e       0x2d ../lib-display/lib_gd32/libdisplay.a(ssd1306.o)
 .ARM.attributes
                0x000000000800a54b       0x2d ../lib-display/lib_gd32/libdisplay.a(display_timeout.o)
 .ARM.attributes
                0x000000000800a578       0x2d ../lib-hal/lib_gd32/libhal.a(console_uart0.o)
 .ARM.attributes
                0x000000000800a5a5       0x2d ../lib-hal/lib_gd32/libhal.a(hardware.o)
 .ARM.attributes
                0x000000000800a5d2       0x2d ../lib-hal/lib_gd32/libhal.a(i2cdetect.o)
 .ARM.attributes
                0x000000000800a5ff       0x2d ../lib-c++/lib_gd32/libc++.a(delete.o)
 .ARM.attributes
                0x000000000800a62c       0x2d ../lib-c++/lib_gd32/libc++.a(new.o)
 .ARM.attributes
                0x000000000800a659       0x2d ../lib-c/lib_gd32/libc.a(malloc.o)
 .ARM.attributes
                0x000000000800a686       0x2d ../lib-c/lib_gd32/libc.a(puts.o)
 .ARM.attributes
                0x000000000800a6b3       0x2d ../lib-c/lib_gd32/libc.a(time.o)
 .ARM.attributes
                0x000000000800a6e0       0x2d ../lib-gd32/lib_gd32/libgd32.a(gd32_uart0.o)
 .ARM.attributes
                0x000000000800a70d       0x2d ../lib-gd32/lib_gd32/libgd32.a(systick.o)
 .ARM.attributes
                0x000000000800a73a       0x2d ../lib-gd32/lib_gd32/libgd32.a(system_gd32f10x.o)
 .ARM.attributes
                0x000000000800a767       0x2d ../lib-gd32/lib_gd32/libgd32.a(gd32f10x_bkp.o)
 .ARM.attributes
                0x000000000800a794       0x2d ../lib-gd32/lib_gd32/libgd32.a(gd32f10x_gpio.o)
 .ARM.attributes
                0x000000000800a7c1       0x2d ../lib-gd32/lib_gd32/libgd32.a(gd32f10x_pmu.o)
 .ARM.attributes
                0x000000000800a7ee       0x2d ../lib-gd32/lib_gd32/libgd32.a(gd32f10x_rcu.o)
 .ARM.attributes
                0x000000000800a81b       0x2d ../lib-gd32/lib_gd32/libgd32.a(gd32f10x_timer.o)
 .ARM.attributes
                0x000000000800a848       0x2d ../lib-gd32/lib_gd32/libgd32.a(gd32f10x_usart.o)
 .ARM.attributes
                0x000000000800a875       0x2d ../lib-gd32/lib_gd32/libgd32.a(gd32_adc.o)
 .ARM.attributes
                0x000000000800a8a2       0x2d ../lib-gd32/lib_gd32/libgd32.a(gd32_i2c.o)
 .ARM.attributes
                0x000000000800a8cf       0x2d ../lib-gd32/lib_gd32/libgd32.a(gd32_uart.o)
 .ARM.attributes
                0x000000000800a8fc       0x2d ../lib-gd32/lib_gd32/libgd32.a(micros.o)
 .ARM.attributes
                0x000000000800a929       0x2d ../lib-gd32/lib_gd32/libgd32.a(udelay.o)
 .ARM.attributes
                0x000000000800a956       0x2d ../lib-gd32/lib_gd32/libgd32.a(gd32f10x_adc.o)
 .ARM.attributes
                0x000000000800a983       0x2d ../lib-gd32/lib_gd32/libgd32.a(gd32f10x_i2c.o)

.preinit_array  0x000000000800a324        0x0
                [!provide]                        PROVIDE (__preinit_array_start = .)
 *(.preinit_array*)
                [!provide]                        PROVIDE (__preinit_array_end = .)

.init_array     0x000000000800a324        0x0
                [!provide]                        PROVIDE (__init_array_start = .)
 *(SORT_BY_NAME(.init_array.*))
 *(.init_array*)
                [!provide]                        PROVIDE (__init_array_end = .)

.fini_array     0x000000000800a324        0x0
                [!provide]                        PROVIDE (__fini_array_start = .)
 *(.fini_array*)
 *(SORT_BY_NAME(.fini_array.*))
                [!provide]                        PROVIDE (__fini_array_end = .)
                0x000000000800a324                _sidata = LOADADDR (.data)

.data           0x0000000020000000       0x70 load address 0x000000000800a324
                0x0000000020000000                . = ALIGN (0x4)
                0x0000000020000000                _sdata = .
 *(.data)
 *(.data*)
 .data.next_block
                0x0000000020000000        0x4 ../lib-c/lib_gd32/libc.a(malloc.o)
 .data.s_block_bucket
                0x0000000020000004       0x68 ../lib-c/lib_gd32/libc.a(malloc.o)
 .data.SystemCoreClock
                0x000000002000006c        0x4 ../lib-gd32/lib_gd32/libgd32.a(system_gd32f10x.o)
                0x000000002000006c                SystemCoreClock
                0x0000000020000070                . = ALIGN (0x4)
                0x0000000020000070                _edata = .

.igot.plt       0x0000000020000070        0x0 load address 0x000000000800a394
 .igot.plt      0x0000000020000070        0x0 build_gd32/startup_gd32f10x_cl.o
                0x0000000020000070                . = ALIGN (0x4)

.bss            0x0000000020000070       0xac load address 0x000000000800a394
                0x0000000020000070                _sbss = .
                0x0000000020000070                __bss_start__ = _sbss
 *(.bss)
 *(.bss*)
 .bss.s_micros  0x0000000020000070        0x8 ../lib-c/lib_gd32/libc.a(time.o)
 .bss.set_timer
                0x0000000020000078        0x4 ../lib-c/lib_gd32/libc.a(time.o)
 .bss.outptr    0x000000002000007c        0x4 ../lib-c/lib_gd32/libc.a(printf.o)
 .bss._ZN7Display7s_pThisE
                0x0000000020000080        0x4 ../lib-display/lib_gd32/libdisplay.a(display.o)
                0x0000000020000080                Display::s_pThis
 .bss._ZL12_ClearBuffer
                0x0000000020000084       0x86 ../lib-display/lib_gd32/libdisplay.a(ssd1306.o)
 *fill*         0x000000002000010a        0x2 
 .bss._ZN7Ssd13067s_pThisE
                0x000000002000010c        0x4 ../lib-display/lib_gd32/libdisplay.a(ssd1306.o)
                0x000000002000010c                Ssd1306::s_pThis
 .bss._ZN8Hardware7s_pThisE
                0x0000000020000110        0x4 ../lib-hal/lib_gd32/libhal.a(hardware.o)
                0x0000000020000110                Hardware::s_pThis
 .bss.s_nSysTickMillis
                0x0000000020000114        0x4 ../lib-gd32/lib_gd32/libgd32.a(systick.o)
                0x0000000020000114                s_nSysTickMillis
 .bss._ZL10s_nAddress
                0x0000000020000118        0x1 ../lib-gd32/lib_gd32/libgd32.a(gd32_i2c.o)
 *(COMMON)
                0x000000002000011c                . = ALIGN (0x4)
 *fill*         0x0000000020000119        0x3 
                0x000000002000011c                _ebss = .
                0x000000002000011c                __bss_end__ = _ebss
                0x0000000020000120                . = ALIGN (0x8)
                [!provide]                        PROVIDE (end = _ebss)
                [!provide]                        PROVIDE (_end = _ebss)

.heap           0x0000000020015800      0x800 load address 0x000000002000011c
                0x0000000020015800                . = ALIGN (0x4)
                0x0000000020015800                heap_low = .
                0x0000000020016000                . = (. + __heap_size)
 *fill*         0x0000000020015800      0x800 
                0x0000000020016000                heap_top = .
                0x0000000020016000                . = ALIGN (0x4)

.stack          0x0000000020016000     0x2000
                0x0000000020016000                . = ALIGN (0x4)
                [!provide]                        PROVIDE (_heap_end = .)
                0x0000000000002000                . = __stack_size
 *fill*         0x0000000020016000     0x2000 
                0x0000000020018000                PROVIDE (_sp = .)
                0x0000000020018000                . = ALIGN (0x4)

/DISCARD/
 *(*.ARM.attributes)
 *(*.comment)
 *(*.debug*)
START GROUP
LOAD /Users/arjanvanvught/Library/xPacks/@xpack-dev-tools/arm-none-eabi-gcc/11.3.1-1.1.2/.content/bin/../lib/gcc/arm-none-eabi/11.3.1/thumb/v7-m/nofp/libgcc.a
LOAD ../lib-c/lib_gd32/libc.a
END GROUP
LOAD ../lib-remoteconfig/lib_gd32/libremoteconfig.a
LOAD ../lib-network/lib_gd32/libnetwork.a
LOAD ../lib-configstore/lib_gd32/libconfigstore.a
LOAD ../lib-flashcode/lib_gd32/libflashcode.a
LOAD ../lib-properties/lib_gd32/libproperties.a
LOAD ../lib-lightset/lib_gd32/liblightset.a
LOAD ../lib-display/lib_gd32/libdisplay.a
LOAD ../lib-hal/lib_gd32/libhal.a
LOAD ../lib-c++/lib_gd32/libc++.a
LOAD ../lib-c/lib_gd32/libc.a
LOAD ../lib-gd32/lib_gd32/libgd32.a
LOAD /Users/arjanvanvught/Library/xPacks/@xpack-dev-tools/arm-none-eabi-gcc/11.3.1-1.1.2/.content/bin/../lib/gcc/arm-none-eabi/11.3.1/thumb/v7-m/nofp/libgcc.a
OUTPUT(build_gd32/main.elf elf32-littlearm)
LOAD linker stubs
