Archive member included to satisfy reference by file (symbol)

../lib-c/lib_gd32/libc.a(printf.o)
                              build_gd32/firmware/main.o (vsnprintf)
/Applications/ARM/bin/../lib/gcc/arm-none-eabi/10.3.1/thumb/v7-m/nofp/libgcc.a(_arm_mulsf3.o)
                              ../lib-c/lib_gd32/libc.a(printf.o) (__aeabi_fmul)
/Applications/ARM/bin/../lib/gcc/arm-none-eabi/10.3.1/thumb/v7-m/nofp/libgcc.a(_arm_truncdfsf2.o)
                              ../lib-c/lib_gd32/libc.a(printf.o) (__aeabi_d2f)
/Applications/ARM/bin/../lib/gcc/arm-none-eabi/10.3.1/thumb/v7-m/nofp/libgcc.a(_arm_addsubsf3.o)
                              ../lib-c/lib_gd32/libc.a(printf.o) (__aeabi_fsub)
/Applications/ARM/bin/../lib/gcc/arm-none-eabi/10.3.1/thumb/v7-m/nofp/libgcc.a(_arm_cmpsf2.o)
                              ../lib-c/lib_gd32/libc.a(printf.o) (__aeabi_fcmplt)
/Applications/ARM/bin/../lib/gcc/arm-none-eabi/10.3.1/thumb/v7-m/nofp/libgcc.a(_arm_fixsfsi.o)
                              ../lib-c/lib_gd32/libc.a(printf.o) (__aeabi_f2iz)
/Applications/ARM/bin/../lib/gcc/arm-none-eabi/10.3.1/thumb/v7-m/nofp/libgcc.a(_aeabi_uldivmod.o)
                              ../lib-c/lib_gd32/libc.a(printf.o) (__aeabi_uldivmod)
/Applications/ARM/bin/../lib/gcc/arm-none-eabi/10.3.1/thumb/v7-m/nofp/libgcc.a(_udivmoddi4.o)
                              /Applications/ARM/bin/../lib/gcc/arm-none-eabi/10.3.1/thumb/v7-m/nofp/libgcc.a(_aeabi_uldivmod.o) (__udivmoddi4)
/Applications/ARM/bin/../lib/gcc/arm-none-eabi/10.3.1/thumb/v7-m/nofp/libgcc.a(_dvmd_tls.o)
                              /Applications/ARM/bin/../lib/gcc/arm-none-eabi/10.3.1/thumb/v7-m/nofp/libgcc.a(_aeabi_uldivmod.o) (__aeabi_ldiv0)
../lib-oscserver/lib_gd32/liboscserver.a(oscserver.o)
                              build_gd32/firmware/main.o (OscServer::OscServer())
../lib-oscserver/lib_gd32/liboscserver.a(oscservermsgconst.o)
                              build_gd32/firmware/main.o (OscServerMsgConst::STARTED)
../lib-oscserver/lib_gd32/liboscserver.a(oscserverparams.o)
                              build_gd32/firmware/main.o (OSCServerParams::OSCServerParams(OSCServerParamsStore*))
../lib-oscserver/lib_gd32/liboscserver.a(oscserverparamsconst.o)
                              ../lib-oscserver/lib_gd32/liboscserver.a(oscserverparams.o) (OscServerParamsConst::TRANSMISSION)
../lib-osc/lib_gd32/libosc.a(pattern_match.o)
                              ../lib-oscserver/lib_gd32/liboscserver.a(oscserver.o) (lo_pattern_match)
../lib-osc/lib_gd32/libosc.a(oscparamsconst.o)
                              ../lib-oscserver/lib_gd32/liboscserver.a(oscserverparams.o) (OscParamsConst::OUTGOING_PORT)
../lib-osc/lib_gd32/libosc.a(oscsimplemessage.o)
                              ../lib-oscserver/lib_gd32/liboscserver.a(oscserver.o) (OscSimpleMessage::OscSimpleMessage(void*, unsigned int))
../lib-osc/lib_gd32/libosc.a(oscsimplesend.o)
                              ../lib-oscserver/lib_gd32/liboscserver.a(oscserver.o) (OscSimpleSend::OscSimpleSend(int, unsigned int, unsigned short, char const*, char const*))
../lib-ws28xxdmx/lib_gd32/libws28xxdmx.a(pixeldmxconfiguration.o)
                              build_gd32/firmware/main.o (PixelDmxConfiguration::Validate(unsigned int, unsigned int&, pixeldmxconfiguration::PortInfo&, unsigned int&, unsigned int&))
../lib-ws28xxdmx/lib_gd32/libws28xxdmx.a(ws28xxdmx.o)
                              build_gd32/firmware/main.o (WS28xxDmx::Blackout(bool))
../lib-ws28xxdmx/lib_gd32/libws28xxdmx.a(ws28xxdmxparams.o)
                              build_gd32/firmware/main.o (WS28xxDmxParams::WS28xxDmxParams(WS28xxDmxParamsStore*))
../lib-ws28xxdmx/lib_gd32/libws28xxdmx.a(ws28xxdmxparamsdump.o)
                              build_gd32/firmware/main.o (WS28xxDmxParams::Dump())
../lib-ws28xxdmx/lib_gd32/libws28xxdmx.a(ws28xxdmxprint.o)
                              build_gd32/firmware/main.o (WS28xxDmx::Print())
../lib-ws28xx/lib_gd32/libws28xx.a(pixelconfiguration.o)
                              ../lib-ws28xxdmx/lib_gd32/libws28xxdmx.a(ws28xxdmxparams.o) (PixelConfiguration::GetRgbMapping(pixel::Type))
../lib-ws28xx/lib_gd32/libws28xx.a(pixelpatterns.o)
                              build_gd32/firmware/main.o (PixelPatterns::PixelPatterns(unsigned int))
../lib-ws28xx/lib_gd32/libws28xx.a(pixeltestpattern.o)
                              build_gd32/firmware/main.o (PixelTestPattern::s_Pattern)
../lib-ws28xx/lib_gd32/libws28xx.a(pixeltype.o)
                              build_gd32/firmware/main.o (PixelType::GetType(pixel::Type))
../lib-ws28xx/lib_gd32/libws28xx.a(ws28xx.o)
                              ../lib-ws28xxdmx/lib_gd32/libws28xxdmx.a(ws28xxdmxprint.o) (WS28xx::Print())
../lib-ws28xx/lib_gd32/libws28xx.a(ws28xx.o)
                              ../lib-ws28xxdmx/lib_gd32/libws28xxdmx.a(ws28xxdmx.o) (WS28xx::~WS28xx())
../lib-remoteconfig/lib_gd32/libremoteconfig.a(remoteconfig.o)
[...]
Memory Configuration

Name             Origin             Length             Attributes
FLASH            0x0000000008007000 0x0000000000012800 xr
RAM              0x0000000020000000 0x0000000000018000 xrw
*default*        0x0000000000000000 0xffffffffffffffff

Linker script and memory map

LOAD build_gd32/startup_gd32f10x_cl.o
LOAD build_gd32/firmware/main.o
LOAD build_gd32/lib/networkdisplay.o
                0x0000000000000800                __heap_size = DEFINED (__heap_size)?__heap_size:0x800
                0x0000000000001800                __stack_size = DEFINED (__stack_size)?__stack_size:0x1800

.vectors        0x0000000008007000      0x150
                0x0000000008007000                . = ALIGN (0x4)
 *(.vectors)
 .vectors       0x0000000008007000      0x150 build_gd32/startup_gd32f10x_cl.o
                0x0000000008007000                __gVectors
                0x0000000008007150                . = ALIGN (0x4)
                0x0000000008007150                __Vectors_End = .
                0x0000000008007150                __Vectors_Size = (__Vectors_End - __gVectors)

.text           0x0000000008007150     0xc124
                0x0000000008007150                . = ALIGN (0x4)
 *(.text.unlikely*)
 .text.unlikely.net_init
                0x0000000008007150       0xa0 ../lib-network/lib_gd32/libnetwork.a(net.o)
                0x0000000008007150                net_init
 .text.unlikely.net_shutdown
                0x00000000080071f0       0x1c ../lib-network/lib_gd32/libnetwork.a(net.o)
                0x00000000080071f0                net_shutdown
 .text.unlikely.rfc3927_init
                0x000000000800720c       0x18 ../lib-network/lib_gd32/libnetwork.a(rfc3927.o)
                0x000000000800720c                rfc3927_init
 .text.unlikely.tcp_init
                0x0000000008007224       0x4c ../lib-network/lib_gd32/libnetwork.a(tcp.o)
                0x0000000008007224                tcp_init
 .text.unlikely.udp_init
                0x0000000008007270       0x58 ../lib-network/lib_gd32/libnetwork.a(udp.o)
                0x0000000008007270                udp_init
 .text.unlikely.udp_shutdown
                0x00000000080072c8        0x2 ../lib-network/lib_gd32/libnetwork.a(udp.o)
                0x00000000080072c8                udp_shutdown
 *fill*         0x00000000080072ca        0x2 
 .text.unlikely.arp_init
                0x00000000080072cc       0xf8 ../lib-network/lib_gd32/libnetwork.a(arp.o)
                0x00000000080072cc                arp_init
 .text.unlikely.arp_cache_init
                0x00000000080073c4       0x34 ../lib-network/lib_gd32/libnetwork.a(arp_cache.o)
                0x00000000080073c4                arp_cache_init
 .text.unlikely.igmp_init
                0x00000000080073f8       0xc4 ../lib-network/lib_gd32/libnetwork.a(igmp.o)
                0x00000000080073f8                igmp_init
 .text.unlikely.igmp_shutdown
                0x00000000080074bc       0x28 ../lib-network/lib_gd32/libnetwork.a(igmp.o)
                0x00000000080074bc                igmp_shutdown
 .text.unlikely.ip_init
                0x00000000080074e4       0x16 ../lib-network/lib_gd32/libnetwork.a(ip.o)
                0x00000000080074e4                ip_init
 .text.unlikely.ip_shutdown
                0x00000000080074fa        0xe ../lib-network/lib_gd32/libnetwork.a(ip.o)
                0x00000000080074fa                ip_shutdown
 .text.unlikely.console_init
                0x0000000008007508       0x20 ../lib-hal/lib_gd32/libhal.a(console_uart0.o)
                0x0000000008007508                console_init
 *(.text.hot*)
 .text.hot.net_handle
                0x0000000008007528       0x38 ../lib-network/lib_gd32/libnetwork.a(net.o)
                0x0000000008007528                net_handle
 .text.hot.tcp_handle
                0x0000000008007560      0x364 ../lib-network/lib_gd32/libnetwork.a(tcp.o)
                0x0000000008007560                tcp_handle
 .text.hot.udp_handle
                0x00000000080078c4       0xa8 ../lib-network/lib_gd32/libnetwork.a(udp.o)
                0x00000000080078c4                udp_handle
 .text.hot.arp_handle
                0x000000000800796c       0x18 ../lib-network/lib_gd32/libnetwork.a(arp.o)
                0x000000000800796c                arp_handle
 .text.hot.igmp_handle
                0x0000000008007984       0xa0 ../lib-network/lib_gd32/libnetwork.a(igmp.o)
                0x0000000008007984                igmp_handle
 .text.hot.ip_handle
                0x0000000008007a24       0x32 ../lib-network/lib_gd32/libnetwork.a(ip.o)
                0x0000000008007a24                ip_handle
 *fill*         0x0000000008007a56        0x2 
 .text.hot.icmp_handle
                0x0000000008007a58       0x98 ../lib-network/lib_gd32/libnetwork.a(icmp.o)
                0x0000000008007a58                icmp_handle
 *(.text)
 .text          0x0000000008007af0       0xa0 /Applications/ARM/bin/../lib/gcc/arm-none-eabi/10.3.1/thumb/v7-m/nofp/libgcc.a(_arm_truncdfsf2.o)
                0x0000000008007af0                __aeabi_d2f
                0x0000000008007af0                __truncdfsf2
 .text          0x0000000008007b90      0x21c /Applications/ARM/bin/../lib/gcc/arm-none-eabi/10.3.1/thumb/v7-m/nofp/libgcc.a(_arm_addsubsf3.o)
                0x0000000008007b90                __aeabi_frsub
                0x0000000008007b98                __aeabi_fsub
                0x0000000008007b98                __subsf3
                0x0000000008007b9c                __aeabi_fadd
                0x0000000008007b9c                __addsf3
                0x0000000008007cfc                __aeabi_ui2f
                0x0000000008007cfc                __floatunsisf
                0x0000000008007d04                __floatsisf
                0x0000000008007d04                __aeabi_i2f
                0x0000000008007d20                __aeabi_ul2f
                0x0000000008007d20                __floatundisf
                0x0000000008007d30                __aeabi_l2f
                0x0000000008007d30                __floatdisf
 .text          0x0000000008007dac       0xec /Applications/ARM/bin/../lib/gcc/arm-none-eabi/10.3.1/thumb/v7-m/nofp/libgcc.a(_arm_cmpsf2.o)
                0x0000000008007dac                __gesf2
                0x0000000008007dac                __gtsf2
                0x0000000008007db4                __ltsf2
                0x0000000008007db4                __lesf2
                0x0000000008007dbc                __nesf2
                0x0000000008007dbc                __eqsf2
                0x0000000008007dbc                __cmpsf2
                0x0000000008007e1c                __aeabi_cfrcmple
                0x0000000008007e24                __aeabi_cfcmpeq
                0x0000000008007e24                __aeabi_cfcmple
                0x0000000008007e34                __aeabi_fcmpeq
                0x0000000008007e48                __aeabi_fcmplt
                0x0000000008007e5c                __aeabi_fcmple
                0x0000000008007e70                __aeabi_fcmpge
                0x0000000008007e84                __aeabi_fcmpgt
 .text          0x0000000008007e98       0x4c /Applications/ARM/bin/../lib/gcc/arm-none-eabi/10.3.1/thumb/v7-m/nofp/libgcc.a(_arm_fixsfsi.o)
                0x0000000008007e98                __fixsfsi
                0x0000000008007e98                __aeabi_f2iz
 .text          0x0000000008007ee4       0x30 /Applications/ARM/bin/../lib/gcc/arm-none-eabi/10.3.1/thumb/v7-m/nofp/libgcc.a(_aeabi_uldivmod.o)
                0x0000000008007ee4                __aeabi_uldivmod
 .text          0x0000000008007f14      0x2d4 /Applications/ARM/bin/../lib/gcc/arm-none-eabi/10.3.1/thumb/v7-m/nofp/libgcc.a(_udivmoddi4.o)
                0x0000000008007f14                __udivmoddi4
 .text          0x00000000080081e8        0x4 /Applications/ARM/bin/../lib/gcc/arm-none-eabi/10.3.1/thumb/v7-m/nofp/libgcc.a(_dvmd_tls.o)
                0x00000000080081e8                __aeabi_ldiv0
                0x00000000080081e8                __aeabi_idiv0
 .text          0x00000000080081ec      0x378 /Applications/ARM/bin/../lib/gcc/arm-none-eabi/10.3.1/thumb/v7-m/nofp/libgcc.a(_arm_addsubdf3.o)
                0x00000000080081ec                __aeabi_drsub
                0x00000000080081f4                __subdf3
                0x00000000080081f4                __aeabi_dsub
                0x00000000080081f8                __aeabi_dadd
                0x00000000080081f8                __adddf3
                0x0000000008008470                __aeabi_ui2d
                0x0000000008008470                __floatunsidf
                0x0000000008008490                __floatsidf
                0x0000000008008490                __aeabi_i2d
                0x00000000080084b4                __extendsfdf2
                0x00000000080084b4                __aeabi_f2d
                0x00000000080084f8                __aeabi_ul2d
                0x00000000080084f8                __floatundidf
                0x0000000008008508                __aeabi_l2d
                0x0000000008008508                __floatdidf
 .text          0x0000000008008564      0x2a0 /Applications/ARM/bin/../lib/gcc/arm-none-eabi/10.3.1/thumb/v7-m/nofp/libgcc.a(_arm_muldivsf3.o)
                0x0000000008008564                __mulsf3
                0x0000000008008564                __aeabi_fmul
                0x00000000080086cc                __divsf3
                0x00000000080086cc                __aeabi_fdiv
 .text          0x0000000008008804       0x40 /Applications/ARM/bin/../lib/gcc/arm-none-eabi/10.3.1/thumb/v7-m/nofp/libgcc.a(_arm_fixunssfsi.o)
                0x0000000008008804                __aeabi_f2uiz
                0x0000000008008804                __fixunssfsi
 .text          0x0000000008008844       0x28 /Applications/ARM/bin/../lib/gcc/arm-none-eabi/10.3.1/thumb/v7-m/nofp/libgcc.a(_popcountsi2.o)
                0x0000000008008844                __popcountsi2
 *(.text*)
 .text.Reset_Handler
                0x000000000800886c       0x4c build_gd32/startup_gd32f10x_cl.o
                0x000000000800886c                Reset_Handler
 .text.Default_Handler
                0x00000000080088b8        0x2 build_gd32/startup_gd32f10x_cl.o
                0x00000000080088b8                ENET_IRQHandler
                0x00000000080088b8                EXTI2_IRQHandler
                0x00000000080088b8                TIMER2_IRQHandler
                0x00000000080088b8                TIMER5_IRQHandler
                0x00000000080088b8                DebugMon_Handler
                0x00000000080088b8                LVD_IRQHandler
                0x00000000080088b8                CAN1_EWMC_IRQHandler
                0x00000000080088b8                TIMER0_BRK_IRQHandler
                0x00000000080088b8                HardFault_Handler
                0x00000000080088b8                ADC0_1_IRQHandler
                0x00000000080088b8                TIMER0_UP_IRQHandler
                0x00000000080088b8                PendSV_Handler
                0x00000000080088b8                NMI_Handler
                0x00000000080088b8                EXTI3_IRQHandler
                0x00000000080088b8                USBFS_WKUP_IRQHandler
                0x00000000080088b8                USBFS_IRQHandler
                0x00000000080088b8                TIMER3_IRQHandler
                0x00000000080088b8                DMA0_Channel6_IRQHandler
                0x00000000080088b8                I2C0_EV_IRQHandler
                0x00000000080088b8                EXTI0_IRQHandler
                0x00000000080088b8                CAN1_RX0_IRQHandler
                0x00000000080088b8                UsageFault_Handler
                0x00000000080088b8                TIMER4_IRQHandler
                0x00000000080088b8                SPI1_IRQHandler
                0x00000000080088b8                DMA0_Channel0_IRQHandler
                0x00000000080088b8                TAMPER_IRQHandler
                0x00000000080088b8                DMA1_Channel0_IRQHandler
                0x00000000080088b8                TIMER6_IRQHandler
                0x00000000080088b8                DMA1_Channel4_IRQHandler
                0x00000000080088b8                DMA0_Channel3_IRQHandler
                0x00000000080088b8                I2C0_ER_IRQHandler
                0x00000000080088b8                RTC_IRQHandler
                0x00000000080088b8                TIMER7_UP_IRQHandler
                0x00000000080088b8                CAN1_RX1_IRQHandler
                0x00000000080088b8                DMA0_Channel2_IRQHandler
                0x00000000080088b8                USART0_IRQHandler
                0x00000000080088b8                TIMER1_IRQHandler
                0x00000000080088b8                TIMER7_TRG_CMT_IRQHandler
                0x00000000080088b8                TIMER0_TRG_CMT_IRQHandler
                0x00000000080088b8                I2C1_EV_IRQHandler
                0x00000000080088b8                UART4_IRQHandler
                0x00000000080088b8                EXTI10_15_IRQHandler
                0x00000000080088b8                DMA1_Channel1_IRQHandler
                0x00000000080088b8                Default_Handler
                0x00000000080088b8                CAN0_TX_IRQHandler
                0x00000000080088b8                WWDGT_IRQHandler
                0x00000000080088b8                EXMC_IRQHandler
                0x00000000080088b8                SPI2_IRQHandler
                0x00000000080088b8                MemManage_Handler
                0x00000000080088b8                CAN1_TX_IRQHandler
                0x00000000080088b8                SVC_Handler
                0x00000000080088b8                TIMER7_BRK_IRQHandler
                0x00000000080088b8                EXTI4_IRQHandler
                0x00000000080088b8                CAN0_RX1_IRQHandler
                0x00000000080088b8                DMA0_Channel5_IRQHandler
                0x00000000080088b8                DMA1_Channel3_IRQHandler
                0x00000000080088b8                EXTI5_9_IRQHandler
                0x00000000080088b8                RCU_IRQHandler
                0x00000000080088b8                DMA0_Channel1_IRQHandler
                0x00000000080088b8                TIMER0_Channel_IRQHandler
                0x00000000080088b8                EXTI1_IRQHandler
                0x00000000080088b8                ENET_WKUP_IRQHandler
                0x00000000080088b8                SPI0_IRQHandler
                0x00000000080088b8                USART2_IRQHandler
                0x00000000080088b8                CAN0_EWMC_IRQHandler
                0x00000000080088b8                CAN0_RX0_IRQHandler
                0x00000000080088b8                DMA1_Channel2_IRQHandler
                0x00000000080088b8                BusFault_Handler
                0x00000000080088b8                USART1_IRQHandler
                0x00000000080088b8                UART3_IRQHandler
                0x00000000080088b8                I2C1_ER_IRQHandler
                0x00000000080088b8                FMC_IRQHandler
                0x00000000080088b8                DMA0_Channel4_IRQHandler
                0x00000000080088b8                RTC_Alarm_IRQHandler
 .text._ZN14DisplayHandlerD2Ev
                0x00000000080088ba        0x2 build_gd32/firmware/main.o
                0x00000000080088ba                DisplayHandler::~DisplayHandler()
                0x00000000080088ba                DisplayHandler::~DisplayHandler()
 .text._ZN17PixelDmxStartStopD2Ev
                0x00000000080088bc        0x2 build_gd32/firmware/main.o
                0x00000000080088bc                PixelDmxStartStop::~PixelDmxStartStop()
                0x00000000080088bc                PixelDmxStartStop::~PixelDmxStartStop()
 *fill*         0x00000000080088be        0x2 
 .text._ZN17PixelDmxStartStop5StartEv
                0x00000000080088c0       0x10 build_gd32/firmware/main.o
                0x00000000080088c0                PixelDmxStartStop::Start()
 .text._ZN17PixelDmxStartStop4StopEv
                0x00000000080088d0       0x10 build_gd32/firmware/main.o
                0x00000000080088d0                PixelDmxStartStop::Stop()
 .text._ZN7HandlerD2Ev
                0x00000000080088e0        0x2 build_gd32/firmware/main.o
                0x00000000080088e0                Handler::~Handler()
                0x00000000080088e0                Handler::~Handler()
 .text._ZN14DisplayHandlerD0Ev
                0x00000000080088e2        0xc build_gd32/firmware/main.o
                0x00000000080088e2                DisplayHandler::~DisplayHandler()
 .text._ZN7HandlerD0Ev
                0x00000000080088ee        0xc build_gd32/firmware/main.o
                0x00000000080088ee                Handler::~Handler()
 .text._ZN17PixelDmxStartStopD0Ev
                0x00000000080088fa        0xc build_gd32/firmware/main.o
                0x00000000080088fa                PixelDmxStartStop::~PixelDmxStartStop()
 *fill*         0x0000000008008906        0x2 
 .text._ZN7Handler4InfoEijt
                0x0000000008008908       0x84 build_gd32/firmware/main.o
                0x0000000008008908                Handler::Info(int, unsigned int, unsigned short)
 .text._ZN7Display12SetCursorPosEhh.isra.0
                0x000000000800898c        0xa build_gd32/firmware/main.o
 .text._ZN7Display5WriteEhPKc.isra.0
                0x0000000008008996       0x24 build_gd32/firmware/main.o
 .text._ZN7Display7PutCharEi.isra.0
                0x00000000080089ba        0xa build_gd32/firmware/main.o
 .text._ZN14DisplayHandler5PrintEj
                0x00000000080089c4       0x50 build_gd32/firmware/main.o
                0x00000000080089c4                DisplayHandler::Print(unsigned int)
 .text._ZN7Display8SetSleepEb
                0x0000000008008a14       0x20 build_gd32/firmware/main.o
                0x0000000008008a14                Display::SetSleep(bool)
 .text._ZN7Display6PrintfEhPKcz
                0x0000000008008a34       0x38 build_gd32/firmware/main.o
                0x0000000008008a34                Display::Printf(unsigned char, char const*, ...)
 .text._ZN7Display10TextStatusEPKc22Display7SegmentMessagej
                0x0000000008008a6c       0x98 build_gd32/firmware/main.o
                0x0000000008008a6c                Display::TextStatus(char const*, Display7SegmentMessage, unsigned int)
 .text.startup.main
                0x0000000008008b04      0x480 build_gd32/firmware/main.o
                0x0000000008008b04                main
 .text._ZN7Handler6UpdateEv
                0x0000000008008f84        0x8 build_gd32/firmware/main.o
                0x0000000008008f84                Handler::Update()
 .text._ZN7Handler8BlackoutEv
                0x0000000008008f8c        0x8 build_gd32/firmware/main.o
                0x0000000008008f8c                Handler::Blackout()
 .text._ZN14NetworkDisplay13ShowEmacStartEv
                0x0000000008008f94        0x2 build_gd32/lib/networkdisplay.o
                0x0000000008008f94                NetworkDisplay::ShowEmacStart()
 .text._ZN14NetworkDisplay6ShowIpEv
                0x0000000008008f96        0x2 build_gd32/lib/networkdisplay.o
                0x0000000008008f96                NetworkDisplay::ShowIp()
 .text._ZN14NetworkDisplay12ShowShutdownEv
                0x0000000008008f98        0x2 build_gd32/lib/networkdisplay.o
                0x0000000008008f98                NetworkDisplay::ShowShutdown()
 .text._ZN14NetworkDisplay14ShowDhcpStatusEN7network4dhcp12ClientStatusE
                0x0000000008008f9a        0x2 build_gd32/lib/networkdisplay.o
                0x0000000008008f9a                NetworkDisplay::ShowDhcpStatus(network::dhcp::ClientStatus)
 .text._itostr  0x0000000008008f9c       0x74 ../lib-c/lib_gd32/libc.a(printf.o)
 .text._xputch  0x0000000008009010       0x2c ../lib-c/lib_gd32/libc.a(printf.o)
 .text._format_int
                0x000000000800903c       0xec ../lib-c/lib_gd32/libc.a(printf.o)
 .text._format_hex
                0x0000000008009128       0xba ../lib-c/lib_gd32/libc.a(printf.o)
 *fill*         0x00000000080091e2        0x2 
 .text._vprintf
                0x00000000080091e4      0x3cc ../lib-c/lib_gd32/libc.a(printf.o)
 .text.printf   0x00000000080095b0       0x1e ../lib-c/lib_gd32/libc.a(printf.o)
                0x00000000080095b0                printf
 *fill*         0x00000000080095ce        0x2 
 .text.snprintf
                0x00000000080095d0       0x30 ../lib-c/lib_gd32/libc.a(printf.o)
                0x00000000080095d0                snprintf
 .text.vsnprintf
                0x0000000008009600       0x20 ../lib-c/lib_gd32/libc.a(printf.o)
                0x0000000008009600                vsnprintf
 .text.strlen   0x0000000008009620       0x10 ../lib-oscserver/lib_gd32/liboscserver.a(oscserver.o)
 .text.strncpy.isra.0
                0x0000000008009630       0x20 ../lib-oscserver/lib_gd32/liboscserver.a(oscserver.o)
 .text.strcpy.isra.0
                0x0000000008009650       0x10 ../lib-oscserver/lib_gd32/liboscserver.a(oscserver.o)
 .text._ZN9OscServerC2Ev
                0x0000000008009660       0xd4 ../lib-oscserver/lib_gd32/liboscserver.a(oscserver.o)
                0x0000000008009660                OscServer::OscServer()
                0x0000000008009660                OscServer::OscServer()
 .text._ZN9OscServer5StartEv
                0x0000000008009734       0x48 ../lib-oscserver/lib_gd32/liboscserver.a(oscserver.o)
                0x0000000008009734                OscServer::Start()
 .text._ZN9OscServer7SetPathEPKc
                0x000000000800977c       0x4c ../lib-oscserver/lib_gd32/liboscserver.a(oscserver.o)
                0x000000000800977c                OscServer::SetPath(char const*)
 .text._ZN9OscServer11SetPathInfoEPKc
                0x00000000080097c8       0x2c ../lib-oscserver/lib_gd32/liboscserver.a(oscserver.o)
                0x00000000080097c8                OscServer::SetPathInfo(char const*)
 .text._ZN9OscServer15SetPathBlackOutEPKc
                0x00000000080097f4       0x2c ../lib-oscserver/lib_gd32/liboscserver.a(oscserver.o)
                0x00000000080097f4                OscServer::SetPathBlackOut(char const*)
 .text._ZN9OscServer10GetChannelEPKc
                0x0000000008009820       0x44 ../lib-oscserver/lib_gd32/liboscserver.a(oscserver.o)
                0x0000000008009820                OscServer::GetChannel(char const*)
 .text._ZN9OscServer16IsDmxDataChangedEPKhtj
                0x0000000008009864       0x30 ../lib-oscserver/lib_gd32/liboscserver.a(oscserver.o)
                0x0000000008009864                OscServer::IsDmxDataChanged(unsigned char const*, unsigned short, unsigned int)
 .text._ZN9OscServer3RunEv
                0x0000000008009894      0x298 ../lib-oscserver/lib_gd32/liboscserver.a(oscserver.o)
                0x0000000008009894                OscServer::Run()
 .text._ZN9OscServer5PrintEv
                0x0000000008009b2c       0x70 ../lib-oscserver/lib_gd32/liboscserver.a(oscserver.o)
                0x0000000008009b2c                OscServer::Print()
 .text.strncpy.constprop.0.isra.0
                0x0000000008009b9c       0x18 ../lib-oscserver/lib_gd32/liboscserver.a(oscserverparams.o)
 .text._ZN17PropertiesBuilder3AddItEEbPKcT_bj.isra.0
                0x0000000008009bb4       0x50 ../lib-oscserver/lib_gd32/liboscserver.a(oscserverparams.o)
 .text._ZN17PropertiesBuilder3AddIPcEEbPKcT_bj.isra.0
                0x0000000008009c04       0x50 ../lib-oscserver/lib_gd32/liboscserver.a(oscserverparams.o)
 .text._ZN15OSCServerParamsC2EP20OSCServerParamsStore
                0x0000000008009c54       0x20 ../lib-oscserver/lib_gd32/liboscserver.a(oscserverparams.o)
                0x0000000008009c54                OSCServerParams::OSCServerParams(OSCServerParamsStore*)
                0x0000000008009c54                OSCServerParams::OSCServerParams(OSCServerParamsStore*)
 .text._ZN15OSCServerParams4LoadEv
                0x0000000008009c74       0x18 ../lib-oscserver/lib_gd32/liboscserver.a(oscserverparams.o)
                0x0000000008009c74                OSCServerParams::Load()
 .text._ZN15OSCServerParams4LoadEPKcj
                0x0000000008009c8c       0x40 ../lib-oscserver/lib_gd32/liboscserver.a(oscserverparams.o)
                0x0000000008009c8c                OSCServerParams::Load(char const*, unsigned int)
 .text._ZN15OSCServerParams16callbackFunctionEPKc
                0x0000000008009ccc       0xf8 ../lib-oscserver/lib_gd32/liboscserver.a(oscserverparams.o)
                0x0000000008009ccc                OSCServerParams::callbackFunction(char const*)
 .text._ZN15OSCServerParams22staticCallbackFunctionEPvPKc
                0x0000000008009dc4        0x4 ../lib-oscserver/lib_gd32/liboscserver.a(oscserverparams.o)
                0x0000000008009dc4                OSCServerParams::staticCallbackFunction(void*, char const*)
 .text._ZN15OSCServerParams3SetEP9OscServer
                0x0000000008009dc8       0x52 ../lib-oscserver/lib_gd32/liboscserver.a(oscserverparams.o)
                0x0000000008009dc8                OSCServerParams::Set(OscServer*)
 *fill*         0x0000000008009e1a        0x2 
 .text._ZN15OSCServerParams7BuilderEPKN3osc6server6ParamsEPcjRj
                0x0000000008009e1c      0x16c ../lib-oscserver/lib_gd32/liboscserver.a(oscserverparams.o)
                0x0000000008009e1c                OSCServerParams::Builder(osc::server::Params const*, char*, unsigned int, unsigned int&)
 .text._ZN15OSCServerParams4SaveEPcjRj
                0x0000000008009f88       0x1a ../lib-oscserver/lib_gd32/liboscserver.a(oscserverparams.o)
                0x0000000008009f88                OSCServerParams::Save(char*, unsigned int, unsigned int&)
 .text._ZN15OSCServerParams4DumpEv
                0x0000000008009fa2        0x2 ../lib-oscserver/lib_gd32/liboscserver.a(oscserverparams.o)
                0x0000000008009fa2                OSCServerParams::Dump()
 .text.lo_pattern_match
                0x0000000008009fa4      0x186 ../lib-osc/lib_gd32/libosc.a(pattern_match.o)
                0x0000000008009fa4                lo_pattern_match
 .text._ZN3oscL15string_validateEPvj
                0x000000000800a12a       0x3a ../lib-osc/lib_gd32/libosc.a(oscsimplemessage.o)
 .text._ZN16OscSimpleMessageC2EPvj
                0x000000000800a164       0x78 ../lib-osc/lib_gd32/libosc.a(oscsimplemessage.o)
                0x000000000800a164                OscSimpleMessage::OscSimpleMessage(void*, unsigned int)
                0x000000000800a164                OscSimpleMessage::OscSimpleMessage(void*, unsigned int)
 .text._ZN16OscSimpleMessage8GetFloatEj
                0x000000000800a1dc       0x28 ../lib-osc/lib_gd32/libosc.a(oscsimplemessage.o)
                0x000000000800a1dc                OscSimpleMessage::GetFloat(unsigned int)
 .text._ZN16OscSimpleMessage6GetIntEj
                0x000000000800a204       0x28 ../lib-osc/lib_gd32/libosc.a(oscsimplemessage.o)
                0x000000000800a204                OscSimpleMessage::GetInt(unsigned int)
 .text._ZN16OscSimpleMessage7GetBlobEj
                0x000000000800a22c       0x26 ../lib-osc/lib_gd32/libosc.a(oscsimplemessage.o)
                0x000000000800a22c                OscSimpleMessage::GetBlob(unsigned int)
 .text._ZN3oscL11string_sizeEPKc
                0x000000000800a252       0x16 ../lib-osc/lib_gd32/libosc.a(oscsimplesend.o)
 .text._ZN13OscSimpleSend13UpdateMessageEPKcjc
                0x000000000800a268       0x34 ../lib-osc/lib_gd32/libosc.a(oscsimplesend.o)
                0x000000000800a268                OscSimpleSend::UpdateMessage(char const*, unsigned int, char)
 .text._ZN13OscSimpleSendC2EijtPKcS1_
                0x000000000800a29c       0x48 ../lib-osc/lib_gd32/libosc.a(oscsimplesend.o)
                0x000000000800a29c                OscSimpleSend::OscSimpleSend(int, unsigned int, unsigned short, char const*, char const*)
                0x000000000800a29c                OscSimpleSend::OscSimpleSend(int, unsigned int, unsigned short, char const*, char const*)
 .text._ZN13OscSimpleSendC2EijtPKcS1_S1_
                0x000000000800a2e4       0x7c ../lib-osc/lib_gd32/libosc.a(oscsimplesend.o)
                0x000000000800a2e4                OscSimpleSend::OscSimpleSend(int, unsigned int, unsigned short, char const*, char const*, char const*)
                0x000000000800a2e4                OscSimpleSend::OscSimpleSend(int, unsigned int, unsigned short, char const*, char const*, char const*)
 .text._ZN13OscSimpleSendC2EijtPKcS1_i
                0x000000000800a360       0x58 ../lib-osc/lib_gd32/libosc.a(oscsimplesend.o)
                0x000000000800a360                OscSimpleSend::OscSimpleSend(int, unsigned int, unsigned short, char const*, char const*, int)
                0x000000000800a360                OscSimpleSend::OscSimpleSend(int, unsigned int, unsigned short, char const*, char const*, int)
 .text._ZN21PixelDmxConfiguration8ValidateEjRjRN21pixeldmxconfiguration8PortInfoES0_S0_
                0x000000000800a3b8       0xb0 ../lib-ws28xxdmx/lib_gd32/libws28xxdmx.a(pixeldmxconfiguration.o)
                0x000000000800a3b8                PixelDmxConfiguration::Validate(unsigned int, unsigned int&, pixeldmxconfiguration::PortInfo&, unsigned int&, unsigned int&)
 .text._ZN21PixelDmxConfiguration4DumpEv
                0x000000000800a468        0x2 ../lib-ws28xxdmx/lib_gd32/libws28xxdmx.a(pixeldmxconfiguration.o)
                0x000000000800a468                PixelDmxConfiguration::Dump()
 .text._ZN9WS28xxDmx18GetDmxStartAddressEv
                0x000000000800a46a        0x4 ../lib-ws28xxdmx/lib_gd32/libws28xxdmx.a(ws28xxdmx.o)
                0x000000000800a46a                WS28xxDmx::GetDmxStartAddress()
 .text._ZN9WS28xxDmx15GetDmxFootprintEv
                0x000000000800a46e        0x4 ../lib-ws28xxdmx/lib_gd32/libws28xxdmx.a(ws28xxdmx.o)
                0x000000000800a46e                WS28xxDmx::GetDmxFootprint()
 *fill*         0x000000000800a472        0x2 
 .text._ZN9WS28xxDmxD2Ev
                0x000000000800a474       0x20 ../lib-ws28xxdmx/lib_gd32/libws28xxdmx.a(ws28xxdmx.o)
                0x000000000800a474                WS28xxDmx::~WS28xxDmx()
                0x000000000800a474                WS28xxDmx::~WS28xxDmx()
 .text._ZN9WS28xxDmxD0Ev
                0x000000000800a494       0x12 ../lib-ws28xxdmx/lib_gd32/libws28xxdmx.a(ws28xxdmx.o)
                0x000000000800a494                WS28xxDmx::~WS28xxDmx()
 .text._ZN9WS28xxDmx8BlackoutEb
                0x000000000800a4a6       0x26 ../lib-ws28xxdmx/lib_gd32/libws28xxdmx.a(ws28xxdmx.o)
                0x000000000800a4a6                WS28xxDmx::Blackout(bool)
 .text._ZN9WS28xxDmx5StartEj
                0x000000000800a4cc       0x18 ../lib-ws28xxdmx/lib_gd32/libws28xxdmx.a(ws28xxdmx.o)
                0x000000000800a4cc                WS28xxDmx::Start(unsigned int)
 .text._ZN9WS28xxDmx18SetDmxStartAddressEt
                0x000000000800a4e4       0x32 ../lib-ws28xxdmx/lib_gd32/libws28xxdmx.a(ws28xxdmx.o)
                0x000000000800a4e4                WS28xxDmx::SetDmxStartAddress(unsigned short)
 .text._ZN9WS28xxDmx4StopEj
                0x000000000800a516       0x28 ../lib-ws28xxdmx/lib_gd32/libws28xxdmx.a(ws28xxdmx.o)
                0x000000000800a516                WS28xxDmx::Stop(unsigned int)
 .text._ZN9WS28xxDmx11GetSlotInfoEtRN8lightset8SlotInfoE
                0x000000000800a53e       0x40 ../lib-ws28xxdmx/lib_gd32/libws28xxdmx.a(ws28xxdmx.o)
                0x000000000800a53e                WS28xxDmx::GetSlotInfo(unsigned short, lightset::SlotInfo&)
 .text._ZN9WS28xxDmx7SetDataEjPKhj
                0x000000000800a57e       0xfe ../lib-ws28xxdmx/lib_gd32/libws28xxdmx.a(ws28xxdmx.o)
                0x000000000800a57e                WS28xxDmx::SetData(unsigned int, unsigned char const*, unsigned int)
 .text._ZN9WS28xxDmxC2ER21PixelDmxConfiguration
                0x000000000800a67c       0x80 ../lib-ws28xxdmx/lib_gd32/libws28xxdmx.a(ws28xxdmx.o)
                0x000000000800a67c                WS28xxDmx::WS28xxDmx(PixelDmxConfiguration&)
                0x000000000800a67c                WS28xxDmx::WS28xxDmx(PixelDmxConfiguration&)
 .text._ZN17PropertiesBuilder3AddIhEEbPKcT_bj.isra.0
                0x000000000800a6fc       0x50 ../lib-ws28xxdmx/lib_gd32/libws28xxdmx.a(ws28xxdmxparams.o)
 .text._ZN17PropertiesBuilder3AddItEEbPKcT_bj.isra.0
                0x000000000800a74c       0x50 ../lib-ws28xxdmx/lib_gd32/libws28xxdmx.a(ws28xxdmxparams.o)
 .text._ZN17PropertiesBuilder3AddIPKcEEbS2_T_bj.isra.0
                0x000000000800a79c       0x50 ../lib-ws28xxdmx/lib_gd32/libws28xxdmx.a(ws28xxdmxparams.o)
 .text._ZN17PropertiesBuilder3AddIfEEbPKcT_bj.isra.0
                0x000000000800a7ec       0x84 ../lib-ws28xxdmx/lib_gd32/libws28xxdmx.a(ws28xxdmxparams.o)
 .text._ZN15WS28xxDmxParamsC2EP20WS28xxDmxParamsStore
                0x000000000800a870       0x50 ../lib-ws28xxdmx/lib_gd32/libws28xxdmx.a(ws28xxdmxparams.o)
                0x000000000800a870                WS28xxDmxParams::WS28xxDmxParams(WS28xxDmxParamsStore*)
                0x000000000800a870                WS28xxDmxParams::WS28xxDmxParams(WS28xxDmxParamsStore*)
 .text._ZN15WS28xxDmxParams4LoadEv
                0x000000000800a8c0       0x18 ../lib-ws28xxdmx/lib_gd32/libws28xxdmx.a(ws28xxdmxparams.o)
                0x000000000800a8c0                WS28xxDmxParams::Load()
 .text._ZN15WS28xxDmxParams4LoadEPKcj
                0x000000000800a8d8       0x40 ../lib-ws28xxdmx/lib_gd32/libws28xxdmx.a(ws28xxdmxparams.o)
                0x000000000800a8d8                WS28xxDmxParams::Load(char const*, unsigned int)
 .text._ZN15WS28xxDmxParams16callbackFunctionEPKc
                0x000000000800a918      0x248 ../lib-ws28xxdmx/lib_gd32/libws28xxdmx.a(ws28xxdmxparams.o)
                0x000000000800a918                WS28xxDmxParams::callbackFunction(char const*)
 .text._ZN15WS28xxDmxParams22staticCallbackFunctionEPvPKc
                0x000000000800ab60        0x4 ../lib-ws28xxdmx/lib_gd32/libws28xxdmx.a(ws28xxdmxparams.o)
                0x000000000800ab60                WS28xxDmxParams::staticCallbackFunction(void*, char const*)
 .text._ZN15WS28xxDmxParams7BuilderEPK16TWS28xxDmxParamsPcjRj
                0x000000000800ab64      0x248 ../lib-ws28xxdmx/lib_gd32/libws28xxdmx.a(ws28xxdmxparams.o)
                0x000000000800ab64                WS28xxDmxParams::Builder(TWS28xxDmxParams const*, char*, unsigned int, unsigned int&)
 .text._ZN15WS28xxDmxParams4SaveEPcjRj
                0x000000000800adac       0x1a ../lib-ws28xxdmx/lib_gd32/libws28xxdmx.a(ws28xxdmxparams.o)
                0x000000000800adac                WS28xxDmxParams::Save(char*, unsigned int, unsigned int&)
 .text._ZN15WS28xxDmxParams3SetEP21PixelDmxConfiguration
                0x000000000800adc6       0x6c ../lib-ws28xxdmx/lib_gd32/libws28xxdmx.a(ws28xxdmxparams.o)
                0x000000000800adc6                WS28xxDmxParams::Set(PixelDmxConfiguration*)
 .text._ZN15WS28xxDmxParams4DumpEv
                0x000000000800ae32        0x2 ../lib-ws28xxdmx/lib_gd32/libws28xxdmx.a(ws28xxdmxparamsdump.o)
                0x000000000800ae32                WS28xxDmxParams::Dump()
 .text._ZN9WS28xxDmx5PrintEv
                0x000000000800ae34       0x28 ../lib-ws28xxdmx/lib_gd32/libws28xxdmx.a(ws28xxdmxprint.o)
                0x000000000800ae34                WS28xxDmx::Print()
 .text._ZN18PixelConfiguration13GetRgbMappingEN5pixel4TypeE
                0x000000000800ae5c       0x1e ../lib-ws28xx/lib_gd32/libws28xx.a(pixelconfiguration.o)
                0x000000000800ae5c                PixelConfiguration::GetRgbMapping(pixel::Type)
 .text._ZN18PixelConfiguration6GetTxHEN5pixel4TypeERhS2_
                0x000000000800ae7a       0x1a ../lib-ws28xx/lib_gd32/libws28xx.a(pixelconfiguration.o)
                0x000000000800ae7a                PixelConfiguration::GetTxH(pixel::Type, unsigned char&, unsigned char&)
 .text._ZN18PixelConfiguration8ValidateERj
                0x000000000800ae94       0xd8 ../lib-ws28xx/lib_gd32/libws28xx.a(pixelconfiguration.o)
                0x000000000800ae94                PixelConfiguration::Validate(unsigned int&)
 .text._ZN18PixelConfiguration4DumpEv
                0x000000000800af6c        0x2 ../lib-ws28xx/lib_gd32/libws28xx.a(pixelconfiguration.o)
                0x000000000800af6c                PixelConfiguration::Dump()
 *fill*         0x000000000800af6e        0x2 
 .text._ZN13PixelPatterns14SetPixelColourEjjj.constprop.0
                0x000000000800af70       0x24 ../lib-ws28xx/lib_gd32/libws28xx.a(pixelpatterns.o)
 .text._ZN13PixelPatterns5ClearEj.isra.0
                0x000000000800af94       0x20 ../lib-ws28xx/lib_gd32/libws28xx.a(pixelpatterns.o)
 .text._ZN13PixelPatternsC2Ej
                0x000000000800afb4       0x40 ../lib-ws28xx/lib_gd32/libws28xx.a(pixelpatterns.o)
                0x000000000800afb4                PixelPatterns::PixelPatterns(unsigned int)
                0x000000000800afb4                PixelPatterns::PixelPatterns(unsigned int)
 .text._ZN13PixelPatterns12RainbowCycleEjjN13pixelpatterns9DirectionE
                0x000000000800aff4       0x28 ../lib-ws28xx/lib_gd32/libws28xx.a(pixelpatterns.o)
                0x000000000800aff4                PixelPatterns::RainbowCycle(unsigned int, unsigned int, pixelpatterns::Direction)
 .text._ZN13PixelPatterns12TheaterChaseEjjjjN13pixelpatterns9DirectionE
                0x000000000800b01c       0x38 ../lib-ws28xx/lib_gd32/libws28xx.a(pixelpatterns.o)
                0x000000000800b01c                PixelPatterns::TheaterChase(unsigned int, unsigned int, unsigned int, unsigned int, pixelpatterns::Direction)
 .text._ZN13PixelPatterns10ColourWipeEjjjN13pixelpatterns9DirectionE
                0x000000000800b054       0x34 ../lib-ws28xx/lib_gd32/libws28xx.a(pixelpatterns.o)
                0x000000000800b054                PixelPatterns::ColourWipe(unsigned int, unsigned int, unsigned int, pixelpatterns::Direction)
 .text._ZN13PixelPatterns7ScannerEjjj
                0x000000000800b088       0x64 ../lib-ws28xx/lib_gd32/libws28xx.a(pixelpatterns.o)
                0x000000000800b088                PixelPatterns::Scanner(unsigned int, unsigned int, unsigned int)
 .text._ZN13PixelPatterns4FadeEjjjjjN13pixelpatterns9DirectionE
                0x000000000800b0ec       0x30 ../lib-ws28xx/lib_gd32/libws28xx.a(pixelpatterns.o)
                0x000000000800b0ec                PixelPatterns::Fade(unsigned int, unsigned int, unsigned int, unsigned int, unsigned int, pixelpatterns::Direction)
 .text._ZN13PixelPatterns5WheelEh
                0x000000000800b11c       0x4e ../lib-ws28xx/lib_gd32/libws28xx.a(pixelpatterns.o)
                0x000000000800b11c                PixelPatterns::Wheel(unsigned char)
 *fill*         0x000000000800b16a        0x2 
 .text._ZN13PixelPatterns9IncrementEj
                0x000000000800b16c       0x3c ../lib-ws28xx/lib_gd32/libws28xx.a(pixelpatterns.o)
                0x000000000800b16c                PixelPatterns::Increment(unsigned int)
 .text._ZN13PixelPatterns18RainbowCycleUpdateEj
                0x000000000800b1a8       0x54 ../lib-ws28xx/lib_gd32/libws28xx.a(pixelpatterns.o)
                0x000000000800b1a8                PixelPatterns::RainbowCycleUpdate(unsigned int)
 .text._ZN13PixelPatterns18TheaterChaseUpdateEj
                0x000000000800b1fc       0x64 ../lib-ws28xx/lib_gd32/libws28xx.a(pixelpatterns.o)
                0x000000000800b1fc                PixelPatterns::TheaterChaseUpdate(unsigned int)
 .text._ZN13PixelPatterns16ColourWipeUpdateEj
                0x000000000800b260       0x24 ../lib-ws28xx/lib_gd32/libws28xx.a(pixelpatterns.o)
                0x000000000800b260                PixelPatterns::ColourWipeUpdate(unsigned int)
 .text._ZN13PixelPatterns13ScannerUpdateEj
                0x000000000800b284       0xb4 ../lib-ws28xx/lib_gd32/libws28xx.a(pixelpatterns.o)
                0x000000000800b284                PixelPatterns::ScannerUpdate(unsigned int)
 .text._ZN13PixelPatterns10FadeUpdateEj
                0x000000000800b338       0x90 ../lib-ws28xx/lib_gd32/libws28xx.a(pixelpatterns.o)
                0x000000000800b338                PixelPatterns::FadeUpdate(unsigned int)
 .text._ZN13PixelPatterns10PortUpdateEjj
                0x000000000800b3c8       0x50 ../lib-ws28xx/lib_gd32/libws28xx.a(pixelpatterns.o)
                0x000000000800b3c8                PixelPatterns::PortUpdate(unsigned int, unsigned int)
 .text._ZN13PixelPatterns3RunEv
                0x000000000800b418       0x54 ../lib-ws28xx/lib_gd32/libws28xx.a(pixelpatterns.o)
                0x000000000800b418                PixelPatterns::Run()
 .text._ZN9PixelType7GetTypeEN5pixel4TypeE
                0x000000000800b46c       0x18 ../lib-ws28xx/lib_gd32/libws28xx.a(pixeltype.o)
                0x000000000800b46c                PixelType::GetType(pixel::Type)
 .text._ZN9PixelType7GetTypeEPKc
                0x000000000800b484       0x48 ../lib-ws28xx/lib_gd32/libws28xx.a(pixeltype.o)
                0x000000000800b484                PixelType::GetType(char const*)
 .text._ZN9PixelType6GetMapEPKc
                0x000000000800b4cc       0x50 ../lib-ws28xx/lib_gd32/libws28xx.a(pixeltype.o)
                0x000000000800b4cc                PixelType::GetMap(char const*)
 .text._ZN9PixelType6GetMapEN5pixel3MapE
                0x000000000800b51c       0x18 ../lib-ws28xx/lib_gd32/libws28xx.a(pixeltype.o)
                0x000000000800b51c                PixelType::GetMap(pixel::Map)
 .text._ZN9PixelType10ConvertTxHEh
                0x000000000800b534       0x5c ../lib-ws28xx/lib_gd32/libws28xx.a(pixeltype.o)
                0x000000000800b534                PixelType::ConvertTxH(unsigned char)
 .text._ZN9PixelType10ConvertTxHEf
                0x000000000800b590       0x98 ../lib-ws28xx/lib_gd32/libws28xx.a(pixeltype.o)
                0x000000000800b590                PixelType::ConvertTxH(float)
 .text._ZN6WS28xx5PrintEv
                0x000000000800b628       0x84 ../lib-ws28xx/lib_gd32/libws28xx.a(ws28xx.o)
                0x000000000800b628                WS28xx::Print()
 .text._ZN6WS28xx8SetPixelEjhhh
                0x000000000800b6ac      0x998 ../lib-ws28xx/lib_gd32/libws28xx.a(ws28xx.o)
                0x000000000800b6ac                WS28xx::SetPixel(unsigned int, unsigned char, unsigned char, unsigned char)
 .text._ZN6WS28xx8SetPixelEjhhhh
                0x000000000800c044      0x22c ../lib-ws28xx/lib_gd32/libws28xx.a(ws28xx.o)
                0x000000000800c044                WS28xx::SetPixel(unsigned int, unsigned char, unsigned char, unsigned char, unsigned char)
 .text._ZN6WS28xxD2Ev
                0x000000000800c270        0xc ../lib-ws28xx/lib_gd32/libws28xx.a(ws28xx.o)
                0x000000000800c270                WS28xx::~WS28xx()
                0x000000000800c270                WS28xx::~WS28xx()
 .text._ZN6WS28xx12SetupBuffersEv
                0x000000000800c27c       0x30 ../lib-ws28xx/lib_gd32/libws28xx.a(ws28xx.o)
                0x000000000800c27c                WS28xx::SetupBuffers()
 .text._ZN6WS28xxC2ER18PixelConfiguration
                0x000000000800c2ac       0x80 ../lib-ws28xx/lib_gd32/libws28xx.a(ws28xx.o)
                0x000000000800c2ac                WS28xx::WS28xx(PixelConfiguration&)
                0x000000000800c2ac                WS28xx::WS28xx(PixelConfiguration&)
 .text._ZN6WS28xx6UpdateEv
                0x000000000800c32c       0x38 ../lib-ws28xx/lib_gd32/libws28xx.a(ws28xx.o)
                0x000000000800c32c                WS28xx::Update()
 .text._ZN6WS28xx8BlackoutEv
                0x000000000800c364       0x92 ../lib-ws28xx/lib_gd32/libws28xx.a(ws28xx.o)
                0x000000000800c364                WS28xx::Blackout()
 *fill*         0x000000000800c3f6        0x2 
 .text._ZN12RemoteConfig10HandleListEv
                0x000000000800c3f8       0xe8 ../lib-remoteconfig/lib_gd32/libremoteconfig.a(remoteconfig.o)
                0x000000000800c3f8                RemoteConfig::HandleList()
 .text._ZN12RemoteConfig16HandleDisplayGetEv
                0x000000000800c4e0       0x5c ../lib-remoteconfig/lib_gd32/libremoteconfig.a(remoteconfig.o)
                0x000000000800c4e0                RemoteConfig::HandleDisplayGet()
 .text._ZN12RemoteConfig13HandleTftpSetEv
                0x000000000800c53c       0x24 ../lib-remoteconfig/lib_gd32/libremoteconfig.a(remoteconfig.o)
                0x000000000800c53c                RemoteConfig::HandleTftpSet()
 .text._ZN12RemoteConfig13HandleTftpGetEv
                0x000000000800c560       0x58 ../lib-remoteconfig/lib_gd32/libremoteconfig.a(remoteconfig.o)
                0x000000000800c560                RemoteConfig::HandleTftpGet()
 .text._ZN12RemoteConfig13HandleVersionEv
                0x000000000800c5b8       0x44 ../lib-remoteconfig/lib_gd32/libremoteconfig.a(remoteconfig.o)
                0x000000000800c5b8                RemoteConfig::HandleVersion()
 .text._ZN12RemoteConfig12HandleUptimeEv
                0x000000000800c5fc       0x54 ../lib-remoteconfig/lib_gd32/libremoteconfig.a(remoteconfig.o)
                0x000000000800c5fc                RemoteConfig::HandleUptime()
 .text._ZN12RemoteConfig16HandleDisplaySetEv
                0x000000000800c650       0x40 ../lib-remoteconfig/lib_gd32/libremoteconfig.a(remoteconfig.o)
                0x000000000800c650                RemoteConfig::HandleDisplaySet()
 .text._ZN12RemoteConfigC2EN12remoteconfig4NodeENS0_6OutputEj
                0x000000000800c690       0x88 ../lib-remoteconfig/lib_gd32/libremoteconfig.a(remoteconfig.o)
                0x000000000800c690                RemoteConfig::RemoteConfig(remoteconfig::Node, remoteconfig::Output, unsigned int)
                0x000000000800c690                RemoteConfig::RemoteConfig(remoteconfig::Node, remoteconfig::Output, unsigned int)
 .text._ZNK12RemoteConfig13GetStringNodeEv
                0x000000000800c718       0x18 ../lib-remoteconfig/lib_gd32/libremoteconfig.a(remoteconfig.o)
                0x000000000800c718                RemoteConfig::GetStringNode() const
 .text._ZNK12RemoteConfig15GetStringOutputEv
                0x000000000800c730       0x18 ../lib-remoteconfig/lib_gd32/libremoteconfig.a(remoteconfig.o)
                0x000000000800c730                RemoteConfig::GetStringOutput() const
 .text._ZN12RemoteConfig10SetDisableEb
                0x000000000800c748       0x48 ../lib-remoteconfig/lib_gd32/libremoteconfig.a(remoteconfig.o)
                0x000000000800c748                RemoteConfig::SetDisable(bool)
 .text._ZN12RemoteConfig14SetDisplayNameEPKc
                0x000000000800c790       0x30 ../lib-remoteconfig/lib_gd32/libremoteconfig.a(remoteconfig.o)
                0x000000000800c790                RemoteConfig::SetDisplayName(char const*)
 .text._ZN12RemoteConfig9HandleGetEPvj
                0x000000000800c7c0       0xbc ../lib-remoteconfig/lib_gd32/libremoteconfig.a(remoteconfig.o)
                0x000000000800c7c0                RemoteConfig::HandleGet(void*, unsigned int)
 .text._ZN12RemoteConfig17HandleGetNoParamsEv
                0x000000000800c87c        0x8 ../lib-remoteconfig/lib_gd32/libremoteconfig.a(remoteconfig.o)
                0x000000000800c87c                RemoteConfig::HandleGetNoParams()
 .text._ZN12RemoteConfig19HandleGetRconfigTxtERj
                0x000000000800c884       0x2c ../lib-remoteconfig/lib_gd32/libremoteconfig.a(remoteconfig.o)
                0x000000000800c884                RemoteConfig::HandleGetRconfigTxt(unsigned int&)
 .text._ZN12RemoteConfig19HandleGetNetworkTxtERj
                0x000000000800c8b0       0x2c ../lib-remoteconfig/lib_gd32/libremoteconfig.a(remoteconfig.o)
                0x000000000800c8b0                RemoteConfig::HandleGetNetworkTxt(unsigned int&)
 .text._ZN12RemoteConfig15HandleGetOscTxtERj
                0x000000000800c8dc       0x2c ../lib-remoteconfig/lib_gd32/libremoteconfig.a(remoteconfig.o)
                0x000000000800c8dc                RemoteConfig::HandleGetOscTxt(unsigned int&)
 .text._ZN12RemoteConfig19HandleGetDevicesTxtERj
                0x000000000800c908       0x2c ../lib-remoteconfig/lib_gd32/libremoteconfig.a(remoteconfig.o)
                0x000000000800c908                RemoteConfig::HandleGetDevicesTxt(unsigned int&)
 .text._ZN12RemoteConfig9HandleSetEPvj
                0x000000000800c934       0x94 ../lib-remoteconfig/lib_gd32/libremoteconfig.a(remoteconfig.o)
                0x000000000800c934                RemoteConfig::HandleSet(void*, unsigned int)
 .text._ZN12RemoteConfig3RunEv
                0x000000000800c9c8      0x158 ../lib-remoteconfig/lib_gd32/libremoteconfig.a(remoteconfig.o)
                0x000000000800c9c8                RemoteConfig::Run()
 .text._ZN12RemoteConfig16HandleSetRconfigEv
                0x000000000800cb20       0x34 ../lib-remoteconfig/lib_gd32/libremoteconfig.a(remoteconfig.o)
                0x000000000800cb20                RemoteConfig::HandleSetRconfig()
 .text._ZN12RemoteConfig19HandleSetNetworkTxtEv
                0x000000000800cb54       0x28 ../lib-remoteconfig/lib_gd32/libremoteconfig.a(remoteconfig.o)
                0x000000000800cb54                RemoteConfig::HandleSetNetworkTxt()
 .text._ZN12RemoteConfig15HandleSetOscTxtEv
                0x000000000800cb7c       0x2c ../lib-remoteconfig/lib_gd32/libremoteconfig.a(remoteconfig.o)
                0x000000000800cb7c                RemoteConfig::HandleSetOscTxt()
 .text._ZN12RemoteConfig19HandleSetDevicesTxtEv
                0x000000000800cba8       0x2c ../lib-remoteconfig/lib_gd32/libremoteconfig.a(remoteconfig.o)
                0x000000000800cba8                RemoteConfig::HandleSetDevicesTxt()
 .text._ZN12RemoteConfig13HandleFactoryEv
                0x000000000800cbd4       0x1c ../lib-remoteconfig/lib_gd32/libremoteconfig.a(remoteconfigfactory.o)
                0x000000000800cbd4                RemoteConfig::HandleFactory()
 .text._ZN17PropertiesBuilder3AddEPKcb.isra.0
                0x000000000800cbf0       0x50 ../lib-remoteconfig/lib_gd32/libremoteconfig.a(remoteconfigparams.o)
 .text._ZN18RemoteConfigParamsC2EP23RemoteConfigParamsStore
                0x000000000800cc40       0x14 ../lib-remoteconfig/lib_gd32/libremoteconfig.a(remoteconfigparams.o)
                0x000000000800cc40                RemoteConfigParams::RemoteConfigParams(RemoteConfigParamsStore*)
                0x000000000800cc40                RemoteConfigParams::RemoteConfigParams(RemoteConfigParamsStore*)
 .text._ZN18RemoteConfigParams4LoadEv
                0x000000000800cc54       0x18 ../lib-remoteconfig/lib_gd32/libremoteconfig.a(remoteconfigparams.o)
                0x000000000800cc54                RemoteConfigParams::Load()
 .text._ZN18RemoteConfigParams4LoadEPKcj
                0x000000000800cc6c       0x3c ../lib-remoteconfig/lib_gd32/libremoteconfig.a(remoteconfigparams.o)
                0x000000000800cc6c                RemoteConfigParams::Load(char const*, unsigned int)
 .text._ZN18RemoteConfigParams7SetBoolEhj
                0x000000000800cca8       0x10 ../lib-remoteconfig/lib_gd32/libremoteconfig.a(remoteconfigparams.o)
                0x000000000800cca8                RemoteConfigParams::SetBool(unsigned char, unsigned int)
 .text._ZN18RemoteConfigParams16callbackFunctionEPKc
                0x000000000800ccb8       0xac ../lib-remoteconfig/lib_gd32/libremoteconfig.a(remoteconfigparams.o)
                0x000000000800ccb8                RemoteConfigParams::callbackFunction(char const*)
 .text._ZN18RemoteConfigParams22staticCallbackFunctionEPvPKc
                0x000000000800cd64        0x4 ../lib-remoteconfig/lib_gd32/libremoteconfig.a(remoteconfigparams.o)
                0x000000000800cd64                RemoteConfigParams::staticCallbackFunction(void*, char const*)
 .text._ZN18RemoteConfigParams7BuilderEPK19TRemoteConfigParamsPcjRj
                0x000000000800cd68      0x120 ../lib-remoteconfig/lib_gd32/libremoteconfig.a(remoteconfigparams.o)
                0x000000000800cd68                RemoteConfigParams::Builder(TRemoteConfigParams const*, char*, unsigned int, unsigned int&)
 .text._ZN18RemoteConfigParams4SaveEPcjRj
                0x000000000800ce88       0x1a ../lib-remoteconfig/lib_gd32/libremoteconfig.a(remoteconfigparams.o)
                0x000000000800ce88                RemoteConfigParams::Save(char*, unsigned int, unsigned int&)
 .text._ZN18RemoteConfigParams3SetEP12RemoteConfig
                0x000000000800cea2       0x48 ../lib-remoteconfig/lib_gd32/libremoteconfig.a(remoteconfigparams.o)
                0x000000000800cea2                RemoteConfigParams::Set(RemoteConfig*)
 .text._ZN18RemoteConfigParams4DumpEv
                0x000000000800ceea        0x2 ../lib-remoteconfig/lib_gd32/libremoteconfig.a(remoteconfigparamsdump.o)
                0x000000000800ceea                RemoteConfigParams::Dump()
 .text._ZN7Display10TextStatusEPKc
                0x000000000800ceec       0x76 ../lib-remoteconfig/lib_gd32/libremoteconfig.a(remoteconfigreboot.o)
                0x000000000800ceec                Display::TextStatus(char const*)
 *fill*         0x000000000800cf62        0x2 
 .text._ZN12RemoteConfig12HandleRebootEv
                0x000000000800cf64       0xa8 ../lib-remoteconfig/lib_gd32/libremoteconfig.a(remoteconfigreboot.o)
                0x000000000800cf64                RemoteConfig::HandleReboot()
 .text._ZN12RemoteConfig8GetIndexEPKvRj
                0x000000000800d00c       0x54 ../lib-remoteconfig/lib_gd32/libremoteconfig.a(remoteconfigstatic.o)
                0x000000000800d00c                RemoteConfig::GetIndex(void const*, unsigned int&)
 .text._ZN12RemoteConfig21PlatformHandleTftpSetEv
                0x000000000800d060       0x10 ../lib-remoteconfig/lib_gd32/libremoteconfig.a(remoteconfig.o)
                0x000000000800d060                RemoteConfig::PlatformHandleTftpSet()
 .text._ZN12RemoteConfig21PlatformHandleTftpGetEv
                0x000000000800d070       0x1a ../lib-remoteconfig/lib_gd32/libremoteconfig.a(remoteconfig.o)
                0x000000000800d070                RemoteConfig::PlatformHandleTftpGet()
 .text.strcmp   0x000000000800d08a       0x1a ../lib-remoteconfig/lib_gd32/libremoteconfig.a(httd.o)
 .text.strcasecmp
                0x000000000800d0a4       0x34 ../lib-remoteconfig/lib_gd32/libremoteconfig.a(httd.o)
 .text._ZN16PropertiesConfig10EnableJSONEb
                0x000000000800d0d8       0x18 ../lib-remoteconfig/lib_gd32/libremoteconfig.a(httd.o)
                0x000000000800d0d8                PropertiesConfig::EnableJSON(bool)
 .text._ZN10HttpDaemonC2Ev
                0x000000000800d0f0       0x30 ../lib-remoteconfig/lib_gd32/libremoteconfig.a(httd.o)
                0x000000000800d0f0                HttpDaemon::HttpDaemon()
                0x000000000800d0f0                HttpDaemon::HttpDaemon()
 .text._ZN10HttpDaemon5StartEv
                0x000000000800d120       0x18 ../lib-remoteconfig/lib_gd32/libremoteconfig.a(httd.o)
                0x000000000800d120                HttpDaemon::Start()
 .text._ZN10HttpDaemon11ParseMethodEPc
                0x000000000800d138       0x90 ../lib-remoteconfig/lib_gd32/libremoteconfig.a(httd.o)
                0x000000000800d138                HttpDaemon::ParseMethod(char*)
 .text._ZN10HttpDaemon16ParseHeaderFieldEPc
                0x000000000800d1c8       0x94 ../lib-remoteconfig/lib_gd32/libremoteconfig.a(httd.o)
                0x000000000800d1c8                HttpDaemon::ParseHeaderField(char*)
 .text._ZN10HttpDaemon12ParseRequestEv
                0x000000000800d25c       0x6e ../lib-remoteconfig/lib_gd32/libremoteconfig.a(httd.o)
                0x000000000800d25c                HttpDaemon::ParseRequest()
 *fill*         0x000000000800d2ca        0x2 
 .text._ZN10HttpDaemon12HandleGetTxtEv
                0x000000000800d2cc       0x80 ../lib-remoteconfig/lib_gd32/libremoteconfig.a(httd.o)
                0x000000000800d2cc                HttpDaemon::HandleGetTxt()
 .text._ZN10HttpDaemon9HandleGetEv
                0x000000000800d34c      0x15c ../lib-remoteconfig/lib_gd32/libremoteconfig.a(httd.o)
                0x000000000800d34c                HttpDaemon::HandleGet()
 .text._ZN10HttpDaemon10HandlePostEb
                0x000000000800d4a8      0x16c ../lib-remoteconfig/lib_gd32/libremoteconfig.a(httd.o)
                0x000000000800d4a8                HttpDaemon::HandlePost(bool)
 .text._ZN10HttpDaemon3RunEv
                0x000000000800d614      0x164 ../lib-remoteconfig/lib_gd32/libremoteconfig.a(httd.o)
                0x000000000800d614                HttpDaemon::Run()
 .text._ZN12remoteconfig13json_get_listEPct
                0x000000000800d778       0x68 ../lib-remoteconfig/lib_gd32/libremoteconfig.a(remoteconfigjson.o)
                0x000000000800d778                remoteconfig::json_get_list(char*, unsigned short)
 .text._ZN12remoteconfig16json_get_versionEPct
                0x000000000800d7e0       0x38 ../lib-remoteconfig/lib_gd32/libremoteconfig.a(remoteconfigjson.o)
                0x000000000800d7e0                remoteconfig::json_get_version(char*, unsigned short)
 .text._ZN12remoteconfig15json_get_uptimeEPct
                0x000000000800d818       0x20 ../lib-remoteconfig/lib_gd32/libremoteconfig.a(remoteconfigjson.o)
                0x000000000800d818                remoteconfig::json_get_uptime(char*, unsigned short)
 .text._ZN12remoteconfig16json_get_displayEPct
                0x000000000800d838       0x20 ../lib-remoteconfig/lib_gd32/libremoteconfig.a(remoteconfigjson.o)
                0x000000000800d838                remoteconfig::json_get_display(char*, unsigned short)
 .text._ZN12remoteconfig18json_get_directoryEPct
                0x000000000800d858       0x10 ../lib-remoteconfig/lib_gd32/libremoteconfig.a(remoteconfigjson.o)
                0x000000000800d858                remoteconfig::json_get_directory(char*, unsigned short)
 .text._Z16get_file_contentPKcPc
                0x000000000800d868       0x7c ../lib-remoteconfig/lib_gd32/libremoteconfig.a(get_file_content.o)
                0x000000000800d868                get_file_content(char const*, char*)
 .text._ZN13SpiFlashStore14GetStoreOffsetEN13spiflashstore5StoreE
                0x000000000800d8e4       0x1c ../lib-spiflashstore/lib_gd32/libspiflashstore.a(spiflashstore.o)
                0x000000000800d8e4                SpiFlashStore::GetStoreOffset(spiflashstore::Store)
 .text._ZN13SpiFlashStore4InitEv
                0x000000000800d900      0x140 ../lib-spiflashstore/lib_gd32/libspiflashstore.a(spiflashstore.o)
                0x000000000800d900                SpiFlashStore::Init()
 .text._ZN13SpiFlashStoreC2Ev
                0x000000000800da40       0x4c ../lib-spiflashstore/lib_gd32/libspiflashstore.a(spiflashstore.o)
                0x000000000800da40                SpiFlashStore::SpiFlashStore()
                0x000000000800da40                SpiFlashStore::SpiFlashStore()
 .text._ZN13SpiFlashStore12ResetSetListEN13spiflashstore5StoreE
                0x000000000800da8c       0x24 ../lib-spiflashstore/lib_gd32/libspiflashstore.a(spiflashstore.o)
                0x000000000800da8c                SpiFlashStore::ResetSetList(spiflashstore::Store)
 .text._ZN13SpiFlashStore6UpdateEN13spiflashstore5StoreEjPKvjjj
                0x000000000800dab0       0x80 ../lib-spiflashstore/lib_gd32/libspiflashstore.a(spiflashstore.o)
                0x000000000800dab0                SpiFlashStore::Update(spiflashstore::Store, unsigned int, void const*, unsigned int, unsigned int, unsigned int)
 .text._ZN13SpiFlashStore4CopyEN13spiflashstore5StoreEPvjj
                0x000000000800db30       0x68 ../lib-spiflashstore/lib_gd32/libspiflashstore.a(spiflashstore.o)
                0x000000000800db30                SpiFlashStore::Copy(spiflashstore::Store, void*, unsigned int, unsigned int)
 .text._ZN13SpiFlashStore5FlashEv
                0x000000000800db98       0xb4 ../lib-spiflashstore/lib_gd32/libspiflashstore.a(spiflashstore.o)
                0x000000000800db98                SpiFlashStore::Flash()
 .text._ZN12StoreNetworkD2Ev
                0x000000000800dc4c        0x6 ../lib-spiflashstore/lib_gd32/libspiflashstore.a(storenetwork.o)
                0x000000000800dc4c                StoreNetwork::~StoreNetwork()
                0x000000000800dc4c                StoreNetwork::~StoreNetwork()
                0x000000000800dc4e                non-virtual thunk to StoreNetwork::~StoreNetwork()
 *fill*         0x000000000800dc52        0x2 
 .text._ZN12StoreNetwork6UpdateEPK14TNetworkParams
                0x000000000800dc54       0x24 ../lib-spiflashstore/lib_gd32/libspiflashstore.a(storenetwork.o)
                0x000000000800dc54                StoreNetwork::Update(TNetworkParams const*)
 .text._ZN12StoreNetwork8SaveDhcpEb
                0x000000000800dc78       0x30 ../lib-spiflashstore/lib_gd32/libspiflashstore.a(storenetwork.o)
                0x000000000800dc78                StoreNetwork::SaveDhcp(bool)
                0x000000000800dca0                non-virtual thunk to StoreNetwork::SaveDhcp(bool)
 .text._ZN12StoreNetwork13SaveGatewayIpEj
                0x000000000800dca8       0x30 ../lib-spiflashstore/lib_gd32/libspiflashstore.a(storenetwork.o)
                0x000000000800dca8                StoreNetwork::SaveGatewayIp(unsigned int)
                0x000000000800dcd0                non-virtual thunk to StoreNetwork::SaveGatewayIp(unsigned int)
 .text._ZN12StoreNetwork11SaveNetMaskEj
                0x000000000800dcd8       0x2c ../lib-spiflashstore/lib_gd32/libspiflashstore.a(storenetwork.o)
                0x000000000800dcd8                StoreNetwork::SaveNetMask(unsigned int)
                0x000000000800dcfc                non-virtual thunk to StoreNetwork::SaveNetMask(unsigned int)
 .text._ZN12StoreNetwork6SaveIpEj
                0x000000000800dd04       0x2c ../lib-spiflashstore/lib_gd32/libspiflashstore.a(storenetwork.o)
                0x000000000800dd04                StoreNetwork::SaveIp(unsigned int)
                0x000000000800dd28                non-virtual thunk to StoreNetwork::SaveIp(unsigned int)
 .text._ZN12StoreNetwork12SaveHostNameEPKcj
                0x000000000800dd30       0x30 ../lib-spiflashstore/lib_gd32/libspiflashstore.a(storenetwork.o)
                0x000000000800dd30                StoreNetwork::SaveHostName(char const*, unsigned int)
                0x000000000800dd58                non-virtual thunk to StoreNetwork::SaveHostName(char const*, unsigned int)
 .text._ZN12StoreNetworkD0Ev
                0x000000000800dd60       0x12 ../lib-spiflashstore/lib_gd32/libspiflashstore.a(storenetwork.o)
                0x000000000800dd60                StoreNetwork::~StoreNetwork()
                0x000000000800dd6c                non-virtual thunk to StoreNetwork::~StoreNetwork()
 *fill*         0x000000000800dd72        0x2 
 .text._ZN12StoreNetwork4CopyEP14TNetworkParams
                0x000000000800dd74       0x1c ../lib-spiflashstore/lib_gd32/libspiflashstore.a(storenetwork.o)
                0x000000000800dd74                StoreNetwork::Copy(TNetworkParams*)
 .text._ZN12StoreNetworkC2Ev
                0x000000000800dd90       0x18 ../lib-spiflashstore/lib_gd32/libspiflashstore.a(storenetwork.o)
                0x000000000800dd90                StoreNetwork::StoreNetwork()
                0x000000000800dd90                StoreNetwork::StoreNetwork()
 .text._ZN14StoreOscServerD2Ev
                0x000000000800dda8        0x2 ../lib-spiflashstore/lib_gd32/libspiflashstore.a(storeoscserver.o)
                0x000000000800dda8                StoreOscServer::~StoreOscServer()
                0x000000000800dda8                StoreOscServer::~StoreOscServer()
 *fill*         0x000000000800ddaa        0x2 
 .text._ZN14StoreOscServer4CopyEPN3osc6server6ParamsE
                0x000000000800ddac       0x20 ../lib-spiflashstore/lib_gd32/libspiflashstore.a(storeoscserver.o)
                0x000000000800ddac                StoreOscServer::Copy(osc::server::Params*)
 .text._ZN14StoreOscServer6UpdateEPKN3osc6server6ParamsE
                0x000000000800ddcc       0x24 ../lib-spiflashstore/lib_gd32/libspiflashstore.a(storeoscserver.o)
                0x000000000800ddcc                StoreOscServer::Update(osc::server::Params const*)
 .text._ZN14StoreOscServerD0Ev
                0x000000000800ddf0        0xc ../lib-spiflashstore/lib_gd32/libspiflashstore.a(storeoscserver.o)
                0x000000000800ddf0                StoreOscServer::~StoreOscServer()
 .text._ZN14StoreOscServerC2Ev
                0x000000000800ddfc       0x14 ../lib-spiflashstore/lib_gd32/libspiflashstore.a(storeoscserver.o)
                0x000000000800ddfc                StoreOscServer::StoreOscServer()
                0x000000000800ddfc                StoreOscServer::StoreOscServer()
 .text._ZN17StoreRemoteConfigD2Ev
                0x000000000800de10        0x2 ../lib-spiflashstore/lib_gd32/libspiflashstore.a(storeremoteconfig.o)
                0x000000000800de10                StoreRemoteConfig::~StoreRemoteConfig()
                0x000000000800de10                StoreRemoteConfig::~StoreRemoteConfig()
 *fill*         0x000000000800de12        0x2 
 .text._ZN17StoreRemoteConfig4CopyEP19TRemoteConfigParams
                0x000000000800de14       0x20 ../lib-spiflashstore/lib_gd32/libspiflashstore.a(storeremoteconfig.o)
                0x000000000800de14                StoreRemoteConfig::Copy(TRemoteConfigParams*)
 .text._ZN17StoreRemoteConfig6UpdateEPK19TRemoteConfigParams
                0x000000000800de34       0x24 ../lib-spiflashstore/lib_gd32/libspiflashstore.a(storeremoteconfig.o)
                0x000000000800de34                StoreRemoteConfig::Update(TRemoteConfigParams const*)
 .text._ZN17StoreRemoteConfigD0Ev
                0x000000000800de58        0xc ../lib-spiflashstore/lib_gd32/libspiflashstore.a(storeremoteconfig.o)
                0x000000000800de58                StoreRemoteConfig::~StoreRemoteConfig()
 .text._ZN17StoreRemoteConfigC2Ev
                0x000000000800de64       0x14 ../lib-spiflashstore/lib_gd32/libspiflashstore.a(storeremoteconfig.o)
                0x000000000800de64                StoreRemoteConfig::StoreRemoteConfig()
                0x000000000800de64                StoreRemoteConfig::StoreRemoteConfig()
 .text._ZN14StoreWS28xxDmxD2Ev
                0x000000000800de78        0x6 ../lib-spiflashstore/lib_gd32/libspiflashstore.a(storews28xxdmx.o)
                0x000000000800de78                StoreWS28xxDmx::~StoreWS28xxDmx()
                0x000000000800de78                StoreWS28xxDmx::~StoreWS28xxDmx()
                0x000000000800de7a                non-virtual thunk to StoreWS28xxDmx::~StoreWS28xxDmx()
 *fill*         0x000000000800de7e        0x2 
 .text._ZN14StoreWS28xxDmx6UpdateEPK16TWS28xxDmxParams
                0x000000000800de80       0x24 ../lib-spiflashstore/lib_gd32/libspiflashstore.a(storews28xxdmx.o)
                0x000000000800de80                StoreWS28xxDmx::Update(TWS28xxDmxParams const*)
 .text._ZN14StoreWS28xxDmx19SaveDmxStartAddressEt
                0x000000000800dea4       0x34 ../lib-spiflashstore/lib_gd32/libspiflashstore.a(storews28xxdmx.o)
                0x000000000800dea4                StoreWS28xxDmx::SaveDmxStartAddress(unsigned short)
                0x000000000800ded0                non-virtual thunk to StoreWS28xxDmx::SaveDmxStartAddress(unsigned short)
 .text._ZN14StoreWS28xxDmx15SaveTestPatternEh
                0x000000000800ded8       0x38 ../lib-spiflashstore/lib_gd32/libspiflashstore.a(storews28xxdmx.o)
                0x000000000800ded8                StoreWS28xxDmx::SaveTestPattern(unsigned char)
                0x000000000800df08                non-virtual thunk to StoreWS28xxDmx::SaveTestPattern(unsigned char)
 .text._ZN14StoreWS28xxDmx7SaveMapEh
                0x000000000800df10       0x38 ../lib-spiflashstore/lib_gd32/libspiflashstore.a(storews28xxdmx.o)
                0x000000000800df10                StoreWS28xxDmx::SaveMap(unsigned char)
                0x000000000800df40                non-virtual thunk to StoreWS28xxDmx::SaveMap(unsigned char)
 .text._ZN14StoreWS28xxDmx17SaveGroupingCountEt
                0x000000000800df48       0x38 ../lib-spiflashstore/lib_gd32/libspiflashstore.a(storews28xxdmx.o)
                0x000000000800df48                StoreWS28xxDmx::SaveGroupingCount(unsigned short)
                0x000000000800df78                non-virtual thunk to StoreWS28xxDmx::SaveGroupingCount(unsigned short)
 .text._ZN14StoreWS28xxDmx9SaveCountEt
                0x000000000800df80       0x34 ../lib-spiflashstore/lib_gd32/libspiflashstore.a(storews28xxdmx.o)
                0x000000000800df80                StoreWS28xxDmx::SaveCount(unsigned short)
                0x000000000800dfac                non-virtual thunk to StoreWS28xxDmx::SaveCount(unsigned short)
 .text._ZN14StoreWS28xxDmx8SaveTypeEh
                0x000000000800dfb4       0x34 ../lib-spiflashstore/lib_gd32/libspiflashstore.a(storews28xxdmx.o)
                0x000000000800dfb4                StoreWS28xxDmx::SaveType(unsigned char)
                0x000000000800dfe0                non-virtual thunk to StoreWS28xxDmx::SaveType(unsigned char)
 .text._ZN14StoreWS28xxDmxD0Ev
                0x000000000800dfe8       0x12 ../lib-spiflashstore/lib_gd32/libspiflashstore.a(storews28xxdmx.o)
                0x000000000800dfe8                StoreWS28xxDmx::~StoreWS28xxDmx()
                0x000000000800dff4                non-virtual thunk to StoreWS28xxDmx::~StoreWS28xxDmx()
 *fill*         0x000000000800dffa        0x2 
 .text._ZN14StoreWS28xxDmx4CopyEP16TWS28xxDmxParams
                0x000000000800dffc       0x20 ../lib-spiflashstore/lib_gd32/libspiflashstore.a(storews28xxdmx.o)
                0x000000000800dffc                StoreWS28xxDmx::Copy(TWS28xxDmxParams*)
 .text._ZN14StoreWS28xxDmxC2Ev
                0x000000000800e01c       0x18 ../lib-spiflashstore/lib_gd32/libspiflashstore.a(storews28xxdmx.o)
                0x000000000800e01c                StoreWS28xxDmx::StoreWS28xxDmx()
                0x000000000800e01c                StoreWS28xxDmx::StoreWS28xxDmx()
 .text._ZN8FlashRomC2Ev
                0x000000000800e034       0x30 ../lib-spiflash/lib_gd32/libspiflash.a(flashrom.o)
                0x000000000800e034                FlashRom::FlashRom()
                0x000000000800e034                FlashRom::FlashRom()
 .text._ZNK8FlashRom7GetSizeEv
                0x000000000800e064       0x10 ../lib-spiflash/lib_gd32/libspiflash.a(flashrom.o)
                0x000000000800e064                FlashRom::GetSize() const
 .text._ZNK8FlashRom13GetSectorSizeEv
                0x000000000800e074        0x6 ../lib-spiflash/lib_gd32/libspiflash.a(flashrom.o)
                0x000000000800e074                FlashRom::GetSectorSize() const
 .text._ZN8FlashRom4ReadEjjPhRN8flashrom6resultE
                0x000000000800e07a       0x1e ../lib-spiflash/lib_gd32/libspiflash.a(flashrom.o)
                0x000000000800e07a                FlashRom::Read(unsigned int, unsigned int, unsigned char*, flashrom::result&)
 .text._ZN8FlashRom5EraseEjjRN8flashrom6resultE
                0x000000000800e098      0x140 ../lib-spiflash/lib_gd32/libspiflash.a(flashrom.o)
                0x000000000800e098                FlashRom::Erase(unsigned int, unsigned int, flashrom::result&)
 .text._ZN8FlashRom5WriteEjjPKhRN8flashrom6resultE
                0x000000000800e1d8      0x14c ../lib-spiflash/lib_gd32/libspiflash.a(flashrom.o)
                0x000000000800e1d8                FlashRom::Write(unsigned int, unsigned int, unsigned char const*, flashrom::result&)
 .text.net_timers_run
                0x000000000800e324       0x20 ../lib-network/lib_gd32/libnetwork.a(net_timers.o)
                0x000000000800e324                net_timers_run
 .text.rfc3927  0x000000000800e344       0x80 ../lib-network/lib_gd32/libnetwork.a(rfc3927.o)
                0x000000000800e344                rfc3927
 .text._init_tcb
                0x000000000800e3c4       0x34 ../lib-network/lib_gd32/libnetwork.a(tcp.o)
 .text.memcpy.isra.0
                0x000000000800e3f8       0x14 ../lib-network/lib_gd32/libnetwork.a(tcp.o)
 .text._bswap32
                0x000000000800e40c       0x4a ../lib-network/lib_gd32/libnetwork.a(tcp.o)
 *fill*         0x000000000800e456        0x2 
 .text._tcp_send_package
                0x000000000800e458      0x15c ../lib-network/lib_gd32/libnetwork.a(tcp.o)
 .text._send_reset
                0x000000000800e5b4       0x60 ../lib-network/lib_gd32/libnetwork.a(tcp.o)
 .text.tcp_begin
                0x000000000800e614       0x34 ../lib-network/lib_gd32/libnetwork.a(tcp.o)
                0x000000000800e614                tcp_begin
 .text.tcp_write
                0x000000000800e648       0x48 ../lib-network/lib_gd32/libnetwork.a(tcp.o)
                0x000000000800e648                tcp_write
 .text.tcp_read
                0x000000000800e690       0x80 ../lib-network/lib_gd32/libnetwork.a(tcp.o)
                0x000000000800e690                tcp_read
 .text.memcpy.isra.0
                0x000000000800e710       0x14 ../lib-network/lib_gd32/libnetwork.a(udp.o)
 .text.net_memcpy
                0x000000000800e724       0x44 ../lib-network/lib_gd32/libnetwork.a(udp.o)
                0x000000000800e724                net_memcpy
 .text.udp_set_ip
                0x000000000800e768       0x40 ../lib-network/lib_gd32/libnetwork.a(udp.o)
                0x000000000800e768                udp_set_ip
 .text.udp_bind
                0x000000000800e7a8       0x34 ../lib-network/lib_gd32/libnetwork.a(udp.o)
                0x000000000800e7a8                udp_bind
 .text.udp_unbind
                0x000000000800e7dc       0x40 ../lib-network/lib_gd32/libnetwork.a(udp.o)
                0x000000000800e7dc                udp_unbind
 .text.udp_recv
                0x000000000800e81c       0x6c ../lib-network/lib_gd32/libnetwork.a(udp.o)
                0x000000000800e81c                udp_recv
 .text.udp_recv2
                0x000000000800e888       0x4c ../lib-network/lib_gd32/libnetwork.a(udp.o)
                0x000000000800e888                udp_recv2
 .text.udp_send
                0x000000000800e8d4      0x160 ../lib-network/lib_gd32/libnetwork.a(udp.o)
                0x000000000800e8d4                udp_send
 .text.strlen   0x000000000800ea34       0x10 ../lib-network/lib_gd32/libnetwork.a(mdns.o)
 .text.strcmp   0x000000000800ea44       0x1a ../lib-network/lib_gd32/libnetwork.a(mdns.o)
 .text.strcpy.isra.0
                0x000000000800ea5e       0x10 ../lib-network/lib_gd32/libnetwork.a(mdns.o)
 .text.strcat.isra.0
                0x000000000800ea6e       0x16 ../lib-network/lib_gd32/libnetwork.a(mdns.o)
 .text._ZN4MDNSC2Ev
                0x000000000800ea84       0x20 ../lib-network/lib_gd32/libnetwork.a(mdns.o)
                0x000000000800ea84                MDNS::MDNS()
                0x000000000800ea84                MDNS::MDNS()
 .text._ZN4MDNS7SetNameEPKc
                0x000000000800eaa4       0x38 ../lib-network/lib_gd32/libnetwork.a(mdns.o)
                0x000000000800eaa4                MDNS::SetName(char const*)
 .text._ZN4MDNS21DecodeDNSNameNotationEPKcPc
                0x000000000800eadc       0x8c ../lib-network/lib_gd32/libnetwork.a(mdns.o)
                0x000000000800eadc                MDNS::DecodeDNSNameNotation(char const*, char*)
 .text._ZNK4MDNS21FindFirstDotFromRightEPKc
                0x000000000800eb68       0x1c ../lib-network/lib_gd32/libnetwork.a(mdns.o)
                0x000000000800eb68                MDNS::FindFirstDotFromRight(char const*) const
 .text._ZN4MDNS12WriteDnsNameEPKcPcb
                0x000000000800eb84       0x32 ../lib-network/lib_gd32/libnetwork.a(mdns.o)
                0x000000000800eb84                MDNS::WriteDnsName(char const*, char*, bool)
 *fill*         0x000000000800ebb6        0x2 
 .text._ZN4MDNS26CreateAnswerLocalIpAddressEv
                0x000000000800ebb8       0x54 ../lib-network/lib_gd32/libnetwork.a(mdns.o)
                0x000000000800ebb8                MDNS::CreateAnswerLocalIpAddress()
 .text._ZN4MDNS5StartEv
                0x000000000800ec0c       0x94 ../lib-network/lib_gd32/libnetwork.a(mdns.o)
                0x000000000800ec0c                MDNS::Start()
 .text._ZN4MDNS22CreateAnswerServiceSrvEjPh
                0x000000000800eca0       0x88 ../lib-network/lib_gd32/libnetwork.a(mdns.o)
                0x000000000800eca0                MDNS::CreateAnswerServiceSrv(unsigned int, unsigned char*)
 .text._ZN4MDNS22CreateAnswerServiceTxtEjPh
                0x000000000800ed28       0x7c ../lib-network/lib_gd32/libnetwork.a(mdns.o)
                0x000000000800ed28                MDNS::CreateAnswerServiceTxt(unsigned int, unsigned char*)
 .text._ZN4MDNS22CreateAnswerServicePtrEjPh
                0x000000000800eda4       0x78 ../lib-network/lib_gd32/libnetwork.a(mdns.o)
                0x000000000800eda4                MDNS::CreateAnswerServicePtr(unsigned int, unsigned char*)
 .text._ZN4MDNS24CreateAnswerServiceDnsSdEjPh
                0x000000000800ee1c       0x50 ../lib-network/lib_gd32/libnetwork.a(mdns.o)
                0x000000000800ee1c                MDNS::CreateAnswerServiceDnsSd(unsigned int, unsigned char*)
 .text._ZN4MDNS17CreateMDNSMessageEj
                0x000000000800ee6c       0x78 ../lib-network/lib_gd32/libnetwork.a(mdns.o)
                0x000000000800ee6c                MDNS::CreateMDNSMessage(unsigned int)
 .text._ZN4MDNS16AddServiceRecordEPKcS1_tN4mdns8ProtocolES1_
                0x000000000800eee4      0x124 ../lib-network/lib_gd32/libnetwork.a(mdns.o)
                0x000000000800eee4                MDNS::AddServiceRecord(char const*, char const*, unsigned short, mdns::Protocol, char const*)
 .text._ZN4MDNS13HandleRequestEt
                0x000000000800f008       0xf8 ../lib-network/lib_gd32/libnetwork.a(mdns.o)
                0x000000000800f008                MDNS::HandleRequest(unsigned short)
 .text._ZN4MDNS5ParseEv
                0x000000000800f100       0x28 ../lib-network/lib_gd32/libnetwork.a(mdns.o)
                0x000000000800f100                MDNS::Parse()
 .text._ZN4MDNS3RunEv
                0x000000000800f128       0x48 ../lib-network/lib_gd32/libnetwork.a(mdns.o)
                0x000000000800f128                MDNS::Run()
 .text._ZN4MDNS5PrintEv
                0x000000000800f170       0x7c ../lib-network/lib_gd32/libnetwork.a(mdns.o)
                0x000000000800f170                MDNS::Print()
 .text.strncpy.constprop.0.isra.0
                0x000000000800f1ec       0x22 ../lib-network/lib_gd32/libnetwork.a(network.o)
 *fill*         0x000000000800f20e        0x2 
 .text._ZN7NetworkC2Ev
                0x000000000800f210       0x50 ../lib-network/lib_gd32/libnetwork.a(network.o)
                0x000000000800f210                Network::Network()
                0x000000000800f210                Network::Network()
 .text._ZN7Network8ShutdownEv
                0x000000000800f260       0x10 ../lib-network/lib_gd32/libnetwork.a(network.o)
                0x000000000800f260                Network::Shutdown()
 .text._ZN7Network5BeginEt
                0x000000000800f270        0x6 ../lib-network/lib_gd32/libnetwork.a(network.o)
                0x000000000800f270                Network::Begin(unsigned short)
 .text._ZN7Network3EndEt
                0x000000000800f276        0x6 ../lib-network/lib_gd32/libnetwork.a(network.o)
                0x000000000800f276                Network::End(unsigned short)
 .text._ZN7Network16MacAddressCopyToEPh
                0x000000000800f27c       0x16 ../lib-network/lib_gd32/libnetwork.a(network.o)
                0x000000000800f27c                Network::MacAddressCopyTo(unsigned char*)
 .text._ZN7Network9JoinGroupEij
                0x000000000800f292        0x6 ../lib-network/lib_gd32/libnetwork.a(network.o)
                0x000000000800f292                Network::JoinGroup(int, unsigned int)
 .text._ZN7Network12SetDefaultIpEv
                0x000000000800f298       0x22 ../lib-network/lib_gd32/libnetwork.a(network.o)
                0x000000000800f298                Network::SetDefaultIp()
 *fill*         0x000000000800f2ba        0x2 
 .text._ZN7Network4InitEP18NetworkParamsStore
                0x000000000800f2bc      0x260 ../lib-network/lib_gd32/libnetwork.a(network.o)
                0x000000000800f2bc                Network::Init(NetworkParamsStore*)
 .text._ZN7Network5PrintEv
                0x000000000800f51c       0xf8 ../lib-network/lib_gd32/libnetwork.a(network.o)
                0x000000000800f51c                Network::Print()
 .text._ZN7Network8TcpBeginEt
                0x000000000800f614        0x6 ../lib-network/lib_gd32/libnetwork.a(networktcp.o)
                0x000000000800f614                Network::TcpBegin(unsigned short)
 .text._ZN7Network7TcpReadEiPPKh
                0x000000000800f61a        0x8 ../lib-network/lib_gd32/libnetwork.a(networktcp.o)
                0x000000000800f61a                Network::TcpRead(int, unsigned char const**)
 .text._ZN7Network8TcpWriteEiPKht
                0x000000000800f622        0xa ../lib-network/lib_gd32/libnetwork.a(networktcp.o)
                0x000000000800f622                Network::TcpWrite(int, unsigned char const*, unsigned short)
 .text._ZN13NetworkParamsC2EP18NetworkParamsStore
                0x000000000800f62c       0x20 ../lib-network/lib_gd32/libnetwork.a(networkparams.o)
                0x000000000800f62c                NetworkParams::NetworkParams(NetworkParamsStore*)
                0x000000000800f62c                NetworkParams::NetworkParams(NetworkParamsStore*)
 .text._ZN13NetworkParams4LoadEv
                0x000000000800f64c       0x20 ../lib-network/lib_gd32/libnetwork.a(networkparams.o)
                0x000000000800f64c                NetworkParams::Load()
 .text._ZN13NetworkParams4LoadEPKcj
                0x000000000800f66c       0x4c ../lib-network/lib_gd32/libnetwork.a(networkparams.o)
                0x000000000800f66c                NetworkParams::Load(char const*, unsigned int)
 .text._ZN13NetworkParams16callbackFunctionEPKc
                0x000000000800f6b8      0x130 ../lib-network/lib_gd32/libnetwork.a(networkparams.o)
                0x000000000800f6b8                NetworkParams::callbackFunction(char const*)
 .text._ZN13NetworkParams22staticCallbackFunctionEPvPKc
                0x000000000800f7e8        0x4 ../lib-network/lib_gd32/libnetwork.a(networkparams.o)
                0x000000000800f7e8                NetworkParams::staticCallbackFunction(void*, char const*)
 .text._ZN13NetworkParams7BuilderEPK14TNetworkParamsPcjRj
                0x000000000800f7ec      0x218 ../lib-network/lib_gd32/libnetwork.a(networkparams.o)
                0x000000000800f7ec                NetworkParams::Builder(TNetworkParams const*, char*, unsigned int, unsigned int&)
 .text._ZN13NetworkParams4SaveEPcjRj
                0x000000000800fa04       0x1a ../lib-network/lib_gd32/libnetwork.a(networkparams.o)
                0x000000000800fa04                NetworkParams::Save(char*, unsigned int, unsigned int&)
 .text._ZN13NetworkParams4DumpEv
                0x000000000800fa1e        0x2 ../lib-network/lib_gd32/libnetwork.a(networkparamsdump.o)
                0x000000000800fa1e                NetworkParams::Dump()
 .text.memcpy.isra.0
                0x000000000800fa20       0x14 ../lib-network/lib_gd32/libnetwork.a(arp.o)
 .text.arp_announce
                0x000000000800fa34       0x14 ../lib-network/lib_gd32/libnetwork.a(arp.o)
                0x000000000800fa34                arp_announce
 .text.arp_handle_request
                0x000000000800fa48       0x50 ../lib-network/lib_gd32/libnetwork.a(arp.o)
                0x000000000800fa48                arp_handle_request
 .text.arp_handle_reply
                0x000000000800fa98        0x8 ../lib-network/lib_gd32/libnetwork.a(arp.o)
                0x000000000800fa98                arp_handle_reply
 .text.arp_send_request
                0x000000000800faa0       0x14 ../lib-network/lib_gd32/libnetwork.a(arp.o)
                0x000000000800faa0                arp_send_request
 .text.arp_cache_update
                0x000000000800fab4       0x50 ../lib-network/lib_gd32/libnetwork.a(arp_cache.o)
                0x000000000800fab4                arp_cache_update
 .text.arp_cache_lookup
                0x000000000800fb04       0x9c ../lib-network/lib_gd32/libnetwork.a(arp_cache.o)
                0x000000000800fb04                arp_cache_lookup
 .text._parse_response
                0x000000000800fba0      0x188 ../lib-network/lib_gd32/libnetwork.a(dhcp.o)
 .text.memcpy.isra.0
                0x000000000800fd28       0x14 ../lib-network/lib_gd32/libnetwork.a(dhcp.o)
 .text.dhcp_client
                0x000000000800fd3c      0x210 ../lib-network/lib_gd32/libnetwork.a(dhcp.o)
                0x000000000800fd3c                dhcp_client
 .text.dhcp_client_release
                0x000000000800ff4c       0x5c ../lib-network/lib_gd32/libnetwork.a(dhcp.o)
                0x000000000800ff4c                dhcp_client_release
 .text.memcpy.isra.0
                0x000000000800ffa8       0x14 ../lib-network/lib_gd32/libnetwork.a(igmp.o)
 .text._send_report
                0x000000000800ffbc       0x80 ../lib-network/lib_gd32/libnetwork.a(igmp.o)
 .text.igmp_set_ip
                0x000000000801003c       0x2c ../lib-network/lib_gd32/libnetwork.a(igmp.o)
                0x000000000801003c                igmp_set_ip
 .text.igmp_timer
                0x0000000008010068       0x34 ../lib-network/lib_gd32/libnetwork.a(igmp.o)
                0x0000000008010068                igmp_timer
 .text.igmp_join
                0x000000000801009c       0x58 ../lib-network/lib_gd32/libnetwork.a(igmp.o)
                0x000000000801009c                igmp_join
 .text.igmp_leave
                0x00000000080100f4       0x88 ../lib-network/lib_gd32/libnetwork.a(igmp.o)
                0x00000000080100f4                igmp_leave
 .text.ip_set_ip
                0x000000000801017c       0x12 ../lib-network/lib_gd32/libnetwork.a(ip.o)
                0x000000000801017c                ip_set_ip
 .text.net_chksum
                0x000000000801018e       0x3a ../lib-network/lib_gd32/libnetwork.a(net_chksum.o)
                0x000000000801018e                net_chksum
 .text.memcpy.isra.0
                0x00000000080101c8       0x14 ../lib-network/lib_gd32/libnetwork.a(icmp.o)
 .text._ZN10properties17convert_json_fileEPctb
                0x00000000080101dc      0x15a ../lib-properties/lib_gd32/libproperties.a(properties.o)
                0x00000000080101dc                properties::convert_json_file(char*, unsigned short, bool)
 *fill*         0x0000000008010336        0x2 
 .text._ZN17PropertiesBuilderC2EPKcPcj
                0x0000000008010338       0x84 ../lib-properties/lib_gd32/libproperties.a(propertiesbuilder.o)
                0x0000000008010338                PropertiesBuilder::PropertiesBuilder(char const*, char*, unsigned int)
                0x0000000008010338                PropertiesBuilder::PropertiesBuilder(char const*, char*, unsigned int)
 .text._ZN17PropertiesBuilder12AddIpAddressEPKcjb
                0x00000000080103bc       0x88 ../lib-properties/lib_gd32/libproperties.a(propertiesbuilder.o)
                0x00000000080103bc                PropertiesBuilder::AddIpAddress(char const*, unsigned int, bool)
 .text._ZN17PropertiesBuilder10AddCommentEPKc
                0x0000000008010444       0x34 ../lib-properties/lib_gd32/libproperties.a(propertiesbuilder.o)
                0x0000000008010444                PropertiesBuilder::AddComment(char const*)
 .text._ZN14ReadConfigFileC2EPFvPvPKcES0_
                0x0000000008010478        0x6 ../lib-properties/lib_gd32/libproperties.a(readconfigfile.o)
                0x0000000008010478                ReadConfigFile::ReadConfigFile(void (*)(void*, char const*), void*)
                0x0000000008010478                ReadConfigFile::ReadConfigFile(void (*)(void*, char const*), void*)
 .text._ZN14ReadConfigFileD2Ev
                0x000000000801047e        0x2 ../lib-properties/lib_gd32/libproperties.a(readconfigfile.o)
                0x000000000801047e                ReadConfigFile::~ReadConfigFile()
                0x000000000801047e                ReadConfigFile::~ReadConfigFile()
 .text._ZN14ReadConfigFile4ReadEPKcj
                0x0000000008010480       0x68 ../lib-properties/lib_gd32/libproperties.a(readconfigfile.o)
                0x0000000008010480                ReadConfigFile::Read(char const*, unsigned int)
 .text._ZN5Sscan4CharEPKcS1_PcRj
                0x00000000080104e8       0x32 ../lib-properties/lib_gd32/libproperties.a(sscanchar.o)
                0x00000000080104e8                Sscan::Char(char const*, char const*, char*, unsigned int&)
 .text._ZN5Sscan5FloatEPKcS1_Rf
                0x000000000801051a       0xc6 ../lib-properties/lib_gd32/libproperties.a(sscanfloat.o)
                0x000000000801051a                Sscan::Float(char const*, char const*, float&)
 .text._ZN5Sscan9IpAddressEPKcS1_Rj
                0x00000000080105e0       0x80 ../lib-properties/lib_gd32/libproperties.a(sscanipaddress.o)
                0x00000000080105e0                Sscan::IpAddress(char const*, char const*, unsigned int&)
 .text._ZN5Sscan6Uint16EPKcS1_Rt
                0x0000000008010660       0x3c ../lib-properties/lib_gd32/libproperties.a(sscanuint16.o)
                0x0000000008010660                Sscan::Uint16(char const*, char const*, unsigned short&)
 .text._ZN5Sscan6Uint32EPKcS1_Rj
                0x000000000801069c       0x52 ../lib-properties/lib_gd32/libproperties.a(sscanuint32.o)
                0x000000000801069c                Sscan::Uint32(char const*, char const*, unsigned int&)
 .text._ZN5Sscan5Uint8EPKcS1_Rh
                0x00000000080106ee       0x3a ../lib-properties/lib_gd32/libproperties.a(sscanuint8.o)
                0x00000000080106ee                Sscan::Uint8(char const*, char const*, unsigned char&)
 .text._ZN5Sscan9checkNameEPKcS1_
                0x0000000008010728       0x2c ../lib-properties/lib_gd32/libproperties.a(sscan.o)
                0x0000000008010728                Sscan::checkName(char const*, char const*)
 .text._ZN7Display9PrintInfoEv.isra.0
                0x0000000008010754       0x14 ../lib-display/lib_gd32/libdisplay.a(display.o)
 .text._ZN7HAL_I2C13WriteRegisterEht
                0x0000000008010768       0x2a ../lib-display/lib_gd32/libdisplay.a(display.o)
                0x0000000008010768                HAL_I2C::WriteRegister(unsigned char, unsigned short)
 .text._ZN7HAL_I2C12IsConnected_Ehj
                0x0000000008010792       0x3c ../lib-display/lib_gd32/libdisplay.a(display.o)
                0x0000000008010792                HAL_I2C::IsConnected_(unsigned char, unsigned int)
 .text._ZN7Display14Detect7SegmentEv
                0x00000000080107ce       0x30 ../lib-display/lib_gd32/libdisplay.a(display.o)
                0x00000000080107ce                Display::Detect7Segment()
 .text._ZN7Display6DetectEN7display4TypeE
                0x00000000080107fe       0x56 ../lib-display/lib_gd32/libdisplay.a(display.o)
                0x00000000080107fe                Display::Detect(display::Type)
 .text._ZN7DisplayC2Ev
                0x0000000008010854       0x54 ../lib-display/lib_gd32/libdisplay.a(display.o)
                0x0000000008010854                Display::Display()
                0x0000000008010854                Display::Display()
 .text._ZN7display7timeout9gpio_initEv
                0x00000000080108a8        0x2 ../lib-display/lib_gd32/libdisplay.a(display_timeout.o)
                0x00000000080108a8                display::timeout::gpio_init()
 .text._ZN7display7timeout10gpio_renewEv
                0x00000000080108aa        0x4 ../lib-display/lib_gd32/libdisplay.a(display_timeout.o)
                0x00000000080108aa                display::timeout::gpio_renew()
 .text._ZN7Ssd1306D2Ev
                0x00000000080108ae        0x2 ../lib-display/lib_gd32/libdisplay.a(ssd1306.o)
                0x00000000080108ae                Ssd1306::~Ssd1306()
                0x00000000080108ae                Ssd1306::~Ssd1306()
 .text._ZN7Ssd13069SetCursorEj
                0x00000000080108b0        0x2 ../lib-display/lib_gd32/libdisplay.a(ssd1306.o)
                0x00000000080108b0                Ssd1306::SetCursor(unsigned int)
 *fill*         0x00000000080108b2        0x2 
 .text._ZN7Ssd13069PrintInfoEv
                0x00000000080108b4       0x28 ../lib-display/lib_gd32/libdisplay.a(ssd1306.o)
                0x00000000080108b4                Ssd1306::PrintInfo()
 .text._ZN7Ssd1306D0Ev
                0x00000000080108dc        0xc ../lib-display/lib_gd32/libdisplay.a(ssd1306.o)
                0x00000000080108dc                Ssd1306::~Ssd1306()
 .text._ZN7HAL_I2C5SetupEv
                0x00000000080108e8       0x14 ../lib-display/lib_gd32/libdisplay.a(ssd1306.o)
                0x00000000080108e8                HAL_I2C::Setup()
 .text._ZN7Ssd13067PutCharEi
                0x00000000080108fc       0x28 ../lib-display/lib_gd32/libdisplay.a(ssd1306.o)
                0x00000000080108fc                Ssd1306::PutChar(int)
 .text._ZN7Ssd13069PutStringEPKc
                0x0000000008010924       0x16 ../lib-display/lib_gd32/libdisplay.a(ssd1306.o)
                0x0000000008010924                Ssd1306::PutString(char const*)
 .text._ZN7Ssd13064TextEPKcj
                0x000000000801093a       0x22 ../lib-display/lib_gd32/libdisplay.a(ssd1306.o)
                0x000000000801093a                Ssd1306::Text(char const*, unsigned int)
 .text._ZN7Ssd130611InitMembersEv
                0x000000000801095c       0x26 ../lib-display/lib_gd32/libdisplay.a(ssd1306.o)
                0x000000000801095c                Ssd1306::InitMembers()
 *fill*         0x0000000008010982        0x2 
 .text._ZN7Ssd1306C2E10TOledPanel
                0x0000000008010984       0x30 ../lib-display/lib_gd32/libdisplay.a(ssd1306.o)
                0x0000000008010984                Ssd1306::Ssd1306(TOledPanel)
                0x0000000008010984                Ssd1306::Ssd1306(TOledPanel)
 .text._ZN7Ssd130611SendCommandEh