Archive member included to satisfy reference by file (symbol)

../lib-c/lib_gd32/libc.a(printf.o)
                              build_gd32/firmware/main.o (vsnprintf)
/Users/arjanvanvught/Library/xPacks/@xpack-dev-tools/arm-none-eabi-gcc/11.3.1-1.1.2/.content/bin/../lib/gcc/arm-none-eabi/11.3.1/thumb/v7-m/nofp/libgcc.a(_arm_mulsf3.o)
                              ../lib-c/lib_gd32/libc.a(printf.o) (__aeabi_fmul)
/Users/arjanvanvught/Library/xPacks/@xpack-dev-tools/arm-none-eabi-gcc/11.3.1-1.1.2/.content/bin/../lib/gcc/arm-none-eabi/11.3.1/thumb/v7-m/nofp/libgcc.a(_arm_truncdfsf2.o)
                              ../lib-c/lib_gd32/libc.a(printf.o) (__aeabi_d2f)
/Users/arjanvanvught/Library/xPacks/@xpack-dev-tools/arm-none-eabi-gcc/11.3.1-1.1.2/.content/bin/../lib/gcc/arm-none-eabi/11.3.1/thumb/v7-m/nofp/libgcc.a(_arm_addsubsf3.o)
                              ../lib-c/lib_gd32/libc.a(printf.o) (__aeabi_fsub)
/Users/arjanvanvught/Library/xPacks/@xpack-dev-tools/arm-none-eabi-gcc/11.3.1-1.1.2/.content/bin/../lib/gcc/arm-none-eabi/11.3.1/thumb/v7-m/nofp/libgcc.a(_arm_cmpsf2.o)
                              ../lib-c/lib_gd32/libc.a(printf.o) (__aeabi_fcmplt)
/Users/arjanvanvught/Library/xPacks/@xpack-dev-tools/arm-none-eabi-gcc/11.3.1-1.1.2/.content/bin/../lib/gcc/arm-none-eabi/11.3.1/thumb/v7-m/nofp/libgcc.a(_arm_fixsfsi.o)
                              ../lib-c/lib_gd32/libc.a(printf.o) (__aeabi_f2iz)
/Users/arjanvanvught/Library/xPacks/@xpack-dev-tools/arm-none-eabi-gcc/11.3.1-1.1.2/.content/bin/../lib/gcc/arm-none-eabi/11.3.1/thumb/v7-m/nofp/libgcc.a(_aeabi_uldivmod.o)
                              ../lib-c/lib_gd32/libc.a(printf.o) (__aeabi_uldivmod)
/Users/arjanvanvught/Library/xPacks/@xpack-dev-tools/arm-none-eabi-gcc/11.3.1-1.1.2/.content/bin/../lib/gcc/arm-none-eabi/11.3.1/thumb/v7-m/nofp/libgcc.a(_udivmoddi4.o)
                              /Users/arjanvanvught/Library/xPacks/@xpack-dev-tools/arm-none-eabi-gcc/11.3.1-1.1.2/.content/bin/../lib/gcc/arm-none-eabi/11.3.1/thumb/v7-m/nofp/libgcc.a(_aeabi_uldivmod.o) (__udivmoddi4)
/Users/arjanvanvught/Library/xPacks/@xpack-dev-tools/arm-none-eabi-gcc/11.3.1-1.1.2/.content/bin/../lib/gcc/arm-none-eabi/11.3.1/thumb/v7-m/nofp/libgcc.a(_dvmd_tls.o)
                              /Users/arjanvanvught/Library/xPacks/@xpack-dev-tools/arm-none-eabi-gcc/11.3.1-1.1.2/.content/bin/../lib/gcc/arm-none-eabi/11.3.1/thumb/v7-m/nofp/libgcc.a(_aeabi_uldivmod.o) (__aeabi_ldiv0)
../lib-remoteconfig/lib_gd32/libremoteconfig.a(remoteconfig.o)
                              build_gd32/firmware/main.o (RemoteConfig::RemoteConfig(remoteconfig::Node, remoteconfig::Output, unsigned int))
../lib-remoteconfig/lib_gd32/libremoteconfig.a(remoteconfigfactory.o)
                              ../lib-remoteconfig/lib_gd32/libremoteconfig.a(remoteconfig.o) (RemoteConfig::HandleFactory())
../lib-remoteconfig/lib_gd32/libremoteconfig.a(remoteconfigparams.o)
                              build_gd32/firmware/main.o (RemoteConfigParams::RemoteConfigParams(RemoteConfigParamsStore*))
../lib-remoteconfig/lib_gd32/libremoteconfig.a(remoteconfigparamsdump.o)
                              build_gd32/firmware/main.o (RemoteConfigParams::Dump())
../lib-remoteconfig/lib_gd32/libremoteconfig.a(remoteconfigreboot.o)
                              ../lib-remoteconfig/lib_gd32/libremoteconfig.a(remoteconfig.o) (RemoteConfig::HandleReboot())
../lib-remoteconfig/lib_gd32/libremoteconfig.a(remoteconfigstatic.o)
                              ../lib-remoteconfig/lib_gd32/libremoteconfig.a(remoteconfig.o) (RemoteConfig::GetIndex(void const*, unsigned int&))
../lib-remoteconfig/lib_gd32/libremoteconfig.a(remoteconfig.o)
                              ../lib-remoteconfig/lib_gd32/libremoteconfig.a(remoteconfig.o) (RemoteConfig::PlatformHandleTftpSet())
../lib-remoteconfig/lib_gd32/libremoteconfig.a(httd.o)
                              build_gd32/firmware/main.o (HttpDaemon::HttpDaemon())
../lib-remoteconfig/lib_gd32/libremoteconfig.a(remoteconfigconst.o)
                              ../lib-remoteconfig/lib_gd32/libremoteconfig.a(remoteconfigparams.o) (RemoteConfigConst::PARAMS_DISPLAY_NAME)
../lib-remoteconfig/lib_gd32/libremoteconfig.a(remoteconfigjson.o)
                              ../lib-remoteconfig/lib_gd32/libremoteconfig.a(httd.o) (remoteconfig::json_get_list(char*, unsigned short))
../lib-remoteconfig/lib_gd32/libremoteconfig.a(get_file_content.o)
                              ../lib-remoteconfig/lib_gd32/libremoteconfig.a(httd.o) (get_file_content(char const*, char*))
../lib-oscserver/lib_gd32/liboscserver.a(oscserver.o)
                              build_gd32/firmware/main.o (OscServer::OscServer())
../lib-oscserver/lib_gd32/liboscserver.a(oscservermsgconst.o)
                              build_gd32/firmware/main.o (OscServerMsgConst::STARTED)
../lib-oscserver/lib_gd32/liboscserver.a(oscserverparams.o)
[...]
Memory Configuration

Name             Origin             Length             Attributes
FLASH            0x0000000008007000 0x0000000000012800 xr
RAM              0x0000000020000000 0x0000000000018000 xrw
*default*        0x0000000000000000 0xffffffffffffffff

Linker script and memory map

LOAD build_gd32/startup_gd32f10x_cl.o
LOAD build_gd32/firmware/main.o
LOAD build_gd32/lib/network.o
                0x0000000000000800                __heap_size = DEFINED (__heap_size)?__heap_size:0x800
                0x0000000000002000                __stack_size = DEFINED (__stack_size)?__stack_size:0x2000

.vectors        0x0000000008007000      0x150
                0x0000000008007000                . = ALIGN (0x4)
 *(.vectors)
 .vectors       0x0000000008007000      0x150 build_gd32/startup_gd32f10x_cl.o
                0x0000000008007000                __gVectors
                0x0000000008007150                . = ALIGN (0x4)
                0x0000000008007150                __Vectors_End = .
                0x0000000008007150                __Vectors_Size = (__Vectors_End - __gVectors)

.text           0x0000000008007150     0xc0e4
                0x0000000008007150                . = ALIGN (0x4)
 *(.text.unlikely*)
 .text.unlikely.net_init
                0x0000000008007150       0xa0 ../lib-network/lib_gd32/libnetwork.a(net.o)
                0x0000000008007150                net_init
 .text.unlikely.net_shutdown
                0x00000000080071f0       0x1c ../lib-network/lib_gd32/libnetwork.a(net.o)
                0x00000000080071f0                net_shutdown
 .text.unlikely.rfc3927_init
                0x000000000800720c       0x18 ../lib-network/lib_gd32/libnetwork.a(rfc3927.o)
                0x000000000800720c                rfc3927_init
 .text.unlikely.tcp_init
                0x0000000008007224       0x44 ../lib-network/lib_gd32/libnetwork.a(tcp.o)
                0x0000000008007224                tcp_init
 .text.unlikely.udp_init
                0x0000000008007268       0x58 ../lib-network/lib_gd32/libnetwork.a(udp.o)
                0x0000000008007268                udp_init
 .text.unlikely.udp_shutdown
                0x00000000080072c0        0x2 ../lib-network/lib_gd32/libnetwork.a(udp.o)
                0x00000000080072c0                udp_shutdown
 *fill*         0x00000000080072c2        0x2 
 .text.unlikely.arp_init
                0x00000000080072c4       0xf8 ../lib-network/lib_gd32/libnetwork.a(arp.o)
                0x00000000080072c4                arp_init
 .text.unlikely.arp_cache_init
                0x00000000080073bc       0x34 ../lib-network/lib_gd32/libnetwork.a(arp_cache.o)
                0x00000000080073bc                arp_cache_init
 .text.unlikely.igmp_init
                0x00000000080073f0       0xc4 ../lib-network/lib_gd32/libnetwork.a(igmp.o)
                0x00000000080073f0                igmp_init
 .text.unlikely.igmp_shutdown
                0x00000000080074b4       0x28 ../lib-network/lib_gd32/libnetwork.a(igmp.o)
                0x00000000080074b4                igmp_shutdown
 .text.unlikely.ip_init
                0x00000000080074dc       0x16 ../lib-network/lib_gd32/libnetwork.a(ip.o)
                0x00000000080074dc                ip_init
 .text.unlikely.ip_shutdown
                0x00000000080074f2        0xe ../lib-network/lib_gd32/libnetwork.a(ip.o)
                0x00000000080074f2                ip_shutdown
 .text.unlikely.console_init
                0x0000000008007500       0x20 ../lib-hal/lib_gd32/libhal.a(console_uart0.o)
                0x0000000008007500                console_init
 *(.text.hot*)
 .text.hot.net_handle
                0x0000000008007520       0x38 ../lib-network/lib_gd32/libnetwork.a(net.o)
                0x0000000008007520                net_handle
 .text.hot.tcp_handle
                0x0000000008007558      0x360 ../lib-network/lib_gd32/libnetwork.a(tcp.o)
                0x0000000008007558                tcp_handle
 .text.hot.udp_handle
                0x00000000080078b8       0xa8 ../lib-network/lib_gd32/libnetwork.a(udp.o)
                0x00000000080078b8                udp_handle
 .text.hot.arp_handle
                0x0000000008007960       0x18 ../lib-network/lib_gd32/libnetwork.a(arp.o)
                0x0000000008007960                arp_handle
 .text.hot.igmp_handle
                0x0000000008007978       0xa0 ../lib-network/lib_gd32/libnetwork.a(igmp.o)
                0x0000000008007978                igmp_handle
 .text.hot.ip_handle
                0x0000000008007a18       0x32 ../lib-network/lib_gd32/libnetwork.a(ip.o)
                0x0000000008007a18                ip_handle
 *fill*         0x0000000008007a4a        0x2 
 .text.hot.icmp_handle
                0x0000000008007a4c       0x98 ../lib-network/lib_gd32/libnetwork.a(icmp.o)
                0x0000000008007a4c                icmp_handle
 *(.text)
 .text          0x0000000008007ae4       0xa0 /Users/arjanvanvught/Library/xPacks/@xpack-dev-tools/arm-none-eabi-gcc/11.3.1-1.1.2/.content/bin/../lib/gcc/arm-none-eabi/11.3.1/thumb/v7-m/nofp/libgcc.a(_arm_truncdfsf2.o)
                0x0000000008007ae4                __aeabi_d2f
                0x0000000008007ae4                __truncdfsf2
 .text          0x0000000008007b84      0x21c /Users/arjanvanvught/Library/xPacks/@xpack-dev-tools/arm-none-eabi-gcc/11.3.1-1.1.2/.content/bin/../lib/gcc/arm-none-eabi/11.3.1/thumb/v7-m/nofp/libgcc.a(_arm_addsubsf3.o)
                0x0000000008007b84                __aeabi_frsub
                0x0000000008007b8c                __aeabi_fsub
                0x0000000008007b8c                __subsf3
                0x0000000008007b90                __aeabi_fadd
                0x0000000008007b90                __addsf3
                0x0000000008007cf0                __aeabi_ui2f
                0x0000000008007cf0                __floatunsisf
                0x0000000008007cf8                __floatsisf
                0x0000000008007cf8                __aeabi_i2f
                0x0000000008007d14                __aeabi_ul2f
                0x0000000008007d14                __floatundisf
                0x0000000008007d24                __aeabi_l2f
                0x0000000008007d24                __floatdisf
 .text          0x0000000008007da0       0xec /Users/arjanvanvught/Library/xPacks/@xpack-dev-tools/arm-none-eabi-gcc/11.3.1-1.1.2/.content/bin/../lib/gcc/arm-none-eabi/11.3.1/thumb/v7-m/nofp/libgcc.a(_arm_cmpsf2.o)
                0x0000000008007da0                __gesf2
                0x0000000008007da0                __gtsf2
                0x0000000008007da8                __ltsf2
                0x0000000008007da8                __lesf2
                0x0000000008007db0                __nesf2
                0x0000000008007db0                __eqsf2
                0x0000000008007db0                __cmpsf2
                0x0000000008007e10                __aeabi_cfrcmple
                0x0000000008007e18                __aeabi_cfcmpeq
                0x0000000008007e18                __aeabi_cfcmple
                0x0000000008007e28                __aeabi_fcmpeq
                0x0000000008007e3c                __aeabi_fcmplt
                0x0000000008007e50                __aeabi_fcmple
                0x0000000008007e64                __aeabi_fcmpge
                0x0000000008007e78                __aeabi_fcmpgt
 .text          0x0000000008007e8c       0x4c /Users/arjanvanvught/Library/xPacks/@xpack-dev-tools/arm-none-eabi-gcc/11.3.1-1.1.2/.content/bin/../lib/gcc/arm-none-eabi/11.3.1/thumb/v7-m/nofp/libgcc.a(_arm_fixsfsi.o)
                0x0000000008007e8c                __fixsfsi
                0x0000000008007e8c                __aeabi_f2iz
 .text          0x0000000008007ed8       0x30 /Users/arjanvanvught/Library/xPacks/@xpack-dev-tools/arm-none-eabi-gcc/11.3.1-1.1.2/.content/bin/../lib/gcc/arm-none-eabi/11.3.1/thumb/v7-m/nofp/libgcc.a(_aeabi_uldivmod.o)
                0x0000000008007ed8                __aeabi_uldivmod
 .text          0x0000000008007f08        0x4 /Users/arjanvanvught/Library/xPacks/@xpack-dev-tools/arm-none-eabi-gcc/11.3.1-1.1.2/.content/bin/../lib/gcc/arm-none-eabi/11.3.1/thumb/v7-m/nofp/libgcc.a(_dvmd_tls.o)
                0x0000000008007f08                __aeabi_ldiv0
                0x0000000008007f08                __aeabi_idiv0
 .text          0x0000000008007f0c      0x378 /Users/arjanvanvught/Library/xPacks/@xpack-dev-tools/arm-none-eabi-gcc/11.3.1-1.1.2/.content/bin/../lib/gcc/arm-none-eabi/11.3.1/thumb/v7-m/nofp/libgcc.a(_arm_addsubdf3.o)
                0x0000000008007f0c                __aeabi_drsub
                0x0000000008007f14                __subdf3
                0x0000000008007f14                __aeabi_dsub
                0x0000000008007f18                __aeabi_dadd
                0x0000000008007f18                __adddf3
                0x0000000008008190                __aeabi_ui2d
                0x0000000008008190                __floatunsidf
                0x00000000080081b0                __floatsidf
                0x00000000080081b0                __aeabi_i2d
                0x00000000080081d4                __extendsfdf2
                0x00000000080081d4                __aeabi_f2d
                0x0000000008008218                __aeabi_ul2d
                0x0000000008008218                __floatundidf
                0x0000000008008228                __aeabi_l2d
                0x0000000008008228                __floatdidf
 .text          0x0000000008008284      0x2a0 /Users/arjanvanvught/Library/xPacks/@xpack-dev-tools/arm-none-eabi-gcc/11.3.1-1.1.2/.content/bin/../lib/gcc/arm-none-eabi/11.3.1/thumb/v7-m/nofp/libgcc.a(_arm_muldivsf3.o)
                0x0000000008008284                __mulsf3
                0x0000000008008284                __aeabi_fmul
                0x00000000080083ec                __divsf3
                0x00000000080083ec                __aeabi_fdiv
 .text          0x0000000008008524       0x40 /Users/arjanvanvught/Library/xPacks/@xpack-dev-tools/arm-none-eabi-gcc/11.3.1-1.1.2/.content/bin/../lib/gcc/arm-none-eabi/11.3.1/thumb/v7-m/nofp/libgcc.a(_arm_fixunssfsi.o)
                0x0000000008008524                __aeabi_f2uiz
                0x0000000008008524                __fixunssfsi
 *(.text*)
 .text.Reset_Handler
                0x0000000008008564       0x4c build_gd32/startup_gd32f10x_cl.o
                0x0000000008008564                Reset_Handler
 .text.Default_Handler
                0x00000000080085b0        0x2 build_gd32/startup_gd32f10x_cl.o
                0x00000000080085b0                ENET_IRQHandler
                0x00000000080085b0                EXTI2_IRQHandler
                0x00000000080085b0                TIMER2_IRQHandler
                0x00000000080085b0                TIMER5_IRQHandler
                0x00000000080085b0                DebugMon_Handler
                0x00000000080085b0                LVD_IRQHandler
                0x00000000080085b0                CAN1_EWMC_IRQHandler
                0x00000000080085b0                TIMER0_BRK_IRQHandler
                0x00000000080085b0                HardFault_Handler
                0x00000000080085b0                ADC0_1_IRQHandler
                0x00000000080085b0                TIMER0_UP_IRQHandler
                0x00000000080085b0                PendSV_Handler
                0x00000000080085b0                NMI_Handler
                0x00000000080085b0                EXTI3_IRQHandler
                0x00000000080085b0                USBFS_WKUP_IRQHandler
                0x00000000080085b0                USBFS_IRQHandler
                0x00000000080085b0                TIMER3_IRQHandler
                0x00000000080085b0                DMA0_Channel6_IRQHandler
                0x00000000080085b0                I2C0_EV_IRQHandler
                0x00000000080085b0                EXTI0_IRQHandler
                0x00000000080085b0                CAN1_RX0_IRQHandler
                0x00000000080085b0                UsageFault_Handler
                0x00000000080085b0                TIMER4_IRQHandler
                0x00000000080085b0                SPI1_IRQHandler
                0x00000000080085b0                DMA0_Channel0_IRQHandler
                0x00000000080085b0                TAMPER_IRQHandler
                0x00000000080085b0                DMA1_Channel0_IRQHandler
                0x00000000080085b0                TIMER6_IRQHandler
                0x00000000080085b0                DMA1_Channel4_IRQHandler
                0x00000000080085b0                DMA0_Channel3_IRQHandler
                0x00000000080085b0                I2C0_ER_IRQHandler
                0x00000000080085b0                RTC_IRQHandler
                0x00000000080085b0                TIMER7_UP_IRQHandler
                0x00000000080085b0                CAN1_RX1_IRQHandler
                0x00000000080085b0                DMA0_Channel2_IRQHandler
                0x00000000080085b0                USART0_IRQHandler
                0x00000000080085b0                TIMER1_IRQHandler
                0x00000000080085b0                TIMER7_TRG_CMT_IRQHandler
                0x00000000080085b0                TIMER0_TRG_CMT_IRQHandler
                0x00000000080085b0                I2C1_EV_IRQHandler
                0x00000000080085b0                UART4_IRQHandler
                0x00000000080085b0                EXTI10_15_IRQHandler
                0x00000000080085b0                DMA1_Channel1_IRQHandler
                0x00000000080085b0                Default_Handler
                0x00000000080085b0                CAN0_TX_IRQHandler
                0x00000000080085b0                WWDGT_IRQHandler
                0x00000000080085b0                EXMC_IRQHandler
                0x00000000080085b0                SPI2_IRQHandler
                0x00000000080085b0                MemManage_Handler
                0x00000000080085b0                CAN1_TX_IRQHandler
                0x00000000080085b0                SVC_Handler
                0x00000000080085b0                TIMER7_BRK_IRQHandler
                0x00000000080085b0                EXTI4_IRQHandler
                0x00000000080085b0                CAN0_RX1_IRQHandler
                0x00000000080085b0                DMA0_Channel5_IRQHandler
                0x00000000080085b0                DMA1_Channel3_IRQHandler
                0x00000000080085b0                EXTI5_9_IRQHandler
                0x00000000080085b0                RCU_IRQHandler
                0x00000000080085b0                DMA0_Channel1_IRQHandler
                0x00000000080085b0                TIMER0_Channel_IRQHandler
                0x00000000080085b0                EXTI1_IRQHandler
                0x00000000080085b0                ENET_WKUP_IRQHandler
                0x00000000080085b0                SPI0_IRQHandler
                0x00000000080085b0                USART2_IRQHandler
                0x00000000080085b0                CAN0_EWMC_IRQHandler
                0x00000000080085b0                CAN0_RX0_IRQHandler
                0x00000000080085b0                DMA1_Channel2_IRQHandler
                0x00000000080085b0                BusFault_Handler
                0x00000000080085b0                USART1_IRQHandler
                0x00000000080085b0                UART3_IRQHandler
                0x00000000080085b0                I2C1_ER_IRQHandler
                0x00000000080085b0                FMC_IRQHandler
                0x00000000080085b0                DMA0_Channel4_IRQHandler
                0x00000000080085b0                RTC_Alarm_IRQHandler
 .text._ZN14DisplayHandlerD2Ev
                0x00000000080085b2        0x2 build_gd32/firmware/main.o
                0x00000000080085b2                DisplayHandler::~DisplayHandler()
                0x00000000080085b2                DisplayHandler::~DisplayHandler()
 .text._ZN17PixelDmxStartStopD2Ev
                0x00000000080085b4        0x2 build_gd32/firmware/main.o
                0x00000000080085b4                PixelDmxStartStop::~PixelDmxStartStop()
                0x00000000080085b4                PixelDmxStartStop::~PixelDmxStartStop()
 *fill*         0x00000000080085b6        0x2 
 .text._ZN17PixelDmxStartStop5StartEv
                0x00000000080085b8       0x10 build_gd32/firmware/main.o
                0x00000000080085b8                PixelDmxStartStop::Start()
 .text._ZN17PixelDmxStartStop4StopEv
                0x00000000080085c8       0x10 build_gd32/firmware/main.o
                0x00000000080085c8                PixelDmxStartStop::Stop()
 .text._ZN7HandlerD2Ev
                0x00000000080085d8        0x2 build_gd32/firmware/main.o
                0x00000000080085d8                Handler::~Handler()
                0x00000000080085d8                Handler::~Handler()
 .text._ZN14DisplayHandlerD0Ev
                0x00000000080085da        0xc build_gd32/firmware/main.o
                0x00000000080085da                DisplayHandler::~DisplayHandler()
 .text._ZN7HandlerD0Ev
                0x00000000080085e6        0xc build_gd32/firmware/main.o
                0x00000000080085e6                Handler::~Handler()
 .text._ZN17PixelDmxStartStopD0Ev
                0x00000000080085f2        0xc build_gd32/firmware/main.o
                0x00000000080085f2                PixelDmxStartStop::~PixelDmxStartStop()
 *fill*         0x00000000080085fe        0x2 
 .text._ZN7Handler4InfoEijt
                0x0000000008008600       0x7c build_gd32/firmware/main.o
                0x0000000008008600                Handler::Info(int, unsigned int, unsigned short)
 .text._ZN7Display12SetCursorPosEhh.isra.0
                0x000000000800867c        0xa build_gd32/firmware/main.o
 .text._ZN7Display5WriteEhPKc.isra.0
                0x0000000008008686       0x24 build_gd32/firmware/main.o
 .text._ZN7Display7PutCharEi.isra.0
                0x00000000080086aa        0xa build_gd32/firmware/main.o
 .text._ZN14DisplayHandler5PrintEj
                0x00000000080086b4       0x50 build_gd32/firmware/main.o
                0x00000000080086b4                DisplayHandler::Print(unsigned int)
 .text._ZN7Display6PrintfEhPKcz
                0x0000000008008704       0x38 build_gd32/firmware/main.o
                0x0000000008008704                Display::Printf(unsigned char, char const*, ...)
 .text._ZN7Display10TextStatusEPKc22Display7SegmentMessagej
                0x000000000800873c       0x98 build_gd32/firmware/main.o
                0x000000000800873c                Display::TextStatus(char const*, Display7SegmentMessage, unsigned int)
 .text._ZN7Display8SetSleepEb
                0x00000000080087d4       0x20 build_gd32/firmware/main.o
                0x00000000080087d4                Display::SetSleep(bool)
 .text._ZN8Hardware13RebootHandlerEv
                0x00000000080087f4        0xc build_gd32/firmware/main.o
                0x00000000080087f4                Hardware::RebootHandler()
 .text.startup.main
                0x0000000008008800      0x4cc build_gd32/firmware/main.o
                0x0000000008008800                main
 .text._ZN7Handler6UpdateEv
                0x0000000008008ccc        0x8 build_gd32/firmware/main.o
                0x0000000008008ccc                Handler::Update()
 .text._ZN7Handler8BlackoutEv
                0x0000000008008cd4        0x8 build_gd32/firmware/main.o
                0x0000000008008cd4                Handler::Blackout()
 .text._ZN7network18display_emac_startEv
                0x0000000008008cdc        0x2 build_gd32/lib/network.o
                0x0000000008008cdc                network::display_emac_start()
 .text._ZN7network10display_ipEv
                0x0000000008008cde        0x2 build_gd32/lib/network.o
                0x0000000008008cde                network::display_ip()
 .text._ZN7network21display_emac_shutdownEv
                0x0000000008008ce0        0x2 build_gd32/lib/network.o
                0x0000000008008ce0                network::display_emac_shutdown()
 .text._ZN7network19display_dhcp_statusENS_4dhcp12ClientStatusE
                0x0000000008008ce2        0x2 build_gd32/lib/network.o
                0x0000000008008ce2                network::display_dhcp_status(network::dhcp::ClientStatus)
 .text._itostr  0x0000000008008ce4       0x74 ../lib-c/lib_gd32/libc.a(printf.o)
 .text._xputch  0x0000000008008d58       0x2c ../lib-c/lib_gd32/libc.a(printf.o)
 .text._format_int
                0x0000000008008d84       0xd4 ../lib-c/lib_gd32/libc.a(printf.o)
 .text._format_hex
                0x0000000008008e58       0xba ../lib-c/lib_gd32/libc.a(printf.o)
 *fill*         0x0000000008008f12        0x2 
 .text._vprintf
                0x0000000008008f14      0x3c8 ../lib-c/lib_gd32/libc.a(printf.o)
 .text.printf   0x00000000080092dc       0x1e ../lib-c/lib_gd32/libc.a(printf.o)
                0x00000000080092dc                printf
 *fill*         0x00000000080092fa        0x2 
 .text.snprintf
                0x00000000080092fc       0x30 ../lib-c/lib_gd32/libc.a(printf.o)
                0x00000000080092fc                snprintf
 .text.vsnprintf
                0x000000000800932c       0x20 ../lib-c/lib_gd32/libc.a(printf.o)
                0x000000000800932c                vsnprintf
 .text.__udivmoddi4
                0x000000000800934c      0x2cc /Users/arjanvanvught/Library/xPacks/@xpack-dev-tools/arm-none-eabi-gcc/11.3.1-1.1.2/.content/bin/../lib/gcc/arm-none-eabi/11.3.1/thumb/v7-m/nofp/libgcc.a(_udivmoddi4.o)
                0x000000000800934c                __udivmoddi4
 .text._ZN12RemoteConfig10HandleListEv
                0x0000000008009618       0xd0 ../lib-remoteconfig/lib_gd32/libremoteconfig.a(remoteconfig.o)
                0x0000000008009618                RemoteConfig::HandleList()
 .text._ZN12RemoteConfig16HandleDisplayGetEv
                0x00000000080096e8       0x54 ../lib-remoteconfig/lib_gd32/libremoteconfig.a(remoteconfig.o)
                0x00000000080096e8                RemoteConfig::HandleDisplayGet()
 .text._ZN12RemoteConfig13HandleTftpGetEv
                0x000000000800973c       0x50 ../lib-remoteconfig/lib_gd32/libremoteconfig.a(remoteconfig.o)
                0x000000000800973c                RemoteConfig::HandleTftpGet()
 .text._ZN12RemoteConfig13HandleVersionEv
                0x000000000800978c       0x40 ../lib-remoteconfig/lib_gd32/libremoteconfig.a(remoteconfig.o)
                0x000000000800978c                RemoteConfig::HandleVersion()
 .text._ZN12RemoteConfig12HandleUptimeEv
                0x00000000080097cc       0x4c ../lib-remoteconfig/lib_gd32/libremoteconfig.a(remoteconfig.o)
                0x00000000080097cc                RemoteConfig::HandleUptime()
 .text._ZN7Display10TextStatusEPKc
                0x0000000008009818       0x76 ../lib-remoteconfig/lib_gd32/libremoteconfig.a(remoteconfig.o)
                0x0000000008009818                Display::TextStatus(char const*)
 .text._ZN7Display6StatusE22Display7SegmentMessage
                0x000000000800988e       0x36 ../lib-remoteconfig/lib_gd32/libremoteconfig.a(remoteconfig.o)
                0x000000000800988e                Display::Status(Display7SegmentMessage)
 .text._ZN12RemoteConfig16HandleDisplaySetEv
                0x00000000080098c4       0x28 ../lib-remoteconfig/lib_gd32/libremoteconfig.a(remoteconfig.o)
                0x00000000080098c4                RemoteConfig::HandleDisplaySet()
 .text._ZN12RemoteConfig13HandleTftpSetEv
                0x00000000080098ec       0x68 ../lib-remoteconfig/lib_gd32/libremoteconfig.a(remoteconfig.o)
                0x00000000080098ec                RemoteConfig::HandleTftpSet()
 .text._ZN12RemoteConfigC2EN12remoteconfig4NodeENS0_6OutputEj
                0x0000000008009954       0x68 ../lib-remoteconfig/lib_gd32/libremoteconfig.a(remoteconfig.o)
                0x0000000008009954                RemoteConfig::RemoteConfig(remoteconfig::Node, remoteconfig::Output, unsigned int)
                0x0000000008009954                RemoteConfig::RemoteConfig(remoteconfig::Node, remoteconfig::Output, unsigned int)
 .text._ZNK12RemoteConfig13GetStringNodeEv
                0x00000000080099bc       0x18 ../lib-remoteconfig/lib_gd32/libremoteconfig.a(remoteconfig.o)
                0x00000000080099bc                RemoteConfig::GetStringNode() const
 .text._ZNK12RemoteConfig15GetStringOutputEv
                0x00000000080099d4       0x18 ../lib-remoteconfig/lib_gd32/libremoteconfig.a(remoteconfig.o)
                0x00000000080099d4                RemoteConfig::GetStringOutput() const
 .text._ZN12RemoteConfig10SetDisableEb
                0x00000000080099ec       0x40 ../lib-remoteconfig/lib_gd32/libremoteconfig.a(remoteconfig.o)
                0x00000000080099ec                RemoteConfig::SetDisable(bool)
 .text._ZN12RemoteConfig14SetDisplayNameEPKc
                0x0000000008009a2c       0x30 ../lib-remoteconfig/lib_gd32/libremoteconfig.a(remoteconfig.o)
                0x0000000008009a2c                RemoteConfig::SetDisplayName(char const*)
 .text._ZN12RemoteConfig9HandleGetEPvj
                0x0000000008009a5c       0xb8 ../lib-remoteconfig/lib_gd32/libremoteconfig.a(remoteconfig.o)
                0x0000000008009a5c                RemoteConfig::HandleGet(void*, unsigned int)
 .text._ZN12RemoteConfig17HandleGetNoParamsEv
                0x0000000008009b14        0x8 ../lib-remoteconfig/lib_gd32/libremoteconfig.a(remoteconfig.o)
                0x0000000008009b14                RemoteConfig::HandleGetNoParams()
 .text._ZN12RemoteConfig19HandleGetRconfigTxtERj
                0x0000000008009b1c       0x2c ../lib-remoteconfig/lib_gd32/libremoteconfig.a(remoteconfig.o)
                0x0000000008009b1c                RemoteConfig::HandleGetRconfigTxt(unsigned int&)
 .text._ZN12RemoteConfig19HandleGetNetworkTxtERj
                0x0000000008009b48       0x2c ../lib-remoteconfig/lib_gd32/libremoteconfig.a(remoteconfig.o)
                0x0000000008009b48                RemoteConfig::HandleGetNetworkTxt(unsigned int&)
 .text._ZN12RemoteConfig15HandleGetOscTxtERj
                0x0000000008009b74       0x2c ../lib-remoteconfig/lib_gd32/libremoteconfig.a(remoteconfig.o)
                0x0000000008009b74                RemoteConfig::HandleGetOscTxt(unsigned int&)
 .text._ZN12RemoteConfig19HandleGetDevicesTxtERj
                0x0000000008009ba0       0x2c ../lib-remoteconfig/lib_gd32/libremoteconfig.a(remoteconfig.o)
                0x0000000008009ba0                RemoteConfig::HandleGetDevicesTxt(unsigned int&)
 .text._ZN12RemoteConfig9HandleSetEPvj
                0x0000000008009bcc       0x84 ../lib-remoteconfig/lib_gd32/libremoteconfig.a(remoteconfig.o)
                0x0000000008009bcc                RemoteConfig::HandleSet(void*, unsigned int)
 .text._ZN12RemoteConfig3RunEv
                0x0000000008009c50      0x13c ../lib-remoteconfig/lib_gd32/libremoteconfig.a(remoteconfig.o)
                0x0000000008009c50                RemoteConfig::Run()
 .text._ZN12RemoteConfig16HandleSetRconfigEv
                0x0000000008009d8c       0x30 ../lib-remoteconfig/lib_gd32/libremoteconfig.a(remoteconfig.o)
                0x0000000008009d8c                RemoteConfig::HandleSetRconfig()
 .text._ZN12RemoteConfig19HandleSetNetworkTxtEv
                0x0000000008009dbc       0x28 ../lib-remoteconfig/lib_gd32/libremoteconfig.a(remoteconfig.o)
                0x0000000008009dbc                RemoteConfig::HandleSetNetworkTxt()
 .text._ZN12RemoteConfig15HandleSetOscTxtEv
                0x0000000008009de4       0x28 ../lib-remoteconfig/lib_gd32/libremoteconfig.a(remoteconfig.o)
                0x0000000008009de4                RemoteConfig::HandleSetOscTxt()
 .text._ZN12RemoteConfig19HandleSetDevicesTxtEv
                0x0000000008009e0c       0x28 ../lib-remoteconfig/lib_gd32/libremoteconfig.a(remoteconfig.o)
                0x0000000008009e0c                RemoteConfig::HandleSetDevicesTxt()
 .text._ZN12RemoteConfig13HandleFactoryEv
                0x0000000008009e34       0x1c ../lib-remoteconfig/lib_gd32/libremoteconfig.a(remoteconfigfactory.o)
                0x0000000008009e34                RemoteConfig::HandleFactory()
 .text._ZN17PropertiesBuilder3AddEPKcb.isra.0
                0x0000000008009e50       0x50 ../lib-remoteconfig/lib_gd32/libremoteconfig.a(remoteconfigparams.o)
 .text._ZN18RemoteConfigParamsC2EP23RemoteConfigParamsStore
                0x0000000008009ea0       0x14 ../lib-remoteconfig/lib_gd32/libremoteconfig.a(remoteconfigparams.o)
                0x0000000008009ea0                RemoteConfigParams::RemoteConfigParams(RemoteConfigParamsStore*)
                0x0000000008009ea0                RemoteConfigParams::RemoteConfigParams(RemoteConfigParamsStore*)
 .text._ZN18RemoteConfigParams4LoadEv
                0x0000000008009eb4       0x18 ../lib-remoteconfig/lib_gd32/libremoteconfig.a(remoteconfigparams.o)
                0x0000000008009eb4                RemoteConfigParams::Load()
 .text._ZN18RemoteConfigParams4LoadEPKcj
                0x0000000008009ecc       0x3c ../lib-remoteconfig/lib_gd32/libremoteconfig.a(remoteconfigparams.o)
                0x0000000008009ecc                RemoteConfigParams::Load(char const*, unsigned int)
 .text._ZN18RemoteConfigParams7SetBoolEhj
                0x0000000008009f08       0x10 ../lib-remoteconfig/lib_gd32/libremoteconfig.a(remoteconfigparams.o)
                0x0000000008009f08                RemoteConfigParams::SetBool(unsigned char, unsigned int)
 .text._ZN18RemoteConfigParams16callbackFunctionEPKc
                0x0000000008009f18       0xac ../lib-remoteconfig/lib_gd32/libremoteconfig.a(remoteconfigparams.o)
                0x0000000008009f18                RemoteConfigParams::callbackFunction(char const*)
 .text._ZN18RemoteConfigParams22staticCallbackFunctionEPvPKc
                0x0000000008009fc4        0x4 ../lib-remoteconfig/lib_gd32/libremoteconfig.a(remoteconfigparams.o)
                0x0000000008009fc4                RemoteConfigParams::staticCallbackFunction(void*, char const*)
 .text._ZN18RemoteConfigParams7BuilderEPK19TRemoteConfigParamsPcjRj
                0x0000000008009fc8      0x120 ../lib-remoteconfig/lib_gd32/libremoteconfig.a(remoteconfigparams.o)
                0x0000000008009fc8                RemoteConfigParams::Builder(TRemoteConfigParams const*, char*, unsigned int, unsigned int&)
 .text._ZN18RemoteConfigParams4SaveEPcjRj
                0x000000000800a0e8       0x1a ../lib-remoteconfig/lib_gd32/libremoteconfig.a(remoteconfigparams.o)
                0x000000000800a0e8                RemoteConfigParams::Save(char*, unsigned int, unsigned int&)
 .text._ZN18RemoteConfigParams3SetEP12RemoteConfig
                0x000000000800a102       0x40 ../lib-remoteconfig/lib_gd32/libremoteconfig.a(remoteconfigparams.o)
                0x000000000800a102                RemoteConfigParams::Set(RemoteConfig*)
 .text._ZN18RemoteConfigParams4DumpEv
                0x000000000800a142        0x2 ../lib-remoteconfig/lib_gd32/libremoteconfig.a(remoteconfigparamsdump.o)
                0x000000000800a142                RemoteConfigParams::Dump()
 .text._ZN12RemoteConfig12HandleRebootEv
                0x000000000800a144       0xa4 ../lib-remoteconfig/lib_gd32/libremoteconfig.a(remoteconfigreboot.o)
                0x000000000800a144                RemoteConfig::HandleReboot()
 .text._ZN12RemoteConfig8GetIndexEPKvRj
                0x000000000800a1e8       0x54 ../lib-remoteconfig/lib_gd32/libremoteconfig.a(remoteconfigstatic.o)
                0x000000000800a1e8                RemoteConfig::GetIndex(void const*, unsigned int&)
 .text._ZN12RemoteConfig21PlatformHandleTftpSetEv
                0x000000000800a23c       0x10 ../lib-remoteconfig/lib_gd32/libremoteconfig.a(remoteconfig.o)
                0x000000000800a23c                RemoteConfig::PlatformHandleTftpSet()
 .text._ZN12RemoteConfig21PlatformHandleTftpGetEv
                0x000000000800a24c       0x1a ../lib-remoteconfig/lib_gd32/libremoteconfig.a(remoteconfig.o)
                0x000000000800a24c                RemoteConfig::PlatformHandleTftpGet()
 .text.strcmp   0x000000000800a266       0x1a ../lib-remoteconfig/lib_gd32/libremoteconfig.a(httd.o)
 .text.strcasecmp
                0x000000000800a280       0x34 ../lib-remoteconfig/lib_gd32/libremoteconfig.a(httd.o)
 .text._ZN16PropertiesConfig10EnableJSONEb
                0x000000000800a2b4       0x18 ../lib-remoteconfig/lib_gd32/libremoteconfig.a(httd.o)
                0x000000000800a2b4                PropertiesConfig::EnableJSON(bool)
 .text._ZN10HttpDaemonC2Ev
                0x000000000800a2cc       0x28 ../lib-remoteconfig/lib_gd32/libremoteconfig.a(httd.o)
                0x000000000800a2cc                HttpDaemon::HttpDaemon()
                0x000000000800a2cc                HttpDaemon::HttpDaemon()
 .text._ZN10HttpDaemon5StartEv
                0x000000000800a2f4       0x18 ../lib-remoteconfig/lib_gd32/libremoteconfig.a(httd.o)
                0x000000000800a2f4                HttpDaemon::Start()
 .text._ZN10HttpDaemon11ParseMethodEPc
                0x000000000800a30c       0x8c ../lib-remoteconfig/lib_gd32/libremoteconfig.a(httd.o)
                0x000000000800a30c                HttpDaemon::ParseMethod(char*)
 .text._ZN10HttpDaemon16ParseHeaderFieldEPc
                0x000000000800a398       0x94 ../lib-remoteconfig/lib_gd32/libremoteconfig.a(httd.o)
                0x000000000800a398                HttpDaemon::ParseHeaderField(char*)
 .text._ZN10HttpDaemon12ParseRequestEv
                0x000000000800a42c       0x6c ../lib-remoteconfig/lib_gd32/libremoteconfig.a(httd.o)
                0x000000000800a42c                HttpDaemon::ParseRequest()
 .text._ZN10HttpDaemon12HandleGetTxtEv
                0x000000000800a498       0x88 ../lib-remoteconfig/lib_gd32/libremoteconfig.a(httd.o)
                0x000000000800a498                HttpDaemon::HandleGetTxt()
 .text._ZN10HttpDaemon9HandleGetEv
                0x000000000800a520      0x14c ../lib-remoteconfig/lib_gd32/libremoteconfig.a(httd.o)
                0x000000000800a520                HttpDaemon::HandleGet()
 .text._ZN10HttpDaemon10HandlePostEb
                0x000000000800a66c      0x160 ../lib-remoteconfig/lib_gd32/libremoteconfig.a(httd.o)
                0x000000000800a66c                HttpDaemon::HandlePost(bool)
 .text._ZN10HttpDaemon3RunEv
                0x000000000800a7cc      0x158 ../lib-remoteconfig/lib_gd32/libremoteconfig.a(httd.o)
                0x000000000800a7cc                HttpDaemon::Run()
 .text._ZN12remoteconfig13json_get_listEPct
                0x000000000800a924       0x68 ../lib-remoteconfig/lib_gd32/libremoteconfig.a(remoteconfigjson.o)
                0x000000000800a924                remoteconfig::json_get_list(char*, unsigned short)
 .text._ZN12remoteconfig16json_get_versionEPct
                0x000000000800a98c       0x38 ../lib-remoteconfig/lib_gd32/libremoteconfig.a(remoteconfigjson.o)
                0x000000000800a98c                remoteconfig::json_get_version(char*, unsigned short)
 .text._ZN12remoteconfig15json_get_uptimeEPct
                0x000000000800a9c4       0x20 ../lib-remoteconfig/lib_gd32/libremoteconfig.a(remoteconfigjson.o)
                0x000000000800a9c4                remoteconfig::json_get_uptime(char*, unsigned short)
 .text._ZN12remoteconfig16json_get_displayEPct
                0x000000000800a9e4       0x20 ../lib-remoteconfig/lib_gd32/libremoteconfig.a(remoteconfigjson.o)
                0x000000000800a9e4                remoteconfig::json_get_display(char*, unsigned short)
 .text._ZN12remoteconfig18json_get_directoryEPct
                0x000000000800aa04       0x10 ../lib-remoteconfig/lib_gd32/libremoteconfig.a(remoteconfigjson.o)
                0x000000000800aa04                remoteconfig::json_get_directory(char*, unsigned short)
 .text._Z16get_file_contentPKcPc
                0x000000000800aa14       0x4c ../lib-remoteconfig/lib_gd32/libremoteconfig.a(get_file_content.o)
                0x000000000800aa14                get_file_content(char const*, char*)
 .text.strlen   0x000000000800aa60       0x10 ../lib-oscserver/lib_gd32/liboscserver.a(oscserver.o)
 .text.strncpy.isra.0
                0x000000000800aa70       0x1e ../lib-oscserver/lib_gd32/liboscserver.a(oscserver.o)
 .text.strcpy.isra.0
                0x000000000800aa8e       0x10 ../lib-oscserver/lib_gd32/liboscserver.a(oscserver.o)
 *fill*         0x000000000800aa9e        0x2 
 .text._ZN9OscServerC2Ev
                0x000000000800aaa0       0xd4 ../lib-oscserver/lib_gd32/liboscserver.a(oscserver.o)
                0x000000000800aaa0                OscServer::OscServer()
                0x000000000800aaa0                OscServer::OscServer()
 .text._ZN9OscServer5StartEv
                0x000000000800ab74       0x48 ../lib-oscserver/lib_gd32/liboscserver.a(oscserver.o)
                0x000000000800ab74                OscServer::Start()
 .text._ZN9OscServer7SetPathEPKc
                0x000000000800abbc       0x4c ../lib-oscserver/lib_gd32/liboscserver.a(oscserver.o)
                0x000000000800abbc                OscServer::SetPath(char const*)
 .text._ZN9OscServer11SetPathInfoEPKc
                0x000000000800ac08       0x2c ../lib-oscserver/lib_gd32/liboscserver.a(oscserver.o)
                0x000000000800ac08                OscServer::SetPathInfo(char const*)
 .text._ZN9OscServer15SetPathBlackOutEPKc
                0x000000000800ac34       0x2c ../lib-oscserver/lib_gd32/liboscserver.a(oscserver.o)
                0x000000000800ac34                OscServer::SetPathBlackOut(char const*)
 .text._ZN9OscServer10GetChannelEPKc
                0x000000000800ac60       0x44 ../lib-oscserver/lib_gd32/liboscserver.a(oscserver.o)
                0x000000000800ac60                OscServer::GetChannel(char const*)
 .text._ZN9OscServer16IsDmxDataChangedEPKhtj
                0x000000000800aca4       0x30 ../lib-oscserver/lib_gd32/liboscserver.a(oscserver.o)
                0x000000000800aca4                OscServer::IsDmxDataChanged(unsigned char const*, unsigned short, unsigned int)
 .text._ZN9OscServer3RunEv
                0x000000000800acd4      0x298 ../lib-oscserver/lib_gd32/liboscserver.a(oscserver.o)
                0x000000000800acd4                OscServer::Run()
 .text._ZN9OscServer5PrintEv
                0x000000000800af6c       0x70 ../lib-oscserver/lib_gd32/liboscserver.a(oscserver.o)
                0x000000000800af6c                OscServer::Print()
 .text.strncpy.constprop.0.isra.0
                0x000000000800afdc       0x18 ../lib-oscserver/lib_gd32/liboscserver.a(oscserverparams.o)
 .text._ZN17PropertiesBuilder3AddItEEbPKcT_bj.isra.0
                0x000000000800aff4       0x50 ../lib-oscserver/lib_gd32/liboscserver.a(oscserverparams.o)
 .text._ZN17PropertiesBuilder3AddIPcEEbPKcT_bj.isra.0
                0x000000000800b044       0x50 ../lib-oscserver/lib_gd32/liboscserver.a(oscserverparams.o)
 .text._ZN15OSCServerParamsC2EP20OSCServerParamsStore
                0x000000000800b094       0x20 ../lib-oscserver/lib_gd32/liboscserver.a(oscserverparams.o)
                0x000000000800b094                OSCServerParams::OSCServerParams(OSCServerParamsStore*)
                0x000000000800b094                OSCServerParams::OSCServerParams(OSCServerParamsStore*)
 .text._ZN15OSCServerParams4LoadEv
                0x000000000800b0b4       0x18 ../lib-oscserver/lib_gd32/liboscserver.a(oscserverparams.o)
                0x000000000800b0b4                OSCServerParams::Load()
 .text._ZN15OSCServerParams4LoadEPKcj
                0x000000000800b0cc       0x40 ../lib-oscserver/lib_gd32/liboscserver.a(oscserverparams.o)
                0x000000000800b0cc                OSCServerParams::Load(char const*, unsigned int)
 .text._ZN15OSCServerParams16callbackFunctionEPKc
                0x000000000800b10c       0xf8 ../lib-oscserver/lib_gd32/liboscserver.a(oscserverparams.o)
                0x000000000800b10c                OSCServerParams::callbackFunction(char const*)
 .text._ZN15OSCServerParams22staticCallbackFunctionEPvPKc
                0x000000000800b204        0x4 ../lib-oscserver/lib_gd32/liboscserver.a(oscserverparams.o)
                0x000000000800b204                OSCServerParams::staticCallbackFunction(void*, char const*)
 .text._ZN15OSCServerParams3SetEP9OscServer
                0x000000000800b208       0x52 ../lib-oscserver/lib_gd32/liboscserver.a(oscserverparams.o)
                0x000000000800b208                OSCServerParams::Set(OscServer*)
 *fill*         0x000000000800b25a        0x2 
 .text._ZN15OSCServerParams7BuilderEPKN3osc6server6ParamsEPcjRj
                0x000000000800b25c      0x16c ../lib-oscserver/lib_gd32/liboscserver.a(oscserverparams.o)
                0x000000000800b25c                OSCServerParams::Builder(osc::server::Params const*, char*, unsigned int, unsigned int&)
 .text._ZN15OSCServerParams4SaveEPcjRj
                0x000000000800b3c8       0x1a ../lib-oscserver/lib_gd32/liboscserver.a(oscserverparams.o)
                0x000000000800b3c8                OSCServerParams::Save(char*, unsigned int, unsigned int&)
 .text._ZN15OSCServerParams4DumpEv
                0x000000000800b3e2        0x2 ../lib-oscserver/lib_gd32/liboscserver.a(oscserverparams.o)
                0x000000000800b3e2                OSCServerParams::Dump()
 .text.lo_pattern_match
                0x000000000800b3e4      0x172 ../lib-osc/lib_gd32/libosc.a(pattern_match.o)
                0x000000000800b3e4                lo_pattern_match
 .text._ZN3oscL15string_validateEPvj
                0x000000000800b556       0x3c ../lib-osc/lib_gd32/libosc.a(oscsimplemessage.o)
 .text._ZN16OscSimpleMessageC2EPvj
                0x000000000800b592       0x78 ../lib-osc/lib_gd32/libosc.a(oscsimplemessage.o)
                0x000000000800b592                OscSimpleMessage::OscSimpleMessage(void*, unsigned int)
                0x000000000800b592                OscSimpleMessage::OscSimpleMessage(void*, unsigned int)
 .text._ZN16OscSimpleMessage8GetFloatEj
                0x000000000800b60a       0x28 ../lib-osc/lib_gd32/libosc.a(oscsimplemessage.o)
                0x000000000800b60a                OscSimpleMessage::GetFloat(unsigned int)
 .text._ZN16OscSimpleMessage6GetIntEj
                0x000000000800b632       0x28 ../lib-osc/lib_gd32/libosc.a(oscsimplemessage.o)
                0x000000000800b632                OscSimpleMessage::GetInt(unsigned int)
 .text._ZN16OscSimpleMessage7GetBlobEj
                0x000000000800b65a       0x26 ../lib-osc/lib_gd32/libosc.a(oscsimplemessage.o)
                0x000000000800b65a                OscSimpleMessage::GetBlob(unsigned int)
 .text._ZN3oscL11string_sizeEPKc
                0x000000000800b680       0x16 ../lib-osc/lib_gd32/libosc.a(oscsimplesend.o)
 *fill*         0x000000000800b696        0x2 
 .text._ZN13OscSimpleSend13UpdateMessageEPKcjc
                0x000000000800b698       0x34 ../lib-osc/lib_gd32/libosc.a(oscsimplesend.o)
                0x000000000800b698                OscSimpleSend::UpdateMessage(char const*, unsigned int, char)
 .text._ZN13OscSimpleSendC2EijtPKcS1_
                0x000000000800b6cc       0x48 ../lib-osc/lib_gd32/libosc.a(oscsimplesend.o)
                0x000000000800b6cc                OscSimpleSend::OscSimpleSend(int, unsigned int, unsigned short, char const*, char const*)
                0x000000000800b6cc                OscSimpleSend::OscSimpleSend(int, unsigned int, unsigned short, char const*, char const*)
 .text._ZN13OscSimpleSendC2EijtPKcS1_S1_
                0x000000000800b714       0x7c ../lib-osc/lib_gd32/libosc.a(oscsimplesend.o)
                0x000000000800b714                OscSimpleSend::OscSimpleSend(int, unsigned int, unsigned short, char const*, char const*, char const*)
                0x000000000800b714                OscSimpleSend::OscSimpleSend(int, unsigned int, unsigned short, char const*, char const*, char const*)
 .text._ZN13OscSimpleSendC2EijtPKcS1_i
                0x000000000800b790       0x58 ../lib-osc/lib_gd32/libosc.a(oscsimplesend.o)
                0x000000000800b790                OscSimpleSend::OscSimpleSend(int, unsigned int, unsigned short, char const*, char const*, int)
                0x000000000800b790                OscSimpleSend::OscSimpleSend(int, unsigned int, unsigned short, char const*, char const*, int)
 .text._ZN21PixelDmxConfiguration8ValidateEjRjRN21pixeldmxconfiguration8PortInfoE
                0x000000000800b7e8       0x80 ../lib-ws28xxdmx/lib_gd32/libws28xxdmx.a(pixeldmxconfiguration.o)
                0x000000000800b7e8                PixelDmxConfiguration::Validate(unsigned int, unsigned int&, pixeldmxconfiguration::PortInfo&)
 .text._ZN21PixelDmxConfiguration5PrintEv
                0x000000000800b868       0x30 ../lib-ws28xxdmx/lib_gd32/libws28xxdmx.a(pixeldmxconfiguration.o)
                0x000000000800b868                PixelDmxConfiguration::Print()
 .text._ZN9WS28xxDmx18GetDmxStartAddressEv
                0x000000000800b898        0x6 ../lib-ws28xxdmx/lib_gd32/libws28xxdmx.a(ws28xxdmx.o)
                0x000000000800b898                WS28xxDmx::GetDmxStartAddress()
 .text._ZN9WS28xxDmx15GetDmxFootprintEv
                0x000000000800b89e        0x6 ../lib-ws28xxdmx/lib_gd32/libws28xxdmx.a(ws28xxdmx.o)
                0x000000000800b89e                WS28xxDmx::GetDmxFootprint()
 .text._ZN9WS28xxDmxD2Ev
                0x000000000800b8a4       0x20 ../lib-ws28xxdmx/lib_gd32/libws28xxdmx.a(ws28xxdmx.o)
                0x000000000800b8a4                WS28xxDmx::~WS28xxDmx()
                0x000000000800b8a4                WS28xxDmx::~WS28xxDmx()
 .text._ZN9WS28xxDmxD0Ev
                0x000000000800b8c4       0x12 ../lib-ws28xxdmx/lib_gd32/libws28xxdmx.a(ws28xxdmx.o)
                0x000000000800b8c4                WS28xxDmx::~WS28xxDmx()
 .text._ZN9WS28xxDmx8BlackoutEb
                0x000000000800b8d6       0x26 ../lib-ws28xxdmx/lib_gd32/libws28xxdmx.a(ws28xxdmx.o)
                0x000000000800b8d6                WS28xxDmx::Blackout(bool)
 .text._ZN9WS28xxDmx7SetDataEjPKhj
                0x000000000800b8fc      0x100 ../lib-ws28xxdmx/lib_gd32/libws28xxdmx.a(ws28xxdmx.o)
                0x000000000800b8fc                WS28xxDmx::SetData(unsigned int, unsigned char const*, unsigned int)
 .text._ZN9WS28xxDmx6FullOnEv
                0x000000000800b9fc       0x16 ../lib-ws28xxdmx/lib_gd32/libws28xxdmx.a(ws28xxdmx.o)
                0x000000000800b9fc                WS28xxDmx::FullOn()
 .text._ZN9WS28xxDmx5PrintEv
                0x000000000800ba12        0x6 ../lib-ws28xxdmx/lib_gd32/libws28xxdmx.a(ws28xxdmx.o)
                0x000000000800ba12                WS28xxDmx::Print()
 .text._ZN9WS28xxDmx5StartEj
                0x000000000800ba18       0x18 ../lib-ws28xxdmx/lib_gd32/libws28xxdmx.a(ws28xxdmx.o)
                0x000000000800ba18                WS28xxDmx::Start(unsigned int)
 .text._ZN9WS28xxDmx4StopEj
                0x000000000800ba30       0x18 ../lib-ws28xxdmx/lib_gd32/libws28xxdmx.a(ws28xxdmx.o)
                0x000000000800ba30                WS28xxDmx::Stop(unsigned int)
 .text._ZN9WS28xxDmx18SetDmxStartAddressEt
                0x000000000800ba48       0x38 ../lib-ws28xxdmx/lib_gd32/libws28xxdmx.a(ws28xxdmx.o)
                0x000000000800ba48                WS28xxDmx::SetDmxStartAddress(unsigned short)
 .text._ZN9WS28xxDmx11GetSlotInfoEtRN8lightset8SlotInfoE
                0x000000000800ba80       0x42 ../lib-ws28xxdmx/lib_gd32/libws28xxdmx.a(ws28xxdmx.o)
                0x000000000800ba80                WS28xxDmx::GetSlotInfo(unsigned short, lightset::SlotInfo&)
 *fill*         0x000000000800bac2        0x2 
 .text._ZN9WS28xxDmxC2ER21PixelDmxConfiguration
                0x000000000800bac4       0x74 ../lib-ws28xxdmx/lib_gd32/libws28xxdmx.a(ws28xxdmx.o)
                0x000000000800bac4                WS28xxDmx::WS28xxDmx(PixelDmxConfiguration&)
                0x000000000800bac4                WS28xxDmx::WS28xxDmx(PixelDmxConfiguration&)
 .text._ZN17PropertiesBuilder3AddIhEEbPKcT_bj.isra.0
                0x000000000800bb38       0x50 ../lib-ws28xxdmx/lib_gd32/libws28xxdmx.a(pixeldmxparams.o)
 .text._ZN17PropertiesBuilder3AddItEEbPKcT_bj.isra.0
                0x000000000800bb88       0x50 ../lib-ws28xxdmx/lib_gd32/libws28xxdmx.a(pixeldmxparams.o)
 .text._ZN17PropertiesBuilder3AddIPKcEEbS2_T_bj.isra.0
                0x000000000800bbd8       0x50 ../lib-ws28xxdmx/lib_gd32/libws28xxdmx.a(pixeldmxparams.o)
 .text._ZN17PropertiesBuilder3AddIfEEbPKcT_bj.isra.0
                0x000000000800bc28       0x84 ../lib-ws28xxdmx/lib_gd32/libws28xxdmx.a(pixeldmxparams.o)
 .text._ZN14PixelDmxParamsC2EP19PixelDmxParamsStore
                0x000000000800bcac       0x2c ../lib-ws28xxdmx/lib_gd32/libws28xxdmx.a(pixeldmxparams.o)
                0x000000000800bcac                PixelDmxParams::PixelDmxParams(PixelDmxParamsStore*)
                0x000000000800bcac                PixelDmxParams::PixelDmxParams(PixelDmxParamsStore*)
 .text._ZN14PixelDmxParams4LoadEv
                0x000000000800bcd8       0x18 ../lib-ws28xxdmx/lib_gd32/libws28xxdmx.a(pixeldmxparams.o)
                0x000000000800bcd8                PixelDmxParams::Load()
 .text._ZN14PixelDmxParams4LoadEPKcj
                0x000000000800bcf0       0x40 ../lib-ws28xxdmx/lib_gd32/libws28xxdmx.a(pixeldmxparams.o)
                0x000000000800bcf0                PixelDmxParams::Load(char const*, unsigned int)
 .text._ZN14PixelDmxParams16callbackFunctionEPKc
                0x000000000800bd30      0x2a0 ../lib-ws28xxdmx/lib_gd32/libws28xxdmx.a(pixeldmxparams.o)
                0x000000000800bd30                PixelDmxParams::callbackFunction(char const*)
 .text._ZN14PixelDmxParams22staticCallbackFunctionEPvPKc
                0x000000000800bfd0        0x4 ../lib-ws28xxdmx/lib_gd32/libws28xxdmx.a(pixeldmxparams.o)
                0x000000000800bfd0                PixelDmxParams::staticCallbackFunction(void*, char const*)
 .text._ZN14PixelDmxParams7BuilderEPKN14pixeldmxparams6ParamsEPcjRj
                0x000000000800bfd4      0x2dc ../lib-ws28xxdmx/lib_gd32/libws28xxdmx.a(pixeldmxparams.o)
                0x000000000800bfd4                PixelDmxParams::Builder(pixeldmxparams::Params const*, char*, unsigned int, unsigned int&)
 .text._ZN14PixelDmxParams4SaveEPcjRj
                0x000000000800c2b0       0x1a ../lib-ws28xxdmx/lib_gd32/libws28xxdmx.a(pixeldmxparams.o)
                0x000000000800c2b0                PixelDmxParams::Save(char*, unsigned int, unsigned int&)
 .text._ZN14PixelDmxParams3SetEP21PixelDmxConfiguration
                0x000000000800c2ca       0x7a ../lib-ws28xxdmx/lib_gd32/libws28xxdmx.a(pixeldmxparams.o)
                0x000000000800c2ca                PixelDmxParams::Set(PixelDmxConfiguration*)
 .text._ZN14PixelDmxParams4DumpEv
                0x000000000800c344        0x2 ../lib-ws28xxdmx/lib_gd32/libws28xxdmx.a(pixeldmxparamsdump.o)
                0x000000000800c344                PixelDmxParams::Dump()
 .text._ZN18PixelConfiguration6GetTxHEN5pixel4TypeERhS2_
                0x000000000800c346       0x1a ../lib-ws28xx/lib_gd32/libws28xx.a(pixelconfiguration.o)
                0x000000000800c346                PixelConfiguration::GetTxH(pixel::Type, unsigned char&, unsigned char&)
 .text._ZN18PixelConfiguration8ValidateERj
                0x000000000800c360      0x12c ../lib-ws28xx/lib_gd32/libws28xx.a(pixelconfiguration.o)
                0x000000000800c360                PixelConfiguration::Validate(unsigned int&)
 .text._ZN18PixelConfiguration5PrintEv
                0x000000000800c48c       0xc8 ../lib-ws28xx/lib_gd32/libws28xx.a(pixelconfiguration.o)
                0x000000000800c48c                PixelConfiguration::Print()
 .text._ZN9PixelType7GetTypeEN5pixel4TypeE
                0x000000000800c554       0x18 ../lib-ws28xx/lib_gd32/libws28xx.a(pixeltype.o)
                0x000000000800c554                PixelType::GetType(pixel::Type)
 .text._ZN9PixelType7GetTypeEPKc
                0x000000000800c56c       0x48 ../lib-ws28xx/lib_gd32/libws28xx.a(pixeltype.o)
                0x000000000800c56c                PixelType::GetType(char const*)
 .text._ZN9PixelType6GetMapEPKc
                0x000000000800c5b4       0x50 ../lib-ws28xx/lib_gd32/libws28xx.a(pixeltype.o)
                0x000000000800c5b4                PixelType::GetMap(char const*)
 .text._ZN9PixelType6GetMapEN5pixel3MapE
                0x000000000800c604       0x18 ../lib-ws28xx/lib_gd32/libws28xx.a(pixeltype.o)
                0x000000000800c604                PixelType::GetMap(pixel::Map)
 .text._ZN9PixelType6GetMapEN5pixel4TypeE
                0x000000000800c61c       0x14 ../lib-ws28xx/lib_gd32/libws28xx.a(pixeltype.o)
                0x000000000800c61c                PixelType::GetMap(pixel::Type)
 .text._ZN9PixelType10ConvertTxHEh
                0x000000000800c630       0x5c ../lib-ws28xx/lib_gd32/libws28xx.a(pixeltype.o)
                0x000000000800c630                PixelType::ConvertTxH(unsigned char)
 .text._ZN9PixelType10ConvertTxHEf
                0x000000000800c68c       0x98 ../lib-ws28xx/lib_gd32/libws28xx.a(pixeltype.o)
                0x000000000800c68c                PixelType::ConvertTxH(float)
 .text._ZN13PixelPatterns14SetPixelColourEjjj.isra.0
                0x000000000800c724       0x4c ../lib-ws28xx/lib_gd32/libws28xx.a(pixelpatterns.o)
 .text._ZN13PixelPatterns5ClearEj.isra.0
                0x000000000800c770       0x20 ../lib-ws28xx/lib_gd32/libws28xx.a(pixelpatterns.o)
 .text._ZN13PixelPatternsC2Ej
                0x000000000800c790       0x40 ../lib-ws28xx/lib_gd32/libws28xx.a(pixelpatterns.o)
                0x000000000800c790                PixelPatterns::PixelPatterns(unsigned int)
                0x000000000800c790                PixelPatterns::PixelPatterns(unsigned int)
 .text._ZN13PixelPatterns12RainbowCycleEjjN13pixelpatterns9DirectionE
                0x000000000800c7d0       0x28 ../lib-ws28xx/lib_gd32/libws28xx.a(pixelpatterns.o)
                0x000000000800c7d0                PixelPatterns::RainbowCycle(unsigned int, unsigned int, pixelpatterns::Direction)
 .text._ZN13PixelPatterns12TheaterChaseEjjjjN13pixelpatterns9DirectionE
                0x000000000800c7f8       0x38 ../lib-ws28xx/lib_gd32/libws28xx.a(pixelpatterns.o)
                0x000000000800c7f8                PixelPatterns::TheaterChase(unsigned int, unsigned int, unsigned int, unsigned int, pixelpatterns::Direction)
 .text._ZN13PixelPatterns10ColourWipeEjjjN13pixelpatterns9DirectionE
                0x000000000800c830       0x34 ../lib-ws28xx/lib_gd32/libws28xx.a(pixelpatterns.o)
                0x000000000800c830                PixelPatterns::ColourWipe(unsigned int, unsigned int, unsigned int, pixelpatterns::Direction)
 .text._ZN13PixelPatterns7ScannerEjjj
                0x000000000800c864       0x64 ../lib-ws28xx/lib_gd32/libws28xx.a(pixelpatterns.o)
                0x000000000800c864                PixelPatterns::Scanner(unsigned int, unsigned int, unsigned int)
 .text._ZN13PixelPatterns4FadeEjjjjjN13pixelpatterns9DirectionE
                0x000000000800c8c8       0x30 ../lib-ws28xx/lib_gd32/libws28xx.a(pixelpatterns.o)
                0x000000000800c8c8                PixelPatterns::Fade(unsigned int, unsigned int, unsigned int, unsigned int, unsigned int, pixelpatterns::Direction)
 .text._ZN13PixelPatterns5WheelEh
                0x000000000800c8f8       0x4a ../lib-ws28xx/lib_gd32/libws28xx.a(pixelpatterns.o)
                0x000000000800c8f8                PixelPatterns::Wheel(unsigned char)
 *fill*         0x000000000800c942        0x2 
 .text._ZN13PixelPatterns9IncrementEj
                0x000000000800c944       0x3c ../lib-ws28xx/lib_gd32/libws28xx.a(pixelpatterns.o)
                0x000000000800c944                PixelPatterns::Increment(unsigned int)
 .text._ZN13PixelPatterns18RainbowCycleUpdateEj
                0x000000000800c980       0x54 ../lib-ws28xx/lib_gd32/libws28xx.a(pixelpatterns.o)
                0x000000000800c980                PixelPatterns::RainbowCycleUpdate(unsigned int)
 .text._ZN13PixelPatterns18TheaterChaseUpdateEj
                0x000000000800c9d4       0x60 ../lib-ws28xx/lib_gd32/libws28xx.a(pixelpatterns.o)
                0x000000000800c9d4                PixelPatterns::TheaterChaseUpdate(unsigned int)
 .text._ZN13PixelPatterns16ColourWipeUpdateEj
                0x000000000800ca34       0x24 ../lib-ws28xx/lib_gd32/libws28xx.a(pixelpatterns.o)
                0x000000000800ca34                PixelPatterns::ColourWipeUpdate(unsigned int)
 .text._ZN13PixelPatterns13ScannerUpdateEj
                0x000000000800ca58       0xb4 ../lib-ws28xx/lib_gd32/libws28xx.a(pixelpatterns.o)
                0x000000000800ca58                PixelPatterns::ScannerUpdate(unsigned int)
 .text._ZN13PixelPatterns10FadeUpdateEj
                0x000000000800cb0c       0x90 ../lib-ws28xx/lib_gd32/libws28xx.a(pixelpatterns.o)
                0x000000000800cb0c                PixelPatterns::FadeUpdate(unsigned int)
 .text._ZN13PixelPatterns10PortUpdateEjj
                0x000000000800cb9c       0x50 ../lib-ws28xx/lib_gd32/libws28xx.a(pixelpatterns.o)
                0x000000000800cb9c                PixelPatterns::PortUpdate(unsigned int, unsigned int)
 .text._ZN13PixelPatterns3RunEv
                0x000000000800cbec       0x50 ../lib-ws28xx/lib_gd32/libws28xx.a(pixelpatterns.o)
                0x000000000800cbec                PixelPatterns::Run()
 .text._ZN6WS28xx8SetPixelEjhhh
                0x000000000800cc3c      0x864 ../lib-ws28xx/lib_gd32/libws28xx.a(ws28xx.o)
                0x000000000800cc3c                WS28xx::SetPixel(unsigned int, unsigned char, unsigned char, unsigned char)
 .text._ZN6WS28xx8SetPixelEjhhhh
                0x000000000800d4a0      0x21c ../lib-ws28xx/lib_gd32/libws28xx.a(ws28xx.o)
                0x000000000800d4a0                WS28xx::SetPixel(unsigned int, unsigned char, unsigned char, unsigned char, unsigned char)
 .text._ZN6WS28xxD2Ev
                0x000000000800d6bc        0xc ../lib-ws28xx/lib_gd32/libws28xx.a(ws28xx.o)
                0x000000000800d6bc                WS28xx::~WS28xx()
                0x000000000800d6bc                WS28xx::~WS28xx()
 .text._ZN6WS28xx12SetupBuffersEv
                0x000000000800d6c8       0x30 ../lib-ws28xx/lib_gd32/libws28xx.a(ws28xx.o)
                0x000000000800d6c8                WS28xx::SetupBuffers()
 .text._ZN6WS28xxC2ER18PixelConfiguration
                0x000000000800d6f8       0x88 ../lib-ws28xx/lib_gd32/libws28xx.a(ws28xx.o)
                0x000000000800d6f8                WS28xx::WS28xx(PixelConfiguration&)
                0x000000000800d6f8                WS28xx::WS28xx(PixelConfiguration&)
 .text._ZN6WS28xx6UpdateEv
                0x000000000800d780       0x38 ../lib-ws28xx/lib_gd32/libws28xx.a(ws28xx.o)
                0x000000000800d780                WS28xx::Update()
 .text._ZN6WS28xx8BlackoutEv
                0x000000000800d7b8       0x8e ../lib-ws28xx/lib_gd32/libws28xx.a(ws28xx.o)
                0x000000000800d7b8                WS28xx::Blackout()
 .text._ZN6WS28xx6FullOnEv
                0x000000000800d846       0x94 ../lib-ws28xx/lib_gd32/libws28xx.a(ws28xx.o)
                0x000000000800d846                WS28xx::FullOn()
 *fill*         0x000000000800d8da        0x2 
 .text.net_timers_run
                0x000000000800d8dc       0x20 ../lib-network/lib_gd32/libnetwork.a(net_timers.o)
                0x000000000800d8dc                net_timers_run
 .text.rfc3927  0x000000000800d8fc       0x80 ../lib-network/lib_gd32/libnetwork.a(rfc3927.o)
                0x000000000800d8fc                rfc3927
 .text._init_tcb
                0x000000000800d97c       0x34 ../lib-network/lib_gd32/libnetwork.a(tcp.o)
 .text.memcpy.isra.0
                0x000000000800d9b0       0x14 ../lib-network/lib_gd32/libnetwork.a(tcp.o)
 .text._bswap32
                0x000000000800d9c4       0x4a ../lib-network/lib_gd32/libnetwork.a(tcp.o)
 *fill*         0x000000000800da0e        0x2 
 .text._tcp_send_package
                0x000000000800da10      0x14c ../lib-network/lib_gd32/libnetwork.a(tcp.o)
 .text._send_reset
                0x000000000800db5c       0x60 ../lib-network/lib_gd32/libnetwork.a(tcp.o)
 .text.tcp_begin
                0x000000000800dbbc       0x34 ../lib-network/lib_gd32/libnetwork.a(tcp.o)
                0x000000000800dbbc                tcp_begin
 .text.tcp_write
                0x000000000800dbf0       0x48 ../lib-network/lib_gd32/libnetwork.a(tcp.o)
                0x000000000800dbf0                tcp_write
 .text.tcp_read
                0x000000000800dc38       0x80 ../lib-network/lib_gd32/libnetwork.a(tcp.o)
                0x000000000800dc38                tcp_read
 .text.memcpy.isra.0
                0x000000000800dcb8       0x14 ../lib-network/lib_gd32/libnetwork.a(udp.o)
 .text.net_memcpy
                0x000000000800dccc       0x3c ../lib-network/lib_gd32/libnetwork.a(udp.o)
                0x000000000800dccc                net_memcpy
 .text.udp_set_ip
                0x000000000800dd08       0x40 ../lib-network/lib_gd32/libnetwork.a(udp.o)
                0x000000000800dd08                udp_set_ip
 .text.udp_bind
                0x000000000800dd48       0x34 ../lib-network/lib_gd32/libnetwork.a(udp.o)
                0x000000000800dd48                udp_bind
 .text.udp_unbind
                0x000000000800dd7c       0x40 ../lib-network/lib_gd32/libnetwork.a(udp.o)
                0x000000000800dd7c                udp_unbind
 .text.udp_recv
                0x000000000800ddbc       0x6c ../lib-network/lib_gd32/libnetwork.a(udp.o)
                0x000000000800ddbc                udp_recv
 .text.udp_recv2
                0x000000000800de28       0x4c ../lib-network/lib_gd32/libnetwork.a(udp.o)
                0x000000000800de28                udp_recv2
 .text.udp_send
                0x000000000800de74      0x160 ../lib-network/lib_gd32/libnetwork.a(udp.o)
                0x000000000800de74                udp_send
 .text.strlen   0x000000000800dfd4       0x10 ../lib-network/lib_gd32/libnetwork.a(mdns.o)
 .text.strcmp   0x000000000800dfe4       0x1a ../lib-network/lib_gd32/libnetwork.a(mdns.o)
 .text.strcpy.isra.0
                0x000000000800dffe       0x10 ../lib-network/lib_gd32/libnetwork.a(mdns.o)
 .text.strcat.isra.0
                0x000000000800e00e       0x16 ../lib-network/lib_gd32/libnetwork.a(mdns.o)
 .text._ZN4MDNSC2Ev
                0x000000000800e024       0x20 ../lib-network/lib_gd32/libnetwork.a(mdns.o)
                0x000000000800e024                MDNS::MDNS()
                0x000000000800e024                MDNS::MDNS()
 .text._ZN4MDNS7SetNameEPKc
                0x000000000800e044       0x38 ../lib-network/lib_gd32/libnetwork.a(mdns.o)
                0x000000000800e044                MDNS::SetName(char const*)
 .text._ZN4MDNS21DecodeDNSNameNotationEPKcPc
                0x000000000800e07c       0x84 ../lib-network/lib_gd32/libnetwork.a(mdns.o)
                0x000000000800e07c                MDNS::DecodeDNSNameNotation(char const*, char*)
 .text._ZNK4MDNS21FindFirstDotFromRightEPKc
                0x000000000800e100       0x1c ../lib-network/lib_gd32/libnetwork.a(mdns.o)
                0x000000000800e100                MDNS::FindFirstDotFromRight(char const*) const
 .text._ZN4MDNS12WriteDnsNameEPKcPcb
                0x000000000800e11c       0x32 ../lib-network/lib_gd32/libnetwork.a(mdns.o)
                0x000000000800e11c                MDNS::WriteDnsName(char const*, char*, bool)
 *fill*         0x000000000800e14e        0x2 
 .text._ZN4MDNS26CreateAnswerLocalIpAddressEv
                0x000000000800e150       0x54 ../lib-network/lib_gd32/libnetwork.a(mdns.o)
                0x000000000800e150                MDNS::CreateAnswerLocalIpAddress()
 .text._ZN4MDNS5StartEv
                0x000000000800e1a4       0x90 ../lib-network/lib_gd32/libnetwork.a(mdns.o)
                0x000000000800e1a4                MDNS::Start()
 .text._ZN4MDNS22CreateAnswerServiceSrvEjPh
                0x000000000800e234       0x88 ../lib-network/lib_gd32/libnetwork.a(mdns.o)
                0x000000000800e234                MDNS::CreateAnswerServiceSrv(unsigned int, unsigned char*)
 .text._ZN4MDNS22CreateAnswerServiceTxtEjPh
                0x000000000800e2bc       0x7c ../lib-network/lib_gd32/libnetwork.a(mdns.o)
                0x000000000800e2bc                MDNS::CreateAnswerServiceTxt(unsigned int, unsigned char*)
 .text._ZN4MDNS22CreateAnswerServicePtrEjPh
                0x000000000800e338       0x78 ../lib-network/lib_gd32/libnetwork.a(mdns.o)
                0x000000000800e338                MDNS::CreateAnswerServicePtr(unsigned int, unsigned char*)
 .text._ZN4MDNS24CreateAnswerServiceDnsSdEjPh
                0x000000000800e3b0       0x50 ../lib-network/lib_gd32/libnetwork.a(mdns.o)
                0x000000000800e3b0                MDNS::CreateAnswerServiceDnsSd(unsigned int, unsigned char*)
 .text._ZN4MDNS17CreateMDNSMessageEj
                0x000000000800e400       0x78 ../lib-network/lib_gd32/libnetwork.a(mdns.o)
                0x000000000800e400                MDNS::CreateMDNSMessage(unsigned int)
 .text._ZN4MDNS16AddServiceRecordEPKcS1_tN4mdns8ProtocolES1_
                0x000000000800e478      0x128 ../lib-network/lib_gd32/libnetwork.a(mdns.o)
                0x000000000800e478                MDNS::AddServiceRecord(char const*, char const*, unsigned short, mdns::Protocol, char const*)
 .text._ZN4MDNS13HandleRequestEt
                0x000000000800e5a0       0xf4 ../lib-network/lib_gd32/libnetwork.a(mdns.o)
                0x000000000800e5a0                MDNS::HandleRequest(unsigned short)
 .text._ZN4MDNS5ParseEv
                0x000000000800e694       0x28 ../lib-network/lib_gd32/libnetwork.a(mdns.o)
                0x000000000800e694                MDNS::Parse()
 .text._ZN4MDNS3RunEv
                0x000000000800e6bc       0x48 ../lib-network/lib_gd32/libnetwork.a(mdns.o)
                0x000000000800e6bc                MDNS::Run()
 .text._ZN4MDNS5PrintEv
                0x000000000800e704       0x7c ../lib-network/lib_gd32/libnetwork.a(mdns.o)
                0x000000000800e704                MDNS::Print()
 .text.strncpy.constprop.0.isra.0
                0x000000000800e780       0x20 ../lib-network/lib_gd32/libnetwork.a(network.o)
 .text._ZN7NetworkC2Ev
                0x000000000800e7a0       0x50 ../lib-network/lib_gd32/libnetwork.a(network.o)
                0x000000000800e7a0                Network::Network()
                0x000000000800e7a0                Network::Network()
 .text._ZN7Network8ShutdownEv
                0x000000000800e7f0        0xe ../lib-network/lib_gd32/libnetwork.a(network.o)
                0x000000000800e7f0                Network::Shutdown()
 .text._ZN7Network5BeginEt
                0x000000000800e7fe        0x6 ../lib-network/lib_gd32/libnetwork.a(network.o)
                0x000000000800e7fe                Network::Begin(unsigned short)
 .text._ZN7Network3EndEt
                0x000000000800e804        0x6 ../lib-network/lib_gd32/libnetwork.a(network.o)
                0x000000000800e804                Network::End(unsigned short)
 .text._ZN7Network16MacAddressCopyToEPh
                0x000000000800e80a       0x16 ../lib-network/lib_gd32/libnetwork.a(network.o)
                0x000000000800e80a                Network::MacAddressCopyTo(unsigned char*)
 .text._ZN7Network9JoinGroupEij
                0x000000000800e820        0x6 ../lib-network/lib_gd32/libnetwork.a(network.o)
                0x000000000800e820                Network::JoinGroup(int, unsigned int)
 .text._ZN7Network12SetDefaultIpEv
                0x000000000800e826       0x22 ../lib-network/lib_gd32/libnetwork.a(network.o)
                0x000000000800e826                Network::SetDefaultIp()
 .text._ZN7Network4InitEP18NetworkParamsStore
                0x000000000800e848      0x270 ../lib-network/lib_gd32/libnetwork.a(network.o)
                0x000000000800e848                Network::Init(NetworkParamsStore*)
 .text._ZN7Network5PrintEv
                0x000000000800eab8       0xf8 ../lib-network/lib_gd32/libnetwork.a(network.o)
                0x000000000800eab8                Network::Print()
 .text._ZN7Network8TcpBeginEt
                0x000000000800ebb0        0x6 ../lib-network/lib_gd32/libnetwork.a(networktcp.o)
                0x000000000800ebb0                Network::TcpBegin(unsigned short)
 .text._ZN7Network7TcpReadEiPPKh
                0x000000000800ebb6        0x8 ../lib-network/lib_gd32/libnetwork.a(networktcp.o)
                0x000000000800ebb6                Network::TcpRead(int, unsigned char const**)
 .text._ZN7Network8TcpWriteEiPKht
                0x000000000800ebbe        0xa ../lib-network/lib_gd32/libnetwork.a(networktcp.o)
                0x000000000800ebbe                Network::TcpWrite(int, unsigned char const*, unsigned short)
 .text._ZN13NetworkParamsC2EP18NetworkParamsStore
                0x000000000800ebc8       0x18 ../lib-network/lib_gd32/libnetwork.a(networkparams.o)
                0x000000000800ebc8                NetworkParams::NetworkParams(NetworkParamsStore*)
                0x000000000800ebc8                NetworkParams::NetworkParams(NetworkParamsStore*)
 .text._ZN13NetworkParams4LoadEv
                0x000000000800ebe0       0x18 ../lib-network/lib_gd32/libnetwork.a(networkparams.o)
                0x000000000800ebe0                NetworkParams::Load()
 .text._ZN13NetworkParams4LoadEPKcj
                0x000000000800ebf8       0x40 ../lib-network/lib_gd32/libnetwork.a(networkparams.o)
                0x000000000800ebf8                NetworkParams::Load(char const*, unsigned int)
 .text._ZN13NetworkParams16callbackFunctionEPKc
                0x000000000800ec38      0x12c ../lib-network/lib_gd32/libnetwork.a(networkparams.o)
                0x000000000800ec38                NetworkParams::callbackFunction(char const*)
 .text._ZN13NetworkParams22staticCallbackFunctionEPvPKc
                0x000000000800ed64        0x4 ../lib-network/lib_gd32/libnetwork.a(networkparams.o)
                0x000000000800ed64                NetworkParams::staticCallbackFunction(void*, char const*)
 .text._ZN13NetworkParams7BuilderEPKN13networkparams6ParamsEPcjRj
                0x000000000800ed68      0x218 ../lib-network/lib_gd32/libnetwork.a(networkparams.o)
                0x000000000800ed68                NetworkParams::Builder(networkparams::Params const*, char*, unsigned int, unsigned int&)
 .text._ZN13NetworkParams4SaveEPcjRj
                0x000000000800ef80       0x1a ../lib-network/lib_gd32/libnetwork.a(networkparams.o)
                0x000000000800ef80                NetworkParams::Save(char*, unsigned int, unsigned int&)
 .text._ZN13NetworkParams4DumpEv
                0x000000000800ef9a        0x2 ../lib-network/lib_gd32/libnetwork.a(networkparamsdump.o)
                0x000000000800ef9a                NetworkParams::Dump()
 .text.memcpy.isra.0
                0x000000000800ef9c       0x14 ../lib-network/lib_gd32/libnetwork.a(arp.o)
 .text.arp_announce
                0x000000000800efb0       0x14 ../lib-network/lib_gd32/libnetwork.a(arp.o)
                0x000000000800efb0                arp_announce
 .text.arp_handle_request
                0x000000000800efc4       0x50 ../lib-network/lib_gd32/libnetwork.a(arp.o)
                0x000000000800efc4                arp_handle_request
 .text.arp_handle_reply
                0x000000000800f014        0x8 ../lib-network/lib_gd32/libnetwork.a(arp.o)
                0x000000000800f014                arp_handle_reply
 .text.arp_send_request
                0x000000000800f01c       0x14 ../lib-network/lib_gd32/libnetwork.a(arp.o)
                0x000000000800f01c                arp_send_request
 .text.arp_cache_update
                0x000000000800f030       0x50 ../lib-network/lib_gd32/libnetwork.a(arp_cache.o)
                0x000000000800f030                arp_cache_update
 .text.arp_cache_lookup
                0x000000000800f080       0x9c ../lib-network/lib_gd32/libnetwork.a(arp_cache.o)
                0x000000000800f080                arp_cache_lookup
 .text._parse_response
                0x000000000800f11c      0x168 ../lib-network/lib_gd32/libnetwork.a(dhcp.o)
 .text.memcpy.isra.0
                0x000000000800f284       0x14 ../lib-network/lib_gd32/libnetwork.a(dhcp.o)
 .text.dhcp_client
                0x000000000800f298      0x210 ../lib-network/lib_gd32/libnetwork.a(dhcp.o)
                0x000000000800f298                dhcp_client
 .text.dhcp_client_release
                0x000000000800f4a8       0x5c ../lib-network/lib_gd32/libnetwork.a(dhcp.o)
                0x000000000800f4a8                dhcp_client_release
 .text.memcpy.isra.0
                0x000000000800f504       0x14 ../lib-network/lib_gd32/libnetwork.a(igmp.o)
 .text._send_report
                0x000000000800f518       0x80 ../lib-network/lib_gd32/libnetwork.a(igmp.o)
 .text.igmp_set_ip
                0x000000000800f598       0x2c ../lib-network/lib_gd32/libnetwork.a(igmp.o)
                0x000000000800f598                igmp_set_ip
 .text.igmp_timer
                0x000000000800f5c4       0x34 ../lib-network/lib_gd32/libnetwork.a(igmp.o)
                0x000000000800f5c4                igmp_timer
 .text.igmp_join
                0x000000000800f5f8       0x58 ../lib-network/lib_gd32/libnetwork.a(igmp.o)
                0x000000000800f5f8                igmp_join
 .text.igmp_leave
                0x000000000800f650       0x88 ../lib-network/lib_gd32/libnetwork.a(igmp.o)
                0x000000000800f650                igmp_leave
 .text.ip_set_ip
                0x000000000800f6d8       0x12 ../lib-network/lib_gd32/libnetwork.a(ip.o)
                0x000000000800f6d8                ip_set_ip
 .text.net_chksum
                0x000000000800f6ea       0x32 ../lib-network/lib_gd32/libnetwork.a(net_chksum.o)
                0x000000000800f6ea                net_chksum
 .text._ZN3net18link_register_readEv
                0x000000000800f71c       0x22 ../lib-network/lib_gd32/libnetwork.a(net_link_check.o)
                0x000000000800f71c                net::link_register_read()
 .text.memcpy.isra.0
                0x000000000800f73e       0x14 ../lib-network/lib_gd32/libnetwork.a(icmp.o)
 *fill*         0x000000000800f752        0x2 
 .text._ZN11ConfigStore14GetStoreOffsetEN11configstore5StoreE
                0x000000000800f754       0x1c ../lib-configstore/lib_gd32/libconfigstore.a(configstore.o)
                0x000000000800f754                ConfigStore::GetStoreOffset(configstore::Store)
 .text._ZN11ConfigStore4InitEv
                0x000000000800f770      0x124 ../lib-configstore/lib_gd32/libconfigstore.a(configstore.o)
                0x000000000800f770                ConfigStore::Init()
 .text._ZN11ConfigStoreC2Ev
                0x000000000800f894       0x48 ../lib-configstore/lib_gd32/libconfigstore.a(configstore.o)
                0x000000000800f894                ConfigStore::ConfigStore()
                0x000000000800f894                ConfigStore::ConfigStore()
 .text._ZN11ConfigStore12ResetSetListEN11configstore5StoreE
                0x000000000800f8dc       0x24 ../lib-configstore/lib_gd32/libconfigstore.a(configstore.o)
                0x000000000800f8dc                ConfigStore::ResetSetList(configstore::Store)
 .text._ZN11ConfigStore6UpdateEN11configstore5StoreEjPKvjjj
                0x000000000800f900       0x80 ../lib-configstore/lib_gd32/libconfigstore.a(configstore.o)
                0x000000000800f900                ConfigStore::Update(configstore::Store, unsigned int, void const*, unsigned int, unsigned int, unsigned int)
 .text._ZN11ConfigStore4CopyEN11configstore5StoreEPvjjb
                0x000000000800f980       0x64 ../lib-configstore/lib_gd32/libconfigstore.a(configstore.o)
                0x000000000800f980                ConfigStore::Copy(configstore::Store, void*, unsigned int, unsigned int, bool)
 .text._ZN11ConfigStore5FlashEv
                0x000000000800f9e4       0xac ../lib-configstore/lib_gd32/libconfigstore.a(configstore.o)
                0x000000000800f9e4                ConfigStore::Flash()
 .text._ZN12StoreNetworkD2Ev
                0x000000000800fa90        0x6 ../lib-configstore/lib_gd32/libconfigstore.a(storenetwork.o)
                0x000000000800fa90                StoreNetwork::~StoreNetwork()
                0x000000000800fa90                StoreNetwork::~StoreNetwork()
                0x000000000800fa92                non-virtual thunk to StoreNetwork::~StoreNetwork()
 *fill*         0x000000000800fa96        0x2 
 .text._ZN12StoreNetwork6UpdateEPKN13networkparams6ParamsE
                0x000000000800fa98       0x24 ../lib-configstore/lib_gd32/libconfigstore.a(storenetwork.o)
                0x000000000800fa98                StoreNetwork::Update(networkparams::Params const*)
 .text._ZN12StoreNetwork8SaveDhcpEb
                0x000000000800fabc       0x30 ../lib-configstore/lib_gd32/libconfigstore.a(storenetwork.o)
                0x000000000800fabc                StoreNetwork::SaveDhcp(bool)
                0x000000000800fae4                non-virtual thunk to StoreNetwork::SaveDhcp(bool)
 .text._ZN12StoreNetwork13SaveGatewayIpEj
                0x000000000800faec       0x30 ../lib-configstore/lib_gd32/libconfigstore.a(storenetwork.o)
                0x000000000800faec                StoreNetwork::SaveGatewayIp(unsigned int)
                0x000000000800fb14                non-virtual thunk to StoreNetwork::SaveGatewayIp(unsigned int)
 .text._ZN12StoreNetwork11SaveNetMaskEj
                0x000000000800fb1c       0x2c ../lib-configstore/lib_gd32/libconfigstore.a(storenetwork.o)
                0x000000000800fb1c                StoreNetwork::SaveNetMask(unsigned int)
                0x000000000800fb40                non-virtual thunk to StoreNetwork::SaveNetMask(unsigned int)
 .text._ZN12StoreNetwork6SaveIpEj
                0x000000000800fb48       0x2c ../lib-configstore/lib_gd32/libconfigstore.a(storenetwork.o)
                0x000000000800fb48                StoreNetwork::SaveIp(unsigned int)
                0x000000000800fb6c                non-virtual thunk to StoreNetwork::SaveIp(unsigned int)
 .text._ZN12StoreNetwork12SaveHostNameEPKcj
                0x000000000800fb74       0x30 ../lib-configstore/lib_gd32/libconfigstore.a(storenetwork.o)
                0x000000000800fb74                StoreNetwork::SaveHostName(char const*, unsigned int)
                0x000000000800fb9c                non-virtual thunk to StoreNetwork::SaveHostName(char const*, unsigned int)
 .text._ZN12StoreNetworkD0Ev
                0x000000000800fba4       0x12 ../lib-configstore/lib_gd32/libconfigstore.a(storenetwork.o)
                0x000000000800fba4                StoreNetwork::~StoreNetwork()
                0x000000000800fbb0                non-virtual thunk to StoreNetwork::~StoreNetwork()
 *fill*         0x000000000800fbb6        0x2 
 .text._ZN12StoreNetwork4CopyEPN13networkparams6ParamsE
                0x000000000800fbb8       0x20 ../lib-configstore/lib_gd32/libconfigstore.a(storenetwork.o)
                0x000000000800fbb8                StoreNetwork::Copy(networkparams::Params*)
 .text._ZN12StoreNetworkC2Ev
                0x000000000800fbd8       0x18 ../lib-configstore/lib_gd32/libconfigstore.a(storenetwork.o)
                0x000000000800fbd8                StoreNetwork::StoreNetwork()
                0x000000000800fbd8                StoreNetwork::StoreNetwork()
 .text._ZN14StoreOscServerD2Ev
                0x000000000800fbf0        0x2 ../lib-configstore/lib_gd32/libconfigstore.a(storeoscserver.o)
                0x000000000800fbf0                StoreOscServer::~StoreOscServer()
                0x000000000800fbf0                StoreOscServer::~StoreOscServer()
 *fill*         0x000000000800fbf2        0x2 
 .text._ZN14StoreOscServer4CopyEPN3osc6server6ParamsE
                0x000000000800fbf4       0x24 ../lib-configstore/lib_gd32/libconfigstore.a(storeoscserver.o)
                0x000000000800fbf4                StoreOscServer::Copy(osc::server::Params*)
 .text._ZN14StoreOscServer6UpdateEPKN3osc6server6ParamsE
                0x000000000800fc18       0x24 ../lib-configstore/lib_gd32/libconfigstore.a(storeoscserver.o)
                0x000000000800fc18                StoreOscServer::Update(osc::server::Params const*)
 .text._ZN14StoreOscServerD0Ev
                0x000000000800fc3c        0xc ../lib-configstore/lib_gd32/libconfigstore.a(storeoscserver.o)
                0x000000000800fc3c                StoreOscServer::~StoreOscServer()
 .text._ZN14StoreOscServerC2Ev
                0x000000000800fc48       0x14 ../lib-configstore/lib_gd32/libconfigstore.a(storeoscserver.o)
                0x000000000800fc48                StoreOscServer::StoreOscServer()
                0x000000000800fc48                StoreOscServer::StoreOscServer()
 .text._ZN17StoreRemoteConfigD2Ev
                0x000000000800fc5c        0x2 ../lib-configstore/lib_gd32/libconfigstore.a(storeremoteconfig.o)
                0x000000000800fc5c                StoreRemoteConfig::~StoreRemoteConfig()
                0x000000000800fc5c                StoreRemoteConfig::~StoreRemoteConfig()
 *fill*         0x000000000800fc5e        0x2 
 .text._ZN17StoreRemoteConfig4CopyEP19TRemoteConfigParams
                0x000000000800fc60       0x24 ../lib-configstore/lib_gd32/libconfigstore.a(storeremoteconfig.o)
                0x000000000800fc60                StoreRemoteConfig::Copy(TRemoteConfigParams*)
 .text._ZN17StoreRemoteConfig6UpdateEPK19TRemoteConfigParams
                0x000000000800fc84       0x24 ../lib-configstore/lib_gd32/libconfigstore.a(storeremoteconfig.o)
                0x000000000800fc84                StoreRemoteConfig::Update(TRemoteConfigParams const*)
 .text._ZN17StoreRemoteConfigD0Ev
                0x000000000800fca8        0xc ../lib-configstore/lib_gd32/libconfigstore.a(storeremoteconfig.o)
                0x000000000800fca8                StoreRemoteConfig::~StoreRemoteConfig()
 .text._ZN17StoreRemoteConfigC2Ev
                0x000000000800fcb4       0x14 ../lib-configstore/lib_gd32/libconfigstore.a(storeremoteconfig.o)
                0x000000000800fcb4                StoreRemoteConfig::StoreRemoteConfig()
                0x000000000800fcb4                StoreRemoteConfig::StoreRemoteConfig()
 .text._ZN11StoreDeviceC2Ev
                0x000000000800fcc8       0x10 ../lib-configstore/lib_gd32/libconfigstore.a(storedevice.o)
                0x000000000800fcc8                StoreDevice::StoreDevice()
                0x000000000800fcc8                StoreDevice::StoreDevice()
 .text._ZNK11StoreDevice7GetSizeEv
                0x000000000800fcd8        0x4 ../lib-configstore/lib_gd32/libconfigstore.a(storedevice.o)
                0x000000000800fcd8                StoreDevice::GetSize() const
 .text._ZNK11StoreDevice13GetSectorSizeEv
                0x000000000800fcdc        0x4 ../lib-configstore/lib_gd32/libconfigstore.a(storedevice.o)
                0x000000000800fcdc                StoreDevice::GetSectorSize() const
 .text._ZN11StoreDevice4ReadEjjPhRN11storedevice6resultE
                0x000000000800fce0       0x14 ../lib-configstore/lib_gd32/libconfigstore.a(storedevice.o)
                0x000000000800fce0                StoreDevice::Read(unsigned int, unsigned int, unsigned char*, storedevice::result&)
 .text._ZN11StoreDevice5EraseEjjRN11storedevice6resultE
                0x000000000800fcf4       0x12 ../lib-configstore/lib_gd32/libconfigstore.a(storedevice.o)
                0x000000000800fcf4                StoreDevice::Erase(unsigned int, unsigned int, storedevice::result&)
 .text._ZN11StoreDevice5WriteEjjPKhRN11storedevice6resultE
                0x000000000800fd06       0x14 ../lib-configstore/lib_gd32/libconfigstore.a(storedevice.o)
                0x000000000800fd06                StoreDevice::Write(unsigned int, unsigned int, unsigned char const*, storedevice::result&)
 .text._ZN13StorePixelDmxD2Ev
                0x000000000800fd1a        0x6 ../lib-configstore/lib_gd32/libconfigstore.a(storepixeldmx.o)
                0x000000000800fd1a                StorePixelDmx::~StorePixelDmx()
                0x000000000800fd1a                StorePixelDmx::~StorePixelDmx()
                0x000000000800fd1c                non-virtual thunk to StorePixelDmx::~StorePixelDmx()
 .text._ZN13StorePixelDmx6UpdateEPKN14pixeldmxparams6ParamsE
                0x000000000800fd20       0x24 ../lib-configstore/lib_gd32/libconfigstore.a(storepixeldmx.o)
                0x000000000800fd20                StorePixelDmx::Update(pixeldmxparams::Params const*)
 .text._ZN13StorePixelDmx19SaveDmxStartAddressEt
                0x000000000800fd44       0x34 ../lib-configstore/lib_gd32/libconfigstore.a(storepixeldmx.o)
                0x000000000800fd44                StorePixelDmx::SaveDmxStartAddress(unsigned short)
                0x000000000800fd70                non-virtual thunk to StorePixelDmx::SaveDmxStartAddress(unsigned short)
 .text._ZN13StorePixelDmx15SaveTestPatternEh
                0x000000000800fd78       0x34 ../lib-configstore/lib_gd32/libconfigstore.a(storepixeldmx.o)
                0x000000000800fd78                StorePixelDmx::SaveTestPattern(unsigned char)
                0x000000000800fda4                non-virtual thunk to StorePixelDmx::SaveTestPattern(unsigned char)
 .text._ZN13StorePixelDmx7SaveMapEh
                0x000000000800fdac       0x38 ../lib-configstore/lib_gd32/libconfigstore.a(storepixeldmx.o)
                0x000000000800fdac                StorePixelDmx::SaveMap(unsigned char)
                0x000000000800fddc                non-virtual thunk to StorePixelDmx::SaveMap(unsigned char)
 .text._ZN13StorePixelDmx17SaveGroupingCountEt
                0x000000000800fde4       0x38 ../lib-configstore/lib_gd32/libconfigstore.a(storepixeldmx.o)
                0x000000000800fde4                StorePixelDmx::SaveGroupingCount(unsigned short)
                0x000000000800fe14                non-virtual thunk to StorePixelDmx::SaveGroupingCount(unsigned short)
 .text._ZN13StorePixelDmx9SaveCountEt
                0x000000000800fe1c       0x34 ../lib-configstore/lib_gd32/libconfigstore.a(storepixeldmx.o)
                0x000000000800fe1c                StorePixelDmx::SaveCount(unsigned short)
                0x000000000800fe48                non-virtual thunk to StorePixelDmx::SaveCount(unsigned short)
 .text._ZN13StorePixelDmx8SaveTypeEh
                0x000000000800fe50       0x34 ../lib-configstore/lib_gd32/libconfigstore.a(storepixeldmx.o)
                0x000000000800fe50                StorePixelDmx::SaveType(unsigned char)
                0x000000000800fe7c                non-virtual thunk to StorePixelDmx::SaveType(unsigned char)
 .text._ZN13StorePixelDmxD0Ev
                0x000000000800fe84       0x12 ../lib-configstore/lib_gd32/libconfigstore.a(storepixeldmx.o)
                0x000000000800fe84                StorePixelDmx::~StorePixelDmx()
                0x000000000800fe90                non-virtual thunk to StorePixelDmx::~StorePixelDmx()
 *fill*         0x000000000800fe96        0x2 
 .text._ZN13StorePixelDmx4CopyEPN14pixeldmxparams6ParamsE
                0x000000000800fe98       0x24 ../lib-configstore/lib_gd32/libconfigstore.a(storepixeldmx.o)
                0x000000000800fe98                StorePixelDmx::Copy(pixeldmxparams::Params*)
 .text._ZN13StorePixelDmxC2Ev
                0x000000000800febc       0x18 ../lib-configstore/lib_gd32/libconfigstore.a(storepixeldmx.o)
                0x000000000800febc                StorePixelDmx::StorePixelDmx()
                0x000000000800febc                StorePixelDmx::StorePixelDmx()
 .text._ZN9FlashCodeC2Ev
                0x000000000800fed4       0x34 ../lib-flashcode/lib_gd32/libflashcode.a(flashcode.o)
                0x000000000800fed4                FlashCode::FlashCode()
                0x000000000800fed4                FlashCode::FlashCode()
 .text._ZNK9FlashCode7GetSizeEv
                0x000000000800ff08       0x10 ../lib-flashcode/lib_gd32/libflashcode.a(flashcode.o)
                0x000000000800ff08                FlashCode::GetSize() const
 .text._ZNK9FlashCode13GetSectorSizeEv
                0x000000000800ff18        0x6 ../lib-flashcode/lib_gd32/libflashcode.a(flashcode.o)
                0x000000000800ff18                FlashCode::GetSectorSize() const
 .text._ZN9FlashCode4ReadEjjPhRN9flashcode6resultE
                0x000000000800ff1e       0x1e ../lib-flashcode/lib_gd32/libflashcode.a(flashcode.o)
                0x000000000800ff1e                FlashCode::Read(unsigned int, unsigned int, unsigned char*, flashcode::result&)
 .text._ZN9FlashCode5EraseEjjRN9flashcode6resultE
                0x000000000800ff3c      0x140 ../lib-flashcode/lib_gd32/libflashcode.a(flashcode.o)
                0x000000000800ff3c                FlashCode::Erase(unsigned int, unsigned int, flashcode::result&)
 .text._ZN9FlashCode5WriteEjjPKhRN9flashcode6resultE
                0x000000000801007c      0x14c ../lib-flashcode/lib_gd32/libflashcode.a(flashcode.o)
                0x000000000801007c                FlashCode::Write(unsigned int, unsigned int, unsigned char const*, flashcode::result&)
 .text._ZN10properties17convert_json_fileEPctb
                0x00000000080101c8      0x162 ../lib-properties/lib_gd32/libproperties.a(properties.o)
                0x00000000080101c8                properties::convert_json_file(char*, unsigned short, bool)
 *fill*         0x000000000801032a        0x2 
 .text._ZN17PropertiesBuilderC2EPKcPcj
                0x000000000801032c       0x84 ../lib-properties/lib_gd32/libproperties.a(propertiesbuilder.o)
                0x000000000801032c                PropertiesBuilder::PropertiesBuilder(char const*, char*, unsigned int)
                0x000000000801032c                PropertiesBuilder::PropertiesBuilder(char const*, char*, unsigned int)
 .text._ZN17PropertiesBuilder12AddIpAddressEPKcjb
                0x00000000080103b0       0x88 ../lib-properties/lib_gd32/libproperties.a(propertiesbuilder.o)
                0x00000000080103b0                PropertiesBuilder::AddIpAddress(char const*, unsigned int, bool)
 .text._ZN17PropertiesBuilder10AddCommentEPKc
                0x0000000008010438       0x34 ../lib-properties/lib_gd32/libproperties.a(propertiesbuilder.o)
                0x0000000008010438                PropertiesBuilder::AddComment(char const*)
 .text._ZN14ReadConfigFileC2EPFvPvPKcES0_
                0x000000000801046c        0x6 ../lib-properties/lib_gd32/libproperties.a(readconfigfile.o)
                0x000000000801046c                ReadConfigFile::ReadConfigFile(void (*)(void*, char const*), void*)
                0x000000000801046c                ReadConfigFile::ReadConfigFile(void (*)(void*, char const*), void*)
 .text._ZN14ReadConfigFileD2Ev
                0x0000000008010472        0x2 ../lib-properties/lib_gd32/libproperties.a(readconfigfile.o)
                0x0000000008010472                ReadConfigFile::~ReadConfigFile()
                0x0000000008010472                ReadConfigFile::~ReadConfigFile()
 .text._ZN14ReadConfigFile4ReadEPKcj
                0x0000000008010474       0x68 ../lib-properties/lib_gd32/libproperties.a(readconfigfile.o)
                0x0000000008010474                ReadConfigFile::Read(char const*, unsigned int)
 .text._ZN5Sscan4CharEPKcS1_PcRj
                0x00000000080104dc       0x32 ../lib-properties/lib_gd32/libproperties.a(sscanchar.o)
                0x00000000080104dc                Sscan::Char(char const*, char const*, char*, unsigned int&)
 .text._ZN5Sscan5FloatEPKcS1_Rf
                0x000000000801050e       0xc6 ../lib-properties/lib_gd32/libproperties.a(sscanfloat.o)
                0x000000000801050e                Sscan::Float(char const*, char const*, float&)
 .text._ZN5Sscan9IpAddressEPKcS1_Rj
                0x00000000080105d4       0x82 ../lib-properties/lib_gd32/libproperties.a(sscanipaddress.o)
                0x00000000080105d4                Sscan::IpAddress(char const*, char const*, unsigned int&)
 .text._ZN5Sscan6Uint16EPKcS1_Rt
                0x0000000008010656       0x3c ../lib-properties/lib_gd32/libproperties.a(sscanuint16.o)
                0x0000000008010656                Sscan::Uint16(char const*, char const*, unsigned short&)
 .text._ZN5Sscan6Uint32EPKcS1_Rj
                0x0000000008010692       0x52 ../lib-properties/lib_gd32/libproperties.a(sscanuint32.o)
                0x0000000008010692                Sscan::Uint32(char const*, char const*, unsigned int&)
 .text._ZN5Sscan5Uint8EPKcS1_Rh
                0x00000000080106e4       0x3a ../lib-properties/lib_gd32/libproperties.a(sscanuint8.o)
                0x00000000080106e4                Sscan::Uint8(char const*, char const*, unsigned char&)
 .text._ZN5Sscan9checkNameEPKcS1_
                0x000000000801071e       0x2c ../lib-properties/lib_gd32/libproperties.a(sscan.o)
                0x000000000801071e                Sscan::checkName(char const*, char const*)
 .text._ZN7display7timeout9gpio_initEv
                0x000000000801074a        0x2 ../lib-display/lib_gd32/libdisplay.a(display_timeout.o)
                0x000000000801074a                display::timeout::gpio_init()
 .text._ZN7display7timeout10gpio_renewEv
                0x000000000801074c        0x4 ../lib-display/lib_gd32/libdisplay.a(display_timeout.o)
                0x000000000801074c                display::timeout::gpio_renew()
 .text._ZN7Display9PrintInfoEv.isra.0
                0x0000000008010750       0x14 ../lib-display/lib_gd32/libdisplay.a(display.o)
 .text._ZN7HAL_I2C13WriteRegisterEht
                0x0000000008010764       0x2a ../lib-display/lib_gd32/libdisplay.a(display.o)
                0x0000000008010764                HAL_I2C::WriteRegister(unsigned char, unsigned short)
 .text._ZN7HAL_I2C12IsConnected_Ehj
                0x000000000801078e       0x3c ../lib-display/lib_gd32/libdisplay.a(display.o)
                0x000000000801078e                HAL_I2C::IsConnected_(unsigned char, unsigned int)
 .text._ZN7Display14Detect7SegmentEv
                0x00000000080107ca       0x30 ../lib-display/lib_gd32/libdisplay.a(display.o)
                0x00000000080107ca                Display::Detect7Segment()
 .text._ZN7Display6DetectEN7display4TypeE
                0x00000000080107fa       0x56 ../lib-display/lib_gd32/libdisplay.a(display.o)